Archive member included to satisfy reference by file (symbol)

/usr/lib/gcc/avr/5.4.0/avr5/libgcc.a(_divmodhi4.o)
                              .build/obj_kinesis_nguyenvietyen_kinesismod/quantum/mousekey.o (__divmodhi4)
/usr/lib/gcc/avr/5.4.0/avr5/libgcc.a(_udivmodsi4.o)
                              .build/obj_kinesis_nguyenvietyen_kinesismod/quantum/quantum.o (__udivmodsi4)
/usr/lib/gcc/avr/5.4.0/avr5/libgcc.a(_exit.o)
                              /usr/lib/gcc/avr/5.4.0/../../../avr/lib/avr5/crtatmega32u4.o (exit)
/usr/lib/gcc/avr/5.4.0/avr5/libgcc.a(_tablejump2.o)
                              .build/obj_kinesis_nguyenvietyen_kinesismod/quantum/action.o (__tablejump2__)
/usr/lib/gcc/avr/5.4.0/avr5/libgcc.a(_copy_data.o)
                              .build/obj_kinesis_nguyenvietyen_kinesismod/quantum/quantum.o (__do_copy_data)
/usr/lib/gcc/avr/5.4.0/avr5/libgcc.a(_clear_bss.o)
                              .build/obj_kinesis_nguyenvietyen_kinesismod/quantum/quantum.o (__do_clear_bss)
/usr/lib/gcc/avr/5.4.0/avr5/libgcc.a(_prologue.o)
                              .build/obj_kinesis_nguyenvietyen_kinesismod/quantum/quantum.o (__prologue_saves__)
/usr/lib/gcc/avr/5.4.0/avr5/libgcc.a(_epilogue.o)
                              .build/obj_kinesis_nguyenvietyen_kinesismod/quantum/quantum.o (__epilogue_restores__)
/usr/lib/gcc/avr/5.4.0/avr5/libgcc.a(_udivmodhi4.o)
                              /usr/lib/gcc/avr/5.4.0/avr5/libgcc.a(_divmodhi4.o) (__udivmodhi4)
/usr/lib/gcc/avr/5.4.0/../../../avr/lib/avr5/libc.a(memcmp.o)
                              .build/obj_kinesis_nguyenvietyen_kinesismod/quantum/action_util.o (memcmp)
/usr/lib/gcc/avr/5.4.0/../../../avr/lib/avr5/libc.a(memcpy.o)
                              .build/obj_kinesis_nguyenvietyen_kinesismod/quantum/debounce/sym_defer_g.o (memcpy)
/usr/lib/gcc/avr/5.4.0/../../../avr/lib/avr5/libatmega32u4.a(eerd_byte.o)
                              .build/obj_kinesis_nguyenvietyen_kinesismod/quantum/eeconfig.o (eeprom_read_byte)
/usr/lib/gcc/avr/5.4.0/../../../avr/lib/avr5/libatmega32u4.a(eerd_dword.o)
                              .build/obj_kinesis_nguyenvietyen_kinesismod/quantum/eeconfig.o (eeprom_read_dword)
/usr/lib/gcc/avr/5.4.0/../../../avr/lib/avr5/libatmega32u4.a(eerd_word.o)
                              .build/obj_kinesis_nguyenvietyen_kinesismod/quantum/eeconfig.o (eeprom_read_word)
/usr/lib/gcc/avr/5.4.0/../../../avr/lib/avr5/libatmega32u4.a(eeupd_block.o)
                              .build/obj_kinesis_nguyenvietyen_kinesismod/quantum/eeconfig.o (eeprom_update_block)
/usr/lib/gcc/avr/5.4.0/../../../avr/lib/avr5/libatmega32u4.a(eeupd_byte.o)
                              .build/obj_kinesis_nguyenvietyen_kinesismod/quantum/eeconfig.o (eeprom_update_byte)
/usr/lib/gcc/avr/5.4.0/../../../avr/lib/avr5/libatmega32u4.a(eeupd_dword.o)
                              .build/obj_kinesis_nguyenvietyen_kinesismod/quantum/eeconfig.o (eeprom_update_dword)
/usr/lib/gcc/avr/5.4.0/../../../avr/lib/avr5/libatmega32u4.a(eeupd_word.o)
                              .build/obj_kinesis_nguyenvietyen_kinesismod/quantum/eeconfig.o (eeprom_update_word)
/usr/lib/gcc/avr/5.4.0/../../../avr/lib/avr5/libatmega32u4.a(eerd_block.o)
                              /usr/lib/gcc/avr/5.4.0/../../../avr/lib/avr5/libatmega32u4.a(eerd_dword.o) (eeprom_read_blraw)

Allocating common symbols
Common symbol       size              file

USB_IsInitialized   0x1               .build/obj_kinesis_nguyenvietyen_kinesismod/lib/lufa/LUFA/Drivers/USB/Core/USBTask.o
keymap_config       0x2               .build/obj_kinesis_nguyenvietyen_kinesismod/quantum/keycode_config.o
USB_DeviceState     0x1               .build/obj_kinesis_nguyenvietyen_kinesismod/lib/lufa/LUFA/Drivers/USB/Core/USBTask.o
USB_Device_ConfigurationNumber
                    0x1               .build/obj_kinesis_nguyenvietyen_kinesismod/lib/lufa/LUFA/Drivers/USB/Core/DeviceStandardReq.o
raw_matrix          0x10              .build/obj_kinesis_nguyenvietyen_kinesismod/quantum/matrix_common.o
USB_Device_CurrentlySelfPowered
                    0x1               .build/obj_kinesis_nguyenvietyen_kinesismod/lib/lufa/LUFA/Drivers/USB/Core/DeviceStandardReq.o
matrix              0x10              .build/obj_kinesis_nguyenvietyen_kinesismod/quantum/matrix_common.o
USB_ControlRequest  0x8               .build/obj_kinesis_nguyenvietyen_kinesismod/lib/lufa/LUFA/Drivers/USB/Core/USBTask.o
tp_buttons          0x2               .build/obj_kinesis_nguyenvietyen_kinesismod/quantum/action.o
USB_Device_RemoteWakeupEnabled
                    0x1               .build/obj_kinesis_nguyenvietyen_kinesismod/lib/lufa/LUFA/Drivers/USB/Core/DeviceStandardReq.o
timer_count         0x4               .build/obj_kinesis_nguyenvietyen_kinesismod/platforms/avr/timer.o

Discarded input sections

 .data          0x0000000000000000        0x0 /usr/lib/gcc/avr/5.4.0/../../../avr/lib/avr5/crtatmega32u4.o
[...]
Memory Configuration

Name             Origin             Length             Attributes
text             0x0000000000000000 0x0000000000008000 xr
data             0x0000000000800100 0x0000000000000a00 rw !x
eeprom           0x0000000000810000 0x0000000000000400 rw !x
fuse             0x0000000000820000 0x0000000000000003 rw !x
lock             0x0000000000830000 0x0000000000000400 rw !x
signature        0x0000000000840000 0x0000000000000400 rw !x
user_signatures  0x0000000000850000 0x0000000000000400 rw !x
*default*        0x0000000000000000 0xffffffffffffffff

Linker script and memory map

Address of section .data set to 0x800100
LOAD /usr/lib/gcc/avr/5.4.0/../../../avr/lib/avr5/crtatmega32u4.o
LOAD .build/obj_kinesis_nguyenvietyen_kinesismod/matrix.o
LOAD .build/obj_kinesis_nguyenvietyen_kinesismod/.build/obj_kinesis_nguyenvietyen_kinesismod/src/default_keyboard.o
LOAD .build/obj_kinesis_nguyenvietyen_kinesismod/quantum/keymap_introspection.o
LOAD .build/obj_kinesis_nguyenvietyen_kinesismod/quantum/quantum.o
LOAD .build/obj_kinesis_nguyenvietyen_kinesismod/quantum/bitwise.o
LOAD .build/obj_kinesis_nguyenvietyen_kinesismod/quantum/led.o
LOAD .build/obj_kinesis_nguyenvietyen_kinesismod/quantum/action.o
LOAD .build/obj_kinesis_nguyenvietyen_kinesismod/quantum/action_layer.o
LOAD .build/obj_kinesis_nguyenvietyen_kinesismod/quantum/action_tapping.o
LOAD .build/obj_kinesis_nguyenvietyen_kinesismod/quantum/action_util.o
LOAD .build/obj_kinesis_nguyenvietyen_kinesismod/quantum/eeconfig.o
LOAD .build/obj_kinesis_nguyenvietyen_kinesismod/quantum/keyboard.o
LOAD .build/obj_kinesis_nguyenvietyen_kinesismod/quantum/keymap_common.o
LOAD .build/obj_kinesis_nguyenvietyen_kinesismod/quantum/keycode_config.o
LOAD .build/obj_kinesis_nguyenvietyen_kinesismod/quantum/sync_timer.o
LOAD .build/obj_kinesis_nguyenvietyen_kinesismod/quantum/logging/debug.o
LOAD .build/obj_kinesis_nguyenvietyen_kinesismod/quantum/logging/sendchar.o
LOAD .build/obj_kinesis_nguyenvietyen_kinesismod/quantum/matrix_common.o
LOAD .build/obj_kinesis_nguyenvietyen_kinesismod/quantum/debounce/sym_defer_g.o
LOAD .build/obj_kinesis_nguyenvietyen_kinesismod/quantum/main.o
LOAD .build/obj_kinesis_nguyenvietyen_kinesismod/platforms/avr/xprintf.o
LOAD .build/obj_kinesis_nguyenvietyen_kinesismod/platforms/avr/printf.o
LOAD .build/obj_kinesis_nguyenvietyen_kinesismod/platforms/avr/sleep_led.o
LOAD .build/obj_kinesis_nguyenvietyen_kinesismod/quantum/process_keycode/process_caps_word.o
LOAD .build/obj_kinesis_nguyenvietyen_kinesismod/quantum/caps_word.o
LOAD .build/obj_kinesis_nguyenvietyen_kinesismod/quantum/process_keycode/process_grave_esc.o
LOAD .build/obj_kinesis_nguyenvietyen_kinesismod/quantum/process_keycode/process_magic.o
LOAD .build/obj_kinesis_nguyenvietyen_kinesismod/quantum/mousekey.o
LOAD .build/obj_kinesis_nguyenvietyen_kinesismod/quantum/send_string/send_string.o
LOAD .build/obj_kinesis_nguyenvietyen_kinesismod/quantum/process_keycode/process_space_cadet.o
LOAD .build/obj_kinesis_nguyenvietyen_kinesismod/protocol/host.o
LOAD .build/obj_kinesis_nguyenvietyen_kinesismod/protocol/report.o
LOAD .build/obj_kinesis_nguyenvietyen_kinesismod/protocol/usb_device_state.o
LOAD .build/obj_kinesis_nguyenvietyen_kinesismod/protocol/usb_util.o
LOAD .build/obj_kinesis_nguyenvietyen_kinesismod/platforms/suspend.o
LOAD .build/obj_kinesis_nguyenvietyen_kinesismod/platforms/synchronization_util.o
LOAD .build/obj_kinesis_nguyenvietyen_kinesismod/platforms/timer.o
LOAD .build/obj_kinesis_nguyenvietyen_kinesismod/platforms/avr/hardware_id.o
LOAD .build/obj_kinesis_nguyenvietyen_kinesismod/platforms/avr/platform.o
LOAD .build/obj_kinesis_nguyenvietyen_kinesismod/platforms/avr/suspend.o
LOAD .build/obj_kinesis_nguyenvietyen_kinesismod/platforms/avr/timer.o
LOAD .build/obj_kinesis_nguyenvietyen_kinesismod/platforms/avr/bootloaders/caterina.o
LOAD .build/obj_kinesis_nguyenvietyen_kinesismod/lufa.o
LOAD .build/obj_kinesis_nguyenvietyen_kinesismod/usb_descriptor.o
LOAD .build/obj_kinesis_nguyenvietyen_kinesismod/lib/lufa/LUFA/Drivers/USB/Class/Common/HIDParser.o
LOAD .build/obj_kinesis_nguyenvietyen_kinesismod/lib/lufa/LUFA/Drivers/USB/Core/AVR8/Device_AVR8.o
LOAD .build/obj_kinesis_nguyenvietyen_kinesismod/lib/lufa/LUFA/Drivers/USB/Core/AVR8/EndpointStream_AVR8.o
LOAD .build/obj_kinesis_nguyenvietyen_kinesismod/lib/lufa/LUFA/Drivers/USB/Core/AVR8/Endpoint_AVR8.o
LOAD .build/obj_kinesis_nguyenvietyen_kinesismod/lib/lufa/LUFA/Drivers/USB/Core/AVR8/Host_AVR8.o
LOAD .build/obj_kinesis_nguyenvietyen_kinesismod/lib/lufa/LUFA/Drivers/USB/Core/AVR8/PipeStream_AVR8.o
LOAD .build/obj_kinesis_nguyenvietyen_kinesismod/lib/lufa/LUFA/Drivers/USB/Core/AVR8/Pipe_AVR8.o
LOAD .build/obj_kinesis_nguyenvietyen_kinesismod/lib/lufa/LUFA/Drivers/USB/Core/AVR8/USBController_AVR8.o
LOAD .build/obj_kinesis_nguyenvietyen_kinesismod/lib/lufa/LUFA/Drivers/USB/Core/AVR8/USBInterrupt_AVR8.o
LOAD .build/obj_kinesis_nguyenvietyen_kinesismod/lib/lufa/LUFA/Drivers/USB/Core/ConfigDescriptors.o
LOAD .build/obj_kinesis_nguyenvietyen_kinesismod/lib/lufa/LUFA/Drivers/USB/Core/DeviceStandardReq.o
LOAD .build/obj_kinesis_nguyenvietyen_kinesismod/lib/lufa/LUFA/Drivers/USB/Core/Events.o
LOAD .build/obj_kinesis_nguyenvietyen_kinesismod/lib/lufa/LUFA/Drivers/USB/Core/HostStandardReq.o
LOAD .build/obj_kinesis_nguyenvietyen_kinesismod/lib/lufa/LUFA/Drivers/USB/Core/USBTask.o
LOAD .build/obj_kinesis_nguyenvietyen_kinesismod/protocol/lufa/usb_util.o
LOAD /usr/lib/gcc/avr/5.4.0/../../../avr/lib/avr5/libm.a
START GROUP
LOAD /usr/lib/gcc/avr/5.4.0/avr5/libgcc.a
LOAD /usr/lib/gcc/avr/5.4.0/../../../avr/lib/avr5/libm.a
LOAD /usr/lib/gcc/avr/5.4.0/../../../avr/lib/avr5/libc.a
LOAD /usr/lib/gcc/avr/5.4.0/../../../avr/lib/avr5/libatmega32u4.a
END GROUP
                0x0000000000000000                __TEXT_REGION_ORIGIN__ = DEFINED (__TEXT_REGION_ORIGIN__)?__TEXT_REGION_ORIGIN__:0x0
                [0x0000000000800100]                __DATA_REGION_ORIGIN__ = DEFINED (__DATA_REGION_ORIGIN__)?__DATA_REGION_ORIGIN__:0x800060
                [0x0000000000008000]                __TEXT_REGION_LENGTH__ = DEFINED (__TEXT_REGION_LENGTH__)?__TEXT_REGION_LENGTH__:0x20000
                [0x0000000000000a00]                __DATA_REGION_LENGTH__ = DEFINED (__DATA_REGION_LENGTH__)?__DATA_REGION_LENGTH__:0xffa0
                [0x0000000000000400]                __EEPROM_REGION_LENGTH__ = DEFINED (__EEPROM_REGION_LENGTH__)?__EEPROM_REGION_LENGTH__:0x10000
                [0x0000000000000003]                __FUSE_REGION_LENGTH__ = DEFINED (__FUSE_REGION_LENGTH__)?__FUSE_REGION_LENGTH__:0x400
                0x0000000000000400                __LOCK_REGION_LENGTH__ = DEFINED (__LOCK_REGION_LENGTH__)?__LOCK_REGION_LENGTH__:0x400
                0x0000000000000400                __SIGNATURE_REGION_LENGTH__ = DEFINED (__SIGNATURE_REGION_LENGTH__)?__SIGNATURE_REGION_LENGTH__:0x400
                0x0000000000000400                __USER_SIGNATURE_REGION_LENGTH__ = DEFINED (__USER_SIGNATURE_REGION_LENGTH__)?__USER_SIGNATURE_REGION_LENGTH__:0x400

.hash
 *(.hash)

.dynsym
 *(.dynsym)

.dynstr
 *(.dynstr)

.gnu.version
 *(.gnu.version)

.gnu.version_d
 *(.gnu.version_d)

.gnu.version_r
 *(.gnu.version_r)

.rel.init
 *(.rel.init)

.rela.init
 *(.rela.init)

.rel.text
 *(.rel.text)
 *(.rel.text.*)
 *(.rel.gnu.linkonce.t*)

.rela.text
 *(.rela.text)
 *(.rela.text.*)
 *(.rela.gnu.linkonce.t*)

.rel.fini
 *(.rel.fini)

.rela.fini
 *(.rela.fini)

.rel.rodata
 *(.rel.rodata)
 *(.rel.rodata.*)
 *(.rel.gnu.linkonce.r*)

.rela.rodata
 *(.rela.rodata)
 *(.rela.rodata.*)
 *(.rela.gnu.linkonce.r*)

.rel.data
 *(.rel.data)
 *(.rel.data.*)
 *(.rel.gnu.linkonce.d*)

.rela.data
 *(.rela.data)
 *(.rela.data.*)
 *(.rela.gnu.linkonce.d*)

.rel.ctors
 *(.rel.ctors)

.rela.ctors
 *(.rela.ctors)

.rel.dtors
 *(.rel.dtors)

.rela.dtors
 *(.rela.dtors)

.rel.got
 *(.rel.got)

.rela.got
 *(.rela.got)

.rel.bss
 *(.rel.bss)

.rela.bss
 *(.rela.bss)

.rel.plt
 *(.rel.plt)

.rela.plt
 *(.rela.plt)

.text           0x0000000000000000     0x4450
 *(.vectors)
 .vectors       0x0000000000000000       0xac /usr/lib/gcc/avr/5.4.0/../../../avr/lib/avr5/crtatmega32u4.o
                0x0000000000000000                __vectors
                0x0000000000000000                __vector_default
 *(.vectors)
 *(.progmem.gcc*)
 .progmem.gcc_sw_table.process_action
                0x00000000000000ac       0x18 .build/obj_kinesis_nguyenvietyen_kinesismod/quantum/action.o
 .progmem.gcc_sw_table.process_magic
                0x00000000000000c4       0x44 .build/obj_kinesis_nguyenvietyen_kinesismod/quantum/process_keycode/process_magic.o
 .progmem.gcc_sw_table.process_space_cadet
                0x0000000000000108        0xe .build/obj_kinesis_nguyenvietyen_kinesismod/quantum/process_keycode/process_space_cadet.o
 .progmem.gcc_sw_table.USB_Device_ProcessControlRequest
                0x0000000000000116       0x14 .build/obj_kinesis_nguyenvietyen_kinesismod/lib/lufa/LUFA/Drivers/USB/Core/DeviceStandardReq.o
                0x000000000000012a                . = ALIGN (0x2)
                0x000000000000012a                __trampolines_start = .
 *(.trampolines)
 .trampolines   0x000000000000012a        0x0 linker stubs
 *(.trampolines*)
                0x000000000000012a                __trampolines_end = .
 *libprintf_flt.a:*(.progmem.data)
 *libc.a:*(.progmem.data)
 *(.progmem*)
 .progmem.data.keymaps
                0x000000000000012a      0x300 .build/obj_kinesis_nguyenvietyen_kinesismod/quantum/keymap_introspection.o
                0x000000000000012a                keymaps
 .progmem.data.breathing_table
                0x000000000000042a       0x40 .build/obj_kinesis_nguyenvietyen_kinesismod/platforms/avr/sleep_led.o
 .progmem.data.ProductString
                0x000000000000046a       0x4a .build/obj_kinesis_nguyenvietyen_kinesismod/usb_descriptor.o
                0x000000000000046a                ProductString
 .progmem.data.ManufacturerString
                0x00000000000004b4        0xa .build/obj_kinesis_nguyenvietyen_kinesismod/usb_descriptor.o
                0x00000000000004b4                ManufacturerString
 .progmem.data.LanguageString
                0x00000000000004be        0x4 .build/obj_kinesis_nguyenvietyen_kinesismod/usb_descriptor.o
                0x00000000000004be                LanguageString
 .progmem.data.ConfigurationDescriptor
                0x00000000000004c2       0x3b .build/obj_kinesis_nguyenvietyen_kinesismod/usb_descriptor.o
                0x00000000000004c2                ConfigurationDescriptor
 .progmem.data.DeviceDescriptor
                0x00000000000004fd       0x12 .build/obj_kinesis_nguyenvietyen_kinesismod/usb_descriptor.o
                0x00000000000004fd                DeviceDescriptor
 .progmem.data.SharedReport
                0x000000000000050f       0xb6 .build/obj_kinesis_nguyenvietyen_kinesismod/usb_descriptor.o
                0x000000000000050f                SharedReport
 .progmem.data.KeyboardReport
                0x00000000000005c5       0x44 .build/obj_kinesis_nguyenvietyen_kinesismod/usb_descriptor.o
                0x00000000000005c5                KeyboardReport
                0x000000000000060a                . = ALIGN (0x2)
 *fill*         0x0000000000000609        0x1 
 *(.jumptables)
 *(.jumptables*)
 *(.lowtext)
 *(.lowtext*)
                0x000000000000060a                __ctors_start = .
 *(.ctors)
                0x000000000000060a                __ctors_end = .
                0x000000000000060a                __dtors_start = .
 *(.dtors)
                0x000000000000060a                __dtors_end = .
 SORT(*)(.ctors)
 SORT(*)(.dtors)
 *(.init0)
 .init0         0x000000000000060a        0x0 /usr/lib/gcc/avr/5.4.0/../../../avr/lib/avr5/crtatmega32u4.o
                0x000000000000060a                __init
 *(.init0)
 *(.init1)
 *(.init1)
 *(.init2)
 .init2         0x000000000000060a        0xc /usr/lib/gcc/avr/5.4.0/../../../avr/lib/avr5/crtatmega32u4.o
 *(.init2)
 *(.init3)
 *(.init3)
 *(.init4)
 .init4         0x0000000000000616       0x16 /usr/lib/gcc/avr/5.4.0/avr5/libgcc.a(_copy_data.o)
                0x0000000000000616                __do_copy_data
 .init4         0x000000000000062c       0x10 /usr/lib/gcc/avr/5.4.0/avr5/libgcc.a(_clear_bss.o)
                0x000000000000062c                __do_clear_bss
 *(.init4)
 *(.init5)
 *(.init5)
 *(.init6)
 *(.init6)
 *(.init7)
 *(.init7)
 *(.init8)
 *(.init8)
 *(.init9)
 .init9         0x000000000000063c        0x8 /usr/lib/gcc/avr/5.4.0/../../../avr/lib/avr5/crtatmega32u4.o
 *(.init9)
 *(.text)
 .text          0x0000000000000644        0x4 /usr/lib/gcc/avr/5.4.0/../../../avr/lib/avr5/crtatmega32u4.o
                0x0000000000000644                __vector_38
                0x0000000000000644                __vector_22
                0x0000000000000644                __vector_28
                0x0000000000000644                __vector_1
                0x0000000000000644                __vector_32
                0x0000000000000644                __vector_34
                0x0000000000000644                __vector_24
                0x0000000000000644                __vector_12
                0x0000000000000644                __bad_interrupt
                0x0000000000000644                __vector_6
                0x0000000000000644                __vector_31
                0x0000000000000644                __vector_35
                0x0000000000000644                __vector_39
                0x0000000000000644                __vector_3
                0x0000000000000644                __vector_23
                0x0000000000000644                __vector_30
                0x0000000000000644                __vector_25
                0x0000000000000644                __vector_13
                0x0000000000000644                __vector_19
                0x0000000000000644                __vector_7
                0x0000000000000644                __vector_41
                0x0000000000000644                __vector_27
                0x0000000000000644                __vector_5
                0x0000000000000644                __vector_33
                0x0000000000000644                __vector_37
                0x0000000000000644                __vector_4
                0x0000000000000644                __vector_9
                0x0000000000000644                __vector_2
                0x0000000000000644                __vector_15
                0x0000000000000644                __vector_36
                0x0000000000000644                __vector_29
                0x0000000000000644                __vector_40
                0x0000000000000644                __vector_8
                0x0000000000000644                __vector_26
                0x0000000000000644                __vector_14
                0x0000000000000644                __vector_16
                0x0000000000000644                __vector_18
                0x0000000000000644                __vector_20
                0x0000000000000644                __vector_42
                0x0000000000000648                . = ALIGN (0x2)
 *(.text.*)
 .text.matrix_init_custom
                0x0000000000000648       0x38 .build/obj_kinesis_nguyenvietyen_kinesismod/matrix.o
                0x0000000000000648                matrix_init_custom
 .text.matrix_scan_custom
                0x0000000000000680       0xb8 .build/obj_kinesis_nguyenvietyen_kinesismod/matrix.o
                0x0000000000000680                matrix_scan_custom
 .text.caps_word_press_user
                0x0000000000000738       0x56 .build/obj_kinesis_nguyenvietyen_kinesismod/quantum/keymap_introspection.o
                0x0000000000000738                caps_word_press_user
 .text.keycode_at_keymap_location_raw
                0x000000000000078e       0x3c .build/obj_kinesis_nguyenvietyen_kinesismod/quantum/keymap_introspection.o
                0x000000000000078e                keycode_at_keymap_location_raw
 .text.keycode_at_keymap_location
                0x00000000000007ca        0x6 .build/obj_kinesis_nguyenvietyen_kinesismod/quantum/keymap_introspection.o
                0x00000000000007ca                keycode_at_keymap_location
 .text.process_action_kb
                0x00000000000007d0        0x4 .build/obj_kinesis_nguyenvietyen_kinesismod/quantum/quantum.o
                0x00000000000007d0                process_action_kb
 .text.process_record_user
                0x00000000000007d4        0x4 .build/obj_kinesis_nguyenvietyen_kinesismod/quantum/quantum.o
                0x00000000000007d4                process_record_user
 .text.pre_process_record_user
                0x00000000000007d8        0x6 .build/obj_kinesis_nguyenvietyen_kinesismod/quantum/quantum.o
                0x00000000000007d8                pre_process_record_user
 .text.pre_process_record_kb
                0x00000000000007de        0x6 .build/obj_kinesis_nguyenvietyen_kinesismod/quantum/quantum.o
                0x00000000000007de                pre_process_record_kb
 .text.process_record_kb
                0x00000000000007e4        0x6 .build/obj_kinesis_nguyenvietyen_kinesismod/quantum/quantum.o
                0x00000000000007e4                process_record_kb
 .text.post_process_record_user
                0x00000000000007ea        0x2 .build/obj_kinesis_nguyenvietyen_kinesismod/quantum/quantum.o
                0x00000000000007ea                post_process_record_user
 .text.post_process_record_kb
                0x00000000000007ec        0x6 .build/obj_kinesis_nguyenvietyen_kinesismod/quantum/quantum.o
                0x00000000000007ec                post_process_record_kb
 .text.get_event_keycode
                0x00000000000007f2       0x5c .build/obj_kinesis_nguyenvietyen_kinesismod/quantum/quantum.o
                0x00000000000007f2                get_event_keycode
 .text.get_record_keycode
                0x000000000000084e       0x16 .build/obj_kinesis_nguyenvietyen_kinesismod/quantum/quantum.o
                0x000000000000084e                get_record_keycode
 .text.pre_process_record_quantum
                0x0000000000000864       0x18 .build/obj_kinesis_nguyenvietyen_kinesismod/quantum/quantum.o
                0x0000000000000864                pre_process_record_quantum
 .text.post_process_record_quantum
                0x000000000000087c       0x18 .build/obj_kinesis_nguyenvietyen_kinesismod/quantum/quantum.o
                0x000000000000087c                post_process_record_quantum
 .text.shutdown_user
                0x0000000000000894        0x4 .build/obj_kinesis_nguyenvietyen_kinesismod/quantum/quantum.o
                0x0000000000000894                shutdown_user
 .text.shutdown_kb
                0x0000000000000898        0x6 .build/obj_kinesis_nguyenvietyen_kinesismod/quantum/quantum.o
                0x0000000000000898                shutdown_kb
 .text.shutdown_quantum
                0x000000000000089e       0x24 .build/obj_kinesis_nguyenvietyen_kinesismod/quantum/quantum.o
                0x000000000000089e                shutdown_quantum
 .text.reset_keyboard
                0x00000000000008c2        0xc .build/obj_kinesis_nguyenvietyen_kinesismod/quantum/quantum.o
                0x00000000000008c2                reset_keyboard
 .text.soft_reset_keyboard
                0x00000000000008ce        0xc .build/obj_kinesis_nguyenvietyen_kinesismod/quantum/quantum.o
                0x00000000000008ce                soft_reset_keyboard
 .text.process_record_quantum
                0x00000000000008da       0xbc .build/obj_kinesis_nguyenvietyen_kinesismod/quantum/quantum.o
                0x00000000000008da                process_record_quantum
 .text.suspend_power_down_quantum
                0x0000000000000996        0x6 .build/obj_kinesis_nguyenvietyen_kinesismod/quantum/quantum.o
                0x0000000000000996                suspend_power_down_quantum
 .text.suspend_wakeup_init_quantum
                0x000000000000099c        0xa .build/obj_kinesis_nguyenvietyen_kinesismod/quantum/quantum.o
                0x000000000000099c                suspend_wakeup_init_quantum
 .text.led_update_user
                0x00000000000009a6        0x4 .build/obj_kinesis_nguyenvietyen_kinesismod/quantum/led.o
                0x00000000000009a6                led_update_user
 .text.led_update_ports
                0x00000000000009aa       0x2c .build/obj_kinesis_nguyenvietyen_kinesismod/quantum/led.o
                0x00000000000009aa                led_update_ports
 .text.led_update_kb
                0x00000000000009d6       0x1e .build/obj_kinesis_nguyenvietyen_kinesismod/quantum/led.o
                0x00000000000009d6                led_update_kb
 .text.led_init_ports
                0x00000000000009f4       0x12 .build/obj_kinesis_nguyenvietyen_kinesismod/quantum/led.o
                0x00000000000009f4                led_init_ports
 .text.led_set  0x0000000000000a06        0x6 .build/obj_kinesis_nguyenvietyen_kinesismod/quantum/led.o
                0x0000000000000a06                led_set
 .text.led_wakeup
                0x0000000000000a0c        0xa .build/obj_kinesis_nguyenvietyen_kinesismod/quantum/led.o
                0x0000000000000a0c                led_wakeup
 .text.led_task
                0x0000000000000a16       0x32 .build/obj_kinesis_nguyenvietyen_kinesismod/quantum/led.o
                0x0000000000000a16                led_task
 .text.action_exec
                0x0000000000000a48       0x66 .build/obj_kinesis_nguyenvietyen_kinesismod/quantum/action.o
                0x0000000000000a48                action_exec
 .text.process_record_tap_hint
                0x0000000000000aae       0x12 .build/obj_kinesis_nguyenvietyen_kinesismod/quantum/action.o
                0x0000000000000aae                process_record_tap_hint
 .text.register_mouse
                0x0000000000000ac0       0x14 .build/obj_kinesis_nguyenvietyen_kinesismod/quantum/action.o
                0x0000000000000ac0                register_mouse
 .text.register_code
                0x0000000000000ad4      0x11c .build/obj_kinesis_nguyenvietyen_kinesismod/quantum/action.o
                0x0000000000000ad4                register_code
 .text.unregister_code
                0x0000000000000bf0       0xb4 .build/obj_kinesis_nguyenvietyen_kinesismod/quantum/action.o
                0x0000000000000bf0                unregister_code
 .text.tap_code_delay
                0x0000000000000ca4       0x30 .build/obj_kinesis_nguyenvietyen_kinesismod/quantum/action.o
                0x0000000000000ca4                tap_code_delay
 .text.tap_code
                0x0000000000000cd4       0x14 .build/obj_kinesis_nguyenvietyen_kinesismod/quantum/action.o
                0x0000000000000cd4                tap_code
 .text.register_mods
                0x0000000000000ce8        0xe .build/obj_kinesis_nguyenvietyen_kinesismod/quantum/action.o
                0x0000000000000ce8                register_mods
 .text.unregister_mods
                0x0000000000000cf6        0xe .build/obj_kinesis_nguyenvietyen_kinesismod/quantum/action.o
                0x0000000000000cf6                unregister_mods
 .text.process_action
                0x0000000000000d04      0x3f0 .build/obj_kinesis_nguyenvietyen_kinesismod/quantum/action.o
                0x0000000000000d04                process_action
 .text.process_record_handler
                0x00000000000010f4       0x30 .build/obj_kinesis_nguyenvietyen_kinesismod/quantum/action.o
                0x00000000000010f4                process_record_handler
 .text.process_record
                0x0000000000001124       0x46 .build/obj_kinesis_nguyenvietyen_kinesismod/quantum/action.o
                0x0000000000001124                process_record
 .text.unregister_weak_mods
                0x000000000000116a        0xe .build/obj_kinesis_nguyenvietyen_kinesismod/quantum/action.o
                0x000000000000116a                unregister_weak_mods
 .text.clear_keyboard_but_mods_and_keys
                0x0000000000001178       0x22 .build/obj_kinesis_nguyenvietyen_kinesismod/quantum/action.o
                0x0000000000001178                clear_keyboard_but_mods_and_keys
 .text.clear_keyboard_but_mods
                0x000000000000119a        0xa .build/obj_kinesis_nguyenvietyen_kinesismod/quantum/action.o
                0x000000000000119a                clear_keyboard_but_mods
 .text.clear_keyboard
                0x00000000000011a4        0xa .build/obj_kinesis_nguyenvietyen_kinesismod/quantum/action.o
                0x00000000000011a4                clear_keyboard
 .text.is_tap_action
                0x00000000000011ae       0x36 .build/obj_kinesis_nguyenvietyen_kinesismod/quantum/action.o
                0x00000000000011ae                is_tap_action
 .text.is_tap_record
                0x00000000000011e4       0x1a .build/obj_kinesis_nguyenvietyen_kinesismod/quantum/action.o
                0x00000000000011e4                is_tap_record
 .text.debug_event
                0x00000000000011fe       0x14 .build/obj_kinesis_nguyenvietyen_kinesismod/quantum/action.o
                0x00000000000011fe                debug_event
 .text.debug_record
                0x0000000000001212       0x14 .build/obj_kinesis_nguyenvietyen_kinesismod/quantum/action.o
                0x0000000000001212                debug_record
 .text.default_layer_debug
                0x0000000000001226        0x2 .build/obj_kinesis_nguyenvietyen_kinesismod/quantum/action_layer.o
                0x0000000000001226                default_layer_debug
 .text.layer_state_set_user
                0x0000000000001228        0x2 .build/obj_kinesis_nguyenvietyen_kinesismod/quantum/action_layer.o
                0x0000000000001228                layer_state_set_user
 .text.default_layer_state_set_user
                0x000000000000122a        0x6 .build/obj_kinesis_nguyenvietyen_kinesismod/quantum/action_layer.o
                0x000000000000122a                default_layer_state_set_user
 .text.default_layer_state_set_kb
                0x0000000000001230        0x6 .build/obj_kinesis_nguyenvietyen_kinesismod/quantum/action_layer.o
                0x0000000000001230                default_layer_state_set_kb
 .text.default_layer_state_set
                0x0000000000001236        0xe .build/obj_kinesis_nguyenvietyen_kinesismod/quantum/action_layer.o
 .text.default_layer_set
                0x0000000000001244        0x6 .build/obj_kinesis_nguyenvietyen_kinesismod/quantum/action_layer.o
                0x0000000000001244                default_layer_set
 .text.default_layer_or
                0x000000000000124a       0x12 .build/obj_kinesis_nguyenvietyen_kinesismod/quantum/action_layer.o
                0x000000000000124a                default_layer_or
 .text.default_layer_and
                0x000000000000125c       0x12 .build/obj_kinesis_nguyenvietyen_kinesismod/quantum/action_layer.o
                0x000000000000125c                default_layer_and
 .text.default_layer_xor
                0x000000000000126e       0x12 .build/obj_kinesis_nguyenvietyen_kinesismod/quantum/action_layer.o
                0x000000000000126e                default_layer_xor
 .text.layer_state_set_kb
                0x0000000000001280        0x6 .build/obj_kinesis_nguyenvietyen_kinesismod/quantum/action_layer.o
                0x0000000000001280                layer_state_set_kb
 .text.layer_state_set
                0x0000000000001286        0xe .build/obj_kinesis_nguyenvietyen_kinesismod/quantum/action_layer.o
                0x0000000000001286                layer_state_set
 .text.layer_clear
                0x0000000000001294        0xa .build/obj_kinesis_nguyenvietyen_kinesismod/quantum/action_layer.o
                0x0000000000001294                layer_clear
 .text.layer_move
                0x000000000000129e       0x18 .build/obj_kinesis_nguyenvietyen_kinesismod/quantum/action_layer.o
                0x000000000000129e                layer_move
 .text.layer_on
                0x00000000000012b6       0x20 .build/obj_kinesis_nguyenvietyen_kinesismod/quantum/action_layer.o
                0x00000000000012b6                layer_on
 .text.layer_off
                0x00000000000012d6       0x24 .build/obj_kinesis_nguyenvietyen_kinesismod/quantum/action_layer.o
                0x00000000000012d6                layer_off
 .text.layer_invert
                0x00000000000012fa       0x20 .build/obj_kinesis_nguyenvietyen_kinesismod/quantum/action_layer.o
                0x00000000000012fa                layer_invert
 .text.layer_or
                0x000000000000131a       0x12 .build/obj_kinesis_nguyenvietyen_kinesismod/quantum/action_layer.o
                0x000000000000131a                layer_or
 .text.layer_and
                0x000000000000132c       0x12 .build/obj_kinesis_nguyenvietyen_kinesismod/quantum/action_layer.o
                0x000000000000132c                layer_and
 .text.layer_xor
                0x000000000000133e       0x12 .build/obj_kinesis_nguyenvietyen_kinesismod/quantum/action_layer.o
                0x000000000000133e                layer_xor
 .text.layer_debug
                0x0000000000001350        0x2 .build/obj_kinesis_nguyenvietyen_kinesismod/quantum/action_layer.o
                0x0000000000001350                layer_debug
 .text.update_source_layers_cache_impl
                0x0000000000001352       0x56 .build/obj_kinesis_nguyenvietyen_kinesismod/quantum/action_layer.o
                0x0000000000001352                update_source_layers_cache_impl
 .text.read_source_layers_cache_impl
                0x00000000000013a8       0x4e .build/obj_kinesis_nguyenvietyen_kinesismod/quantum/action_layer.o
                0x00000000000013a8                read_source_layers_cache_impl
 .text.update_source_layers_cache
                0x00000000000013f6       0x24 .build/obj_kinesis_nguyenvietyen_kinesismod/quantum/action_layer.o
                0x00000000000013f6                update_source_layers_cache
 .text.read_source_layers_cache
                0x000000000000141a       0x24 .build/obj_kinesis_nguyenvietyen_kinesismod/quantum/action_layer.o
                0x000000000000141a                read_source_layers_cache
 .text.layer_switch_get_layer
                0x000000000000143e       0x64 .build/obj_kinesis_nguyenvietyen_kinesismod/quantum/action_layer.o
                0x000000000000143e                layer_switch_get_layer
 .text.layer_switch_get_action
                0x00000000000014a2       0x16 .build/obj_kinesis_nguyenvietyen_kinesismod/quantum/action_layer.o
                0x00000000000014a2                layer_switch_get_action
 .text.store_or_get_action
                0x00000000000014b8       0x46 .build/obj_kinesis_nguyenvietyen_kinesismod/quantum/action_layer.o
                0x00000000000014b8                store_or_get_action
 .text.debug_waiting_buffer
                0x00000000000014fe       0x44 .build/obj_kinesis_nguyenvietyen_kinesismod/quantum/action_tapping.o
 .text.debug_tapping_key
                0x0000000000001542       0x22 .build/obj_kinesis_nguyenvietyen_kinesismod/quantum/action_tapping.o
 .text.waiting_buffer_scan_tap
                0x0000000000001564       0xb2 .build/obj_kinesis_nguyenvietyen_kinesismod/quantum/action_tapping.o
 .text.waiting_buffer_typed.isra.2
                0x0000000000001616       0x40 .build/obj_kinesis_nguyenvietyen_kinesismod/quantum/action_tapping.o
 .text.process_tapping
                0x0000000000001656      0x320 .build/obj_kinesis_nguyenvietyen_kinesismod/quantum/action_tapping.o
 .text.action_tapping_process
                0x0000000000001976      0x10a .build/obj_kinesis_nguyenvietyen_kinesismod/quantum/action_tapping.o
                0x0000000000001976                action_tapping_process
 .text.get_oneshot_layer
                0x0000000000001a80        0xc .build/obj_kinesis_nguyenvietyen_kinesismod/quantum/action_util.o
                0x0000000000001a80                get_oneshot_layer
 .text.get_oneshot_layer_state
                0x0000000000001a8c        0x8 .build/obj_kinesis_nguyenvietyen_kinesismod/quantum/action_util.o
                0x0000000000001a8c                get_oneshot_layer_state
 .text.is_oneshot_layer_active
                0x0000000000001a94        0xe .build/obj_kinesis_nguyenvietyen_kinesismod/quantum/action_util.o
                0x0000000000001a94                is_oneshot_layer_active
 .text.get_mods
                0x0000000000001aa2        0x6 .build/obj_kinesis_nguyenvietyen_kinesismod/quantum/action_util.o
                0x0000000000001aa2                get_mods
 .text.add_mods
                0x0000000000001aa8        0xc .build/obj_kinesis_nguyenvietyen_kinesismod/quantum/action_util.o
                0x0000000000001aa8                add_mods
 .text.del_mods
                0x0000000000001ab4        0xe .build/obj_kinesis_nguyenvietyen_kinesismod/quantum/action_util.o
                0x0000000000001ab4                del_mods
 .text.clear_mods
                0x0000000000001ac2        0x6 .build/obj_kinesis_nguyenvietyen_kinesismod/quantum/action_util.o
                0x0000000000001ac2                clear_mods
 .text.add_weak_mods
                0x0000000000001ac8        0xc .build/obj_kinesis_nguyenvietyen_kinesismod/quantum/action_util.o
                0x0000000000001ac8                add_weak_mods
 .text.del_weak_mods
                0x0000000000001ad4        0xe .build/obj_kinesis_nguyenvietyen_kinesismod/quantum/action_util.o
                0x0000000000001ad4                del_weak_mods
 .text.clear_weak_mods
                0x0000000000001ae2        0x6 .build/obj_kinesis_nguyenvietyen_kinesismod/quantum/action_util.o
                0x0000000000001ae2                clear_weak_mods
 .text.get_oneshot_mods
                0x0000000000001ae8        0x6 .build/obj_kinesis_nguyenvietyen_kinesismod/quantum/action_util.o
                0x0000000000001ae8                get_oneshot_mods
 .text.oneshot_layer_changed_user
                0x0000000000001aee        0x2 .build/obj_kinesis_nguyenvietyen_kinesismod/quantum/action_util.o
                0x0000000000001aee                oneshot_layer_changed_user
 .text.oneshot_mods_changed_user
                0x0000000000001af0        0x6 .build/obj_kinesis_nguyenvietyen_kinesismod/quantum/action_util.o
                0x0000000000001af0                oneshot_mods_changed_user
 .text.oneshot_mods_changed_kb
                0x0000000000001af6        0x6 .build/obj_kinesis_nguyenvietyen_kinesismod/quantum/action_util.o
                0x0000000000001af6                oneshot_mods_changed_kb
 .text.add_oneshot_mods
                0x0000000000001afc       0x18 .build/obj_kinesis_nguyenvietyen_kinesismod/quantum/action_util.o
                0x0000000000001afc                add_oneshot_mods
 .text.del_oneshot_mods
                0x0000000000001b14       0x18 .build/obj_kinesis_nguyenvietyen_kinesismod/quantum/action_util.o
                0x0000000000001b14                del_oneshot_mods
 .text.clear_oneshot_mods
                0x0000000000001b2c       0x14 .build/obj_kinesis_nguyenvietyen_kinesismod/quantum/action_util.o
                0x0000000000001b2c                clear_oneshot_mods
 .text.get_mods_for_report
                0x0000000000001b40       0x26 .build/obj_kinesis_nguyenvietyen_kinesismod/quantum/action_util.o
 .text.send_6kro_report
                0x0000000000001b66       0x48 .build/obj_kinesis_nguyenvietyen_kinesismod/quantum/action_util.o
                0x0000000000001b66                send_6kro_report
 .text.send_nkro_report
                0x0000000000001bae       0x48 .build/obj_kinesis_nguyenvietyen_kinesismod/quantum/action_util.o
                0x0000000000001bae                send_nkro_report
 .text.send_keyboard_report
                0x0000000000001bf6       0x1c .build/obj_kinesis_nguyenvietyen_kinesismod/quantum/action_util.o
                0x0000000000001bf6                send_keyboard_report
 .text.oneshot_locked_mods_changed_user
                0x0000000000001c12        0x6 .build/obj_kinesis_nguyenvietyen_kinesismod/quantum/action_util.o
                0x0000000000001c12                oneshot_locked_mods_changed_user
 .text.oneshot_locked_mods_changed_kb
                0x0000000000001c18        0x6 .build/obj_kinesis_nguyenvietyen_kinesismod/quantum/action_util.o
                0x0000000000001c18                oneshot_locked_mods_changed_kb
 .text.del_oneshot_locked_mods
                0x0000000000001c1e       0x18 .build/obj_kinesis_nguyenvietyen_kinesismod/quantum/action_util.o
                0x0000000000001c1e                del_oneshot_locked_mods
 .text.oneshot_layer_changed_kb
                0x0000000000001c36        0x6 .build/obj_kinesis_nguyenvietyen_kinesismod/quantum/action_util.o
                0x0000000000001c36                oneshot_layer_changed_kb
 .text.set_oneshot_layer
                0x0000000000001c3c       0x30 .build/obj_kinesis_nguyenvietyen_kinesismod/quantum/action_util.o
                0x0000000000001c3c                set_oneshot_layer
 .text.reset_oneshot_layer
                0x0000000000001c6c        0xc .build/obj_kinesis_nguyenvietyen_kinesismod/quantum/action_util.o
                0x0000000000001c6c                reset_oneshot_layer
 .text.clear_oneshot_layer_state
                0x0000000000001c78       0x2e .build/obj_kinesis_nguyenvietyen_kinesismod/quantum/action_util.o
                0x0000000000001c78                clear_oneshot_layer_state
 .text.oneshot_set
                0x0000000000001ca6       0x2a .build/obj_kinesis_nguyenvietyen_kinesismod/quantum/action_util.o
                0x0000000000001ca6                oneshot_set
 .text.oneshot_toggle
                0x0000000000001cd0       0x14 .build/obj_kinesis_nguyenvietyen_kinesismod/quantum/action_util.o
                0x0000000000001cd0                oneshot_toggle
 .text.oneshot_enable
                0x0000000000001ce4        0x8 .build/obj_kinesis_nguyenvietyen_kinesismod/quantum/action_util.o
                0x0000000000001ce4                oneshot_enable
 .text.oneshot_disable
                0x0000000000001cec        0x8 .build/obj_kinesis_nguyenvietyen_kinesismod/quantum/action_util.o
                0x0000000000001cec                oneshot_disable
 .text.eeconfig_disable
                0x0000000000001cf4        0xe .build/obj_kinesis_nguyenvietyen_kinesismod/quantum/eeconfig.o
                0x0000000000001cf4                eeconfig_disable
 .text.eeconfig_is_enabled
                0x0000000000001d02       0x16 .build/obj_kinesis_nguyenvietyen_kinesismod/quantum/eeconfig.o
                0x0000000000001d02                eeconfig_is_enabled
 .text.eeconfig_read_debug
                0x0000000000001d18        0xa .build/obj_kinesis_nguyenvietyen_kinesismod/quantum/eeconfig.o
                0x0000000000001d18                eeconfig_read_debug
 .text.eeconfig_read_default_layer
                0x0000000000001d22        0xa .build/obj_kinesis_nguyenvietyen_kinesismod/quantum/eeconfig.o
                0x0000000000001d22                eeconfig_read_default_layer
 .text.eeconfig_read_keymap
                0x0000000000001d2c        0xa .build/obj_kinesis_nguyenvietyen_kinesismod/quantum/eeconfig.o
                0x0000000000001d2c                eeconfig_read_keymap
 .text.eeconfig_update_keymap
                0x0000000000001d36        0xc .build/obj_kinesis_nguyenvietyen_kinesismod/quantum/eeconfig.o
                0x0000000000001d36                eeconfig_update_keymap
 .text.eeconfig_update_kb
                0x0000000000001d42        0xe .build/obj_kinesis_nguyenvietyen_kinesismod/quantum/eeconfig.o
                0x0000000000001d42                eeconfig_update_kb
 .text.eeconfig_update_user
                0x0000000000001d50        0xe .build/obj_kinesis_nguyenvietyen_kinesismod/quantum/eeconfig.o
                0x0000000000001d50                eeconfig_update_user
 .text.eeconfig_init_user
                0x0000000000001d5e        0xc .build/obj_kinesis_nguyenvietyen_kinesismod/quantum/eeconfig.o
                0x0000000000001d5e                eeconfig_init_user
 .text.eeconfig_init_kb
                0x0000000000001d6a       0x10 .build/obj_kinesis_nguyenvietyen_kinesismod/quantum/eeconfig.o
                0x0000000000001d6a                eeconfig_init_kb
 .text.eeconfig_init_quantum
                0x0000000000001d7a       0xbe .build/obj_kinesis_nguyenvietyen_kinesismod/quantum/eeconfig.o
                0x0000000000001d7a                eeconfig_init_quantum
 .text.eeconfig_init
                0x0000000000001e38        0x6 .build/obj_kinesis_nguyenvietyen_kinesismod/quantum/eeconfig.o
                0x0000000000001e38                eeconfig_init
 .text.eeconfig_update_handedness
                0x0000000000001e3e        0xc .build/obj_kinesis_nguyenvietyen_kinesismod/quantum/eeconfig.o
                0x0000000000001e3e                eeconfig_update_handedness
 .text.generate_tick_event
                0x0000000000001e4a       0x48 .build/obj_kinesis_nguyenvietyen_kinesismod/quantum/keyboard.o
 .text.last_matrix_activity_trigger
                0x0000000000001e92       0x26 .build/obj_kinesis_nguyenvietyen_kinesismod/quantum/keyboard.o
                0x0000000000001e92                last_matrix_activity_trigger
 .text.matrix_can_read
                0x0000000000001eb8        0x4 .build/obj_kinesis_nguyenvietyen_kinesismod/quantum/keyboard.o
                0x0000000000001eb8                matrix_can_read
 .text.is_keyboard_master
                0x0000000000001ebc        0x4 .build/obj_kinesis_nguyenvietyen_kinesismod/quantum/keyboard.o
                0x0000000000001ebc                is_keyboard_master
 .text.should_process_keypress
                0x0000000000001ec0        0x6 .build/obj_kinesis_nguyenvietyen_kinesismod/quantum/keyboard.o
                0x0000000000001ec0                should_process_keypress
 .text.housekeeping_task_user
                0x0000000000001ec6        0x2 .build/obj_kinesis_nguyenvietyen_kinesismod/quantum/keyboard.o
                0x0000000000001ec6                housekeeping_task_user
 .text.housekeeping_task_kb
                0x0000000000001ec8        0x6 .build/obj_kinesis_nguyenvietyen_kinesismod/quantum/keyboard.o
                0x0000000000001ec8                housekeeping_task_kb
 .text.keyboard_post_init_user
                0x0000000000001ece        0x6 .build/obj_kinesis_nguyenvietyen_kinesismod/quantum/keyboard.o
                0x0000000000001ece                keyboard_post_init_user
 .text.keyboard_post_init_kb
                0x0000000000001ed4        0x6 .build/obj_kinesis_nguyenvietyen_kinesismod/quantum/keyboard.o
                0x0000000000001ed4                keyboard_post_init_kb
 .text.keyboard_pre_init_user
                0x0000000000001eda        0x6 .build/obj_kinesis_nguyenvietyen_kinesismod/quantum/keyboard.o
                0x0000000000001eda                keyboard_pre_init_user
 .text.keyboard_pre_init_kb
                0x0000000000001ee0        0x6 .build/obj_kinesis_nguyenvietyen_kinesismod/quantum/keyboard.o
                0x0000000000001ee0                keyboard_pre_init_kb
 .text.matrix_setup
                0x0000000000001ee6        0x6 .build/obj_kinesis_nguyenvietyen_kinesismod/quantum/keyboard.o
                0x0000000000001ee6                matrix_setup
 .text.keyboard_setup
                0x0000000000001eec       0x12 .build/obj_kinesis_nguyenvietyen_kinesismod/quantum/keyboard.o
                0x0000000000001eec                keyboard_setup
 .text.housekeeping_task
                0x0000000000001efe        0xa .build/obj_kinesis_nguyenvietyen_kinesismod/quantum/keyboard.o
                0x0000000000001efe                housekeeping_task
 .text.quantum_init
                0x0000000000001f08       0x38 .build/obj_kinesis_nguyenvietyen_kinesismod/quantum/keyboard.o
                0x0000000000001f08                quantum_init
 .text.keyboard_init
                0x0000000000001f40       0x1a .build/obj_kinesis_nguyenvietyen_kinesismod/quantum/keyboard.o
                0x0000000000001f40                keyboard_init
 .text.keyboard_task
                0x0000000000001f5a       0xd4 .build/obj_kinesis_nguyenvietyen_kinesismod/quantum/keyboard.o
                0x0000000000001f5a                keyboard_task
 .text.action_for_keycode
                0x000000000000202e      0x23a .build/obj_kinesis_nguyenvietyen_kinesismod/quantum/keymap_common.o
                0x000000000000202e                action_for_keycode
 .text.keymap_key_to_keycode
                0x0000000000002268       0x18 .build/obj_kinesis_nguyenvietyen_kinesismod/quantum/keymap_common.o
                0x0000000000002268                keymap_key_to_keycode
 .text.action_for_key
                0x0000000000002280        0xa .build/obj_kinesis_nguyenvietyen_kinesismod/quantum/keymap_common.o
                0x0000000000002280                action_for_key
 .text.keycode_config
                0x000000000000228a      0x138 .build/obj_kinesis_nguyenvietyen_kinesismod/quantum/keycode_config.o
                0x000000000000228a                keycode_config
 .text.mod_config
                0x00000000000023c2       0x9e .build/obj_kinesis_nguyenvietyen_kinesismod/quantum/keycode_config.o
                0x00000000000023c2                mod_config
 .text.sendchar
                0x0000000000002460        0x4 .build/obj_kinesis_nguyenvietyen_kinesismod/quantum/logging/sendchar.o
                0x0000000000002460                sendchar
 .text.matrix_get_row
                0x0000000000002464        0xc .build/obj_kinesis_nguyenvietyen_kinesismod/quantum/matrix_common.o
                0x0000000000002464                matrix_get_row
 .text.matrix_print
                0x0000000000002470        0x2 .build/obj_kinesis_nguyenvietyen_kinesismod/quantum/matrix_common.o
                0x0000000000002470                matrix_print
 .text.matrix_io_delay
                0x0000000000002472        0x8 .build/obj_kinesis_nguyenvietyen_kinesismod/quantum/matrix_common.o
                0x0000000000002472                matrix_io_delay
 .text.matrix_init_custom
                0x000000000000247a        0x2 .build/obj_kinesis_nguyenvietyen_kinesismod/quantum/matrix_common.o
 .text.matrix_scan_user
                0x000000000000247c        0x6 .build/obj_kinesis_nguyenvietyen_kinesismod/quantum/matrix_common.o
                0x000000000000247c                matrix_scan_user
 .text.matrix_scan_kb
                0x0000000000002482        0x6 .build/obj_kinesis_nguyenvietyen_kinesismod/quantum/matrix_common.o
                0x0000000000002482                matrix_scan_kb
 .text.matrix_init_user
                0x0000000000002488        0x6 .build/obj_kinesis_nguyenvietyen_kinesismod/quantum/matrix_common.o
                0x0000000000002488                matrix_init_user
 .text.matrix_init_kb
                0x000000000000248e        0x6 .build/obj_kinesis_nguyenvietyen_kinesismod/quantum/matrix_common.o
                0x000000000000248e                matrix_init_kb
 .text.matrix_init
                0x0000000000002494       0x24 .build/obj_kinesis_nguyenvietyen_kinesismod/quantum/matrix_common.o
                0x0000000000002494                matrix_init
 .text.matrix_scan
                0x00000000000024b8       0x26 .build/obj_kinesis_nguyenvietyen_kinesismod/quantum/matrix_common.o
                0x00000000000024b8                matrix_scan
 .text.debounce_init
                0x00000000000024de        0x2 .build/obj_kinesis_nguyenvietyen_kinesismod/quantum/debounce/sym_defer_g.o
                0x00000000000024de                debounce_init
 .text.debounce
                0x00000000000024e0       0x74 .build/obj_kinesis_nguyenvietyen_kinesismod/quantum/debounce/sym_defer_g.o
                0x00000000000024e0                debounce
 .text.protocol_keyboard_task
                0x0000000000002554        0x6 .build/obj_kinesis_nguyenvietyen_kinesismod/quantum/main.o
                0x0000000000002554                protocol_keyboard_task
 .text.startup.main
                0x000000000000255a       0x2a .build/obj_kinesis_nguyenvietyen_kinesismod/quantum/main.o
                0x000000000000255a                main
 .text.print_set_sendchar
                0x0000000000002584        0xa .build/obj_kinesis_nguyenvietyen_kinesismod/platforms/avr/printf.o
                0x0000000000002584                print_set_sendchar
 .text.sleep_led_init
                0x000000000000258e       0x24 .build/obj_kinesis_nguyenvietyen_kinesismod/platforms/avr/sleep_led.o
                0x000000000000258e                sleep_led_init
 .text.sleep_led_enable
                0x00000000000025b2        0xc .build/obj_kinesis_nguyenvietyen_kinesismod/platforms/avr/sleep_led.o
                0x00000000000025b2                sleep_led_enable
 .text.sleep_led_disable
                0x00000000000025be        0xc .build/obj_kinesis_nguyenvietyen_kinesismod/platforms/avr/sleep_led.o
                0x00000000000025be                sleep_led_disable
 .text.__vector_17
                0x00000000000025ca       0x8e .build/obj_kinesis_nguyenvietyen_kinesismod/platforms/avr/sleep_led.o
                0x00000000000025ca                __vector_17
 .text.process_caps_word
                0x0000000000002658      0x128 .build/obj_kinesis_nguyenvietyen_kinesismod/quantum/process_keycode/process_caps_word.o
                0x0000000000002658                process_caps_word
 .text.caps_word_reset_idle_timer
                0x0000000000002780       0x12 .build/obj_kinesis_nguyenvietyen_kinesismod/quantum/caps_word.o
                0x0000000000002780                caps_word_reset_idle_timer
 .text.is_caps_word_on
                0x0000000000002792        0x6 .build/obj_kinesis_nguyenvietyen_kinesismod/quantum/caps_word.o
                0x0000000000002792                is_caps_word_on
 .text.caps_word_set_user
                0x0000000000002798        0x2 .build/obj_kinesis_nguyenvietyen_kinesismod/quantum/caps_word.o
                0x0000000000002798                caps_word_set_user
 .text.caps_word_on
                0x000000000000279a       0x20 .build/obj_kinesis_nguyenvietyen_kinesismod/quantum/caps_word.o
                0x000000000000279a                caps_word_on
 .text.caps_word_off
                0x00000000000027ba       0x1a .build/obj_kinesis_nguyenvietyen_kinesismod/quantum/caps_word.o
                0x00000000000027ba                caps_word_off
 .text.caps_word_task
                0x00000000000027d4       0x24 .build/obj_kinesis_nguyenvietyen_kinesismod/quantum/caps_word.o
                0x00000000000027d4                caps_word_task
 .text.caps_word_toggle
                0x00000000000027f8       0x14 .build/obj_kinesis_nguyenvietyen_kinesismod/quantum/caps_word.o
                0x00000000000027f8                caps_word_toggle
 .text.process_grave_esc
                0x000000000000280c       0x54 .build/obj_kinesis_nguyenvietyen_kinesismod/quantum/process_keycode/process_grave_esc.o
                0x000000000000280c                process_grave_esc
 .text.process_magic
                0x0000000000002860      0x1d4 .build/obj_kinesis_nguyenvietyen_kinesismod/quantum/process_keycode/process_magic.o
                0x0000000000002860                process_magic
 .text.times_inv_sqrt2
                0x0000000000002a34       0x1c .build/obj_kinesis_nguyenvietyen_kinesismod/quantum/mousekey.o
 .text.move_unit
                0x0000000000002a50       0x7e .build/obj_kinesis_nguyenvietyen_kinesismod/quantum/mousekey.o
 .text.wheel_unit
                0x0000000000002ace       0x72 .build/obj_kinesis_nguyenvietyen_kinesismod/quantum/mousekey.o
 .text.mousekey_on
                0x0000000000002b40       0xb6 .build/obj_kinesis_nguyenvietyen_kinesismod/quantum/mousekey.o
                0x0000000000002b40                mousekey_on
 .text.mousekey_off
                0x0000000000002bf6       0xee .build/obj_kinesis_nguyenvietyen_kinesismod/quantum/mousekey.o
                0x0000000000002bf6                mousekey_off
 .text.mousekey_send
                0x0000000000002ce4       0x3e .build/obj_kinesis_nguyenvietyen_kinesismod/quantum/mousekey.o
                0x0000000000002ce4                mousekey_send
 .text.mousekey_clear
                0x0000000000002d22       0x1c .build/obj_kinesis_nguyenvietyen_kinesismod/quantum/mousekey.o
                0x0000000000002d22                mousekey_clear
 .text.should_mousekey_report_send
                0x0000000000002d3e       0x28 .build/obj_kinesis_nguyenvietyen_kinesismod/quantum/mousekey.o
                0x0000000000002d3e                should_mousekey_report_send
 .text.mousekey_task
                0x0000000000002d66      0x1dc .build/obj_kinesis_nguyenvietyen_kinesismod/quantum/mousekey.o
                0x0000000000002d66                mousekey_task
 .text.perform_space_cadet
                0x0000000000002f42       0xd2 .build/obj_kinesis_nguyenvietyen_kinesismod/quantum/process_keycode/process_space_cadet.o
                0x0000000000002f42                perform_space_cadet
 .text.process_space_cadet
                0x0000000000003014       0x86 .build/obj_kinesis_nguyenvietyen_kinesismod/quantum/process_keycode/process_space_cadet.o
                0x0000000000003014                process_space_cadet
 .text.host_set_driver
                0x000000000000309a        0xa .build/obj_kinesis_nguyenvietyen_kinesismod/protocol/host.o
                0x000000000000309a                host_set_driver
 .text.host_keyboard_leds
                0x00000000000030a4       0x1a .build/obj_kinesis_nguyenvietyen_kinesismod/protocol/host.o
                0x00000000000030a4                host_keyboard_leds
 .text.host_keyboard_led_state
                0x00000000000030be        0x6 .build/obj_kinesis_nguyenvietyen_kinesismod/protocol/host.o
                0x00000000000030be                host_keyboard_led_state
 .text.host_keyboard_send
                0x00000000000030c4       0x16 .build/obj_kinesis_nguyenvietyen_kinesismod/protocol/host.o
                0x00000000000030c4                host_keyboard_send
 .text.host_nkro_send
                0x00000000000030da       0x1c .build/obj_kinesis_nguyenvietyen_kinesismod/protocol/host.o
                0x00000000000030da                host_nkro_send
 .text.host_mouse_send
                0x00000000000030f6       0x1c .build/obj_kinesis_nguyenvietyen_kinesismod/protocol/host.o
                0x00000000000030f6                host_mouse_send
 .text.host_system_send
                0x0000000000003112       0x4a .build/obj_kinesis_nguyenvietyen_kinesismod/protocol/host.o
                0x0000000000003112                host_system_send
 .text.host_consumer_send
                0x000000000000315c       0x4a .build/obj_kinesis_nguyenvietyen_kinesismod/protocol/host.o
                0x000000000000315c                host_consumer_send
 .text.has_anykey
                0x00000000000031a6       0x3c .build/obj_kinesis_nguyenvietyen_kinesismod/protocol/report.o
                0x00000000000031a6                has_anykey
 .text.is_key_pressed
                0x00000000000031e2       0x72 .build/obj_kinesis_nguyenvietyen_kinesismod/protocol/report.o
                0x00000000000031e2                is_key_pressed
 .text.add_key_byte
                0x0000000000003254       0x34 .build/obj_kinesis_nguyenvietyen_kinesismod/protocol/report.o
                0x0000000000003254                add_key_byte
 .text.del_key_byte
                0x0000000000003288       0x1a .build/obj_kinesis_nguyenvietyen_kinesismod/protocol/report.o
                0x0000000000003288                del_key_byte
 .text.add_key_bit
                0x00000000000032a2       0x28 .build/obj_kinesis_nguyenvietyen_kinesismod/protocol/report.o
                0x00000000000032a2                add_key_bit
 .text.del_key_bit
                0x00000000000032ca       0x2a .build/obj_kinesis_nguyenvietyen_kinesismod/protocol/report.o
                0x00000000000032ca                del_key_bit
 .text.add_key_to_report
                0x00000000000032f4       0x2e .build/obj_kinesis_nguyenvietyen_kinesismod/protocol/report.o
                0x00000000000032f4                add_key_to_report
 .text.del_key_from_report
                0x0000000000003322       0x2e .build/obj_kinesis_nguyenvietyen_kinesismod/protocol/report.o
                0x0000000000003322                del_key_from_report
 .text.clear_keys_from_report
                0x0000000000003350       0x34 .build/obj_kinesis_nguyenvietyen_kinesismod/protocol/report.o
                0x0000000000003350                clear_keys_from_report
 .text.has_mouse_report_changed
                0x0000000000003384       0x5c .build/obj_kinesis_nguyenvietyen_kinesismod/protocol/report.o
                0x0000000000003384                has_mouse_report_changed
 .text.notify_usb_device_state_change_user
                0x00000000000033e0        0x2 .build/obj_kinesis_nguyenvietyen_kinesismod/protocol/usb_device_state.o
                0x00000000000033e0                notify_usb_device_state_change_user
 .text.notify_usb_device_state_change_kb
                0x00000000000033e2        0x6 .build/obj_kinesis_nguyenvietyen_kinesismod/protocol/usb_device_state.o
                0x00000000000033e2                notify_usb_device_state_change_kb
 .text.usb_device_state_set_suspend
                0x00000000000033e8        0xc .build/obj_kinesis_nguyenvietyen_kinesismod/protocol/usb_device_state.o
                0x00000000000033e8                usb_device_state_set_suspend
 .text.usb_device_state_set_resume
                0x00000000000033f4       0x14 .build/obj_kinesis_nguyenvietyen_kinesismod/protocol/usb_device_state.o
                0x00000000000033f4                usb_device_state_set_resume
 .text.usb_device_state_set_configuration
                0x0000000000003408        0x6 .build/obj_kinesis_nguyenvietyen_kinesismod/protocol/usb_device_state.o
                0x0000000000003408                usb_device_state_set_configuration
 .text.usb_device_state_init
                0x000000000000340e        0xc .build/obj_kinesis_nguyenvietyen_kinesismod/protocol/usb_device_state.o
                0x000000000000340e                usb_device_state_init
 .text.usb_device_state_set_reset
                0x000000000000341a        0x6 .build/obj_kinesis_nguyenvietyen_kinesismod/protocol/usb_device_state.o
                0x000000000000341a                usb_device_state_set_reset
 .text.suspend_wakeup_init_user
                0x0000000000003420        0x2 .build/obj_kinesis_nguyenvietyen_kinesismod/platforms/suspend.o
                0x0000000000003420                suspend_wakeup_init_user
 .text.suspend_power_down_user
                0x0000000000003422        0x6 .build/obj_kinesis_nguyenvietyen_kinesismod/platforms/suspend.o
                0x0000000000003422                suspend_power_down_user
 .text.suspend_power_down_kb
                0x0000000000003428        0x6 .build/obj_kinesis_nguyenvietyen_kinesismod/platforms/suspend.o
                0x0000000000003428                suspend_power_down_kb
 .text.matrix_power_down
                0x000000000000342e        0x6 .build/obj_kinesis_nguyenvietyen_kinesismod/platforms/suspend.o
                0x000000000000342e                matrix_power_down
 .text.matrix_power_up
                0x0000000000003434        0x6 .build/obj_kinesis_nguyenvietyen_kinesismod/platforms/suspend.o
                0x0000000000003434                matrix_power_up
 .text.suspend_wakeup_init_kb
                0x000000000000343a        0x6 .build/obj_kinesis_nguyenvietyen_kinesismod/platforms/suspend.o
                0x000000000000343a                suspend_wakeup_init_kb
 .text.suspend_wakeup_condition
                0x0000000000003440       0x28 .build/obj_kinesis_nguyenvietyen_kinesismod/platforms/suspend.o
                0x0000000000003440                suspend_wakeup_condition
 .text.platform_setup
                0x0000000000003468        0xe .build/obj_kinesis_nguyenvietyen_kinesismod/platforms/avr/platform.o
                0x0000000000003468                platform_setup
 .text.suspend_power_down
                0x0000000000003476        0xe .build/obj_kinesis_nguyenvietyen_kinesismod/platforms/avr/suspend.o
                0x0000000000003476                suspend_power_down
 .text.suspend_wakeup_init
                0x0000000000003484        0xa .build/obj_kinesis_nguyenvietyen_kinesismod/platforms/avr/suspend.o
                0x0000000000003484                suspend_wakeup_init
 .text.timer_init
                0x000000000000348e       0x12 .build/obj_kinesis_nguyenvietyen_kinesismod/platforms/avr/timer.o
                0x000000000000348e                timer_init
 .text.timer_read
                0x00000000000034a0       0x18 .build/obj_kinesis_nguyenvietyen_kinesismod/platforms/avr/timer.o
                0x00000000000034a0                timer_read
 .text.timer_read32
                0x00000000000034b8       0x18 .build/obj_kinesis_nguyenvietyen_kinesismod/platforms/avr/timer.o
                0x00000000000034b8                timer_read32
 .text.timer_elapsed
                0x00000000000034d0       0x1e .build/obj_kinesis_nguyenvietyen_kinesismod/platforms/avr/timer.o
                0x00000000000034d0                timer_elapsed
 .text.__vector_21
                0x00000000000034ee       0x4c .build/obj_kinesis_nguyenvietyen_kinesismod/platforms/avr/timer.o
                0x00000000000034ee                __vector_21
 .text.bootloader_jump
                0x000000000000353a       0x22 .build/obj_kinesis_nguyenvietyen_kinesismod/platforms/avr/bootloaders/caterina.o
                0x000000000000353a                bootloader_jump
 .text.mcu_reset
                0x000000000000355c       0x16 .build/obj_kinesis_nguyenvietyen_kinesismod/platforms/avr/bootloaders/caterina.o
                0x000000000000355c                mcu_reset
 .text.keyboard_leds
                0x0000000000003572        0x6 .build/obj_kinesis_nguyenvietyen_kinesismod/lufa.o
 .text.send_report
                0x0000000000003578       0x48 .build/obj_kinesis_nguyenvietyen_kinesismod/lufa.o
                0x0000000000003578                send_report
 .text.send_extra
                0x00000000000035c0        0xe .build/obj_kinesis_nguyenvietyen_kinesismod/lufa.o
 .text.send_mouse
                0x00000000000035ce        0xe .build/obj_kinesis_nguyenvietyen_kinesismod/lufa.o
 .text.send_nkro
                0x00000000000035dc        0xe .build/obj_kinesis_nguyenvietyen_kinesismod/lufa.o
 .text.send_keyboard
                0x00000000000035ea       0x28 .build/obj_kinesis_nguyenvietyen_kinesismod/lufa.o
 .text.EVENT_USB_Device_Connect
                0x0000000000003612       0x1c .build/obj_kinesis_nguyenvietyen_kinesismod/lufa.o
                0x0000000000003612                EVENT_USB_Device_Connect
 .text.EVENT_USB_Device_Disconnect
                0x000000000000362e        0x6 .build/obj_kinesis_nguyenvietyen_kinesismod/lufa.o
                0x000000000000362e                EVENT_USB_Device_Disconnect
 .text.EVENT_USB_Device_Reset
                0x0000000000003634        0x6 .build/obj_kinesis_nguyenvietyen_kinesismod/lufa.o
                0x0000000000003634                EVENT_USB_Device_Reset
 .text.EVENT_USB_Device_Suspend
                0x000000000000363a       0x16 .build/obj_kinesis_nguyenvietyen_kinesismod/lufa.o
                0x000000000000363a                EVENT_USB_Device_Suspend
 .text.EVENT_USB_Device_WakeUp
                0x0000000000003650       0x22 .build/obj_kinesis_nguyenvietyen_kinesismod/lufa.o
                0x0000000000003650                EVENT_USB_Device_WakeUp
 .text.EVENT_USB_Device_ConfigurationChanged
                0x0000000000003672       0x2a .build/obj_kinesis_nguyenvietyen_kinesismod/lufa.o
                0x0000000000003672                EVENT_USB_Device_ConfigurationChanged
 .text.EVENT_USB_Device_ControlRequest
                0x000000000000369c      0x17e .build/obj_kinesis_nguyenvietyen_kinesismod/lufa.o
                0x000000000000369c                EVENT_USB_Device_ControlRequest
 .text.protocol_setup
                0x000000000000381a       0x34 .build/obj_kinesis_nguyenvietyen_kinesismod/lufa.o
                0x000000000000381a                protocol_setup
 .text.protocol_pre_init
                0x000000000000384e       0x1a .build/obj_kinesis_nguyenvietyen_kinesismod/lufa.o
                0x000000000000384e                protocol_pre_init
 .text.protocol_post_init
                0x0000000000003868        0xa .build/obj_kinesis_nguyenvietyen_kinesismod/lufa.o
                0x0000000000003868                protocol_post_init
 .text.protocol_pre_task
                0x0000000000003872       0x34 .build/obj_kinesis_nguyenvietyen_kinesismod/lufa.o
                0x0000000000003872                protocol_pre_task
 .text.protocol_post_task
                0x00000000000038a6        0x2 .build/obj_kinesis_nguyenvietyen_kinesismod/lufa.o
                0x00000000000038a6                protocol_post_task
 .text.CALLBACK_USB_GetDescriptor
                0x00000000000038a8       0x10 .build/obj_kinesis_nguyenvietyen_kinesismod/lufa.o
                0x00000000000038a8                CALLBACK_USB_GetDescriptor
 .text.get_usb_descriptor
                0x00000000000038b8       0xb2 .build/obj_kinesis_nguyenvietyen_kinesismod/usb_descriptor.o
                0x00000000000038b8                get_usb_descriptor
 .text.USB_Device_SendRemoteWakeup
                0x000000000000396a       0x2c .build/obj_kinesis_nguyenvietyen_kinesismod/lib/lufa/LUFA/Drivers/USB/Core/AVR8/Device_AVR8.o
                0x000000000000396a                USB_Device_SendRemoteWakeup
 .text.Endpoint_Write_Stream_LE
                0x0000000000003996       0x8a .build/obj_kinesis_nguyenvietyen_kinesismod/lib/lufa/LUFA/Drivers/USB/Core/AVR8/EndpointStream_AVR8.o
                0x0000000000003996                Endpoint_Write_Stream_LE
 .text.Endpoint_Write_Control_Stream_LE
                0x0000000000003a20       0xbc .build/obj_kinesis_nguyenvietyen_kinesismod/lib/lufa/LUFA/Drivers/USB/Core/AVR8/EndpointStream_AVR8.o
                0x0000000000003a20                Endpoint_Write_Control_Stream_LE
 .text.Endpoint_Write_Control_PStream_LE
                0x0000000000003adc       0xc2 .build/obj_kinesis_nguyenvietyen_kinesismod/lib/lufa/LUFA/Drivers/USB/Core/AVR8/EndpointStream_AVR8.o
                0x0000000000003adc                Endpoint_Write_Control_PStream_LE
 .text.Endpoint_ConfigureEndpoint_Prv
                0x0000000000003b9e       0x6a .build/obj_kinesis_nguyenvietyen_kinesismod/lib/lufa/LUFA/Drivers/USB/Core/AVR8/Endpoint_AVR8.o
                0x0000000000003b9e                Endpoint_ConfigureEndpoint_Prv
 .text.Endpoint_ClearStatusStage
                0x0000000000003c08       0x3e .build/obj_kinesis_nguyenvietyen_kinesismod/lib/lufa/LUFA/Drivers/USB/Core/AVR8/Endpoint_AVR8.o
                0x0000000000003c08                Endpoint_ClearStatusStage
 .text.Endpoint_WaitUntilReady
                0x0000000000003c46       0x66 .build/obj_kinesis_nguyenvietyen_kinesismod/lib/lufa/LUFA/Drivers/USB/Core/AVR8/Endpoint_AVR8.o
                0x0000000000003c46                Endpoint_WaitUntilReady
 .text.USB_Disable
                0x0000000000003cac       0x34 .build/obj_kinesis_nguyenvietyen_kinesismod/lib/lufa/LUFA/Drivers/USB/Core/AVR8/USBController_AVR8.o
                0x0000000000003cac                USB_Disable
 .text.USB_ResetInterface
                0x0000000000003ce0       0x86 .build/obj_kinesis_nguyenvietyen_kinesismod/lib/lufa/LUFA/Drivers/USB/Core/AVR8/USBController_AVR8.o
                0x0000000000003ce0                USB_ResetInterface
 .text.USB_Init
                0x0000000000003d66       0x24 .build/obj_kinesis_nguyenvietyen_kinesismod/lib/lufa/LUFA/Drivers/USB/Core/AVR8/USBController_AVR8.o
                0x0000000000003d66                USB_Init
 .text.USB_INT_DisableAllInterrupts
                0x0000000000003d8a       0x10 .build/obj_kinesis_nguyenvietyen_kinesismod/lib/lufa/LUFA/Drivers/USB/Core/AVR8/USBInterrupt_AVR8.o
                0x0000000000003d8a                USB_INT_DisableAllInterrupts
 .text.USB_INT_ClearAllInterrupts
                0x0000000000003d9a        0xa .build/obj_kinesis_nguyenvietyen_kinesismod/lib/lufa/LUFA/Drivers/USB/Core/AVR8/USBInterrupt_AVR8.o
                0x0000000000003d9a                USB_INT_ClearAllInterrupts
 .text.__vector_10
                0x0000000000003da4      0x1a4 .build/obj_kinesis_nguyenvietyen_kinesismod/lib/lufa/LUFA/Drivers/USB/Core/AVR8/USBInterrupt_AVR8.o
                0x0000000000003da4                __vector_10
 .text.__vector_11
                0x0000000000003f48       0x88 .build/obj_kinesis_nguyenvietyen_kinesismod/lib/lufa/LUFA/Drivers/USB/Core/AVR8/USBInterrupt_AVR8.o
                0x0000000000003f48                __vector_11
 .text.USB_Device_ProcessControlRequest
                0x0000000000003fd0      0x2aa .build/obj_kinesis_nguyenvietyen_kinesismod/lib/lufa/LUFA/Drivers/USB/Core/DeviceStandardReq.o
                0x0000000000003fd0                USB_Device_ProcessControlRequest
 .text.USB_Event_Stub
                0x000000000000427a        0x2 .build/obj_kinesis_nguyenvietyen_kinesismod/lib/lufa/LUFA/Drivers/USB/Core/Events.o
                0x000000000000427a                USB_Event_Stub
                0x000000000000427a                EVENT_USB_Device_StartOfFrame
 .text.USB_USBTask
                0x000000000000427c       0x36 .build/obj_kinesis_nguyenvietyen_kinesismod/lib/lufa/LUFA/Drivers/USB/Core/USBTask.o
                0x000000000000427c                USB_USBTask
 .text.libgcc.div
                0x00000000000042b2       0x28 /usr/lib/gcc/avr/5.4.0/avr5/libgcc.a(_divmodhi4.o)
                0x00000000000042b2                __divmodhi4
                0x00000000000042b2                _div
 .text.libgcc   0x00000000000042da        0xc /usr/lib/gcc/avr/5.4.0/avr5/libgcc.a(_tablejump2.o)
                0x00000000000042da                __tablejump2__
 .text.libgcc.prologue
                0x00000000000042e6       0x38 /usr/lib/gcc/avr/5.4.0/avr5/libgcc.a(_prologue.o)
                0x00000000000042e6                __prologue_saves__
 .text.libgcc.prologue
                0x000000000000431e       0x36 /usr/lib/gcc/avr/5.4.0/avr5/libgcc.a(_epilogue.o)
                0x000000000000431e                __epilogue_restores__
 .text.libgcc.div
                0x0000000000004354       0x28 /usr/lib/gcc/avr/5.4.0/avr5/libgcc.a(_udivmodhi4.o)
                0x0000000000004354                __udivmodhi4
 .text.avr-libc
                0x000000000000437c       0x1a /usr/lib/gcc/avr/5.4.0/../../../avr/lib/avr5/libc.a(memcmp.o)
                0x000000000000437c                memcmp
 .text.avr-libc
                0x0000000000004396       0x12 /usr/lib/gcc/avr/5.4.0/../../../avr/lib/avr5/libc.a(memcpy.o)
                0x0000000000004396                memcpy
 .text.avr-libc
                0x00000000000043a8       0x10 /usr/lib/gcc/avr/5.4.0/../../../avr/lib/avr5/libatmega32u4.a(eerd_byte.o)
                0x00000000000043a8                eeprom_read_byte
 .text.avr-libc
                0x00000000000043b8        0xc /usr/lib/gcc/avr/5.4.0/../../../avr/lib/avr5/libatmega32u4.a(eerd_word.o)
                0x00000000000043b8                eeprom_read_word
 .text.avr-libc
                0x00000000000043c4       0x20 /usr/lib/gcc/avr/5.4.0/../../../avr/lib/avr5/libatmega32u4.a(eeupd_block.o)
                0x00000000000043c4                eeprom_update_block
 .text.avr-libc
                0x00000000000043e4       0x24 /usr/lib/gcc/avr/5.4.0/../../../avr/lib/avr5/libatmega32u4.a(eeupd_byte.o)
                0x00000000000043e4                eeprom_update_byte
                0x00000000000043e6                eeprom_update_r18
 .text.avr-libc
                0x0000000000004408       0x18 /usr/lib/gcc/avr/5.4.0/../../../avr/lib/avr5/libatmega32u4.a(eeupd_dword.o)
                0x0000000000004408                eeprom_update_dword
                0x0000000000004408                eeprom_update_float
 .text.avr-libc
                0x0000000000004420        0xc /usr/lib/gcc/avr/5.4.0/../../../avr/lib/avr5/libatmega32u4.a(eeupd_word.o)
                0x0000000000004420                eeprom_update_word
 .text.avr-libc
                0x000000000000442c       0x20 /usr/lib/gcc/avr/5.4.0/../../../avr/lib/avr5/libatmega32u4.a(eerd_block.o)
                0x000000000000442c                eeprom_read_block
                0x0000000000004430                eeprom_read_blraw
                0x000000000000444c                . = ALIGN (0x2)
 *(.fini9)
 .fini9         0x000000000000444c        0x0 /usr/lib/gcc/avr/5.4.0/avr5/libgcc.a(_exit.o)
                0x000000000000444c                exit
                0x000000000000444c                _exit
 *(.fini9)
 *(.fini8)
 *(.fini8)
 *(.fini7)
 *(.fini7)
 *(.fini6)
 *(.fini6)
 *(.fini5)
 *(.fini5)
 *(.fini4)
 *(.fini4)
 *(.fini3)
 *(.fini3)
 *(.fini2)
 *(.fini2)
 *(.fini1)
 *(.fini1)
 *(.fini0)
 .fini0         0x000000000000444c        0x4 /usr/lib/gcc/avr/5.4.0/avr5/libgcc.a(_exit.o)
 *(.fini0)
                0x0000000000004450                _etext = .

.data           0x0000000000800100       0x8a load address 0x0000000000004450
                0x0000000000800100                PROVIDE (__data_start, .)
 *(.data)
 *(.data*)
 .data.nkro_report
                0x0000000000800100        0x2 .build/obj_kinesis_nguyenvietyen_kinesismod/quantum/action_util.o
                0x0000000000800100                nkro_report
 .data.keyboard_report
                0x0000000000800102        0x2 .build/obj_kinesis_nguyenvietyen_kinesismod/quantum/action_util.o
                0x0000000000800102                keyboard_report
 .data.mk_wheel_time_to_max
                0x0000000000800104        0x1 .build/obj_kinesis_nguyenvietyen_kinesismod/quantum/mousekey.o
                0x0000000000800104                mk_wheel_time_to_max
 .data.mk_wheel_max_speed
                0x0000000000800105        0x1 .build/obj_kinesis_nguyenvietyen_kinesismod/quantum/mousekey.o
                0x0000000000800105                mk_wheel_max_speed
 .data.mk_wheel_interval
                0x0000000000800106        0x1 .build/obj_kinesis_nguyenvietyen_kinesismod/quantum/mousekey.o
                0x0000000000800106                mk_wheel_interval
 .data.mk_wheel_delay
                0x0000000000800107        0x1 .build/obj_kinesis_nguyenvietyen_kinesismod/quantum/mousekey.o
                0x0000000000800107                mk_wheel_delay
 .data.mk_time_to_max
                0x0000000000800108        0x1 .build/obj_kinesis_nguyenvietyen_kinesismod/quantum/mousekey.o
                0x0000000000800108                mk_time_to_max
 .data.mk_max_speed
                0x0000000000800109        0x1 .build/obj_kinesis_nguyenvietyen_kinesismod/quantum/mousekey.o
                0x0000000000800109                mk_max_speed
 .data.mk_interval
                0x000000000080010a        0x1 .build/obj_kinesis_nguyenvietyen_kinesismod/quantum/mousekey.o
                0x000000000080010a                mk_interval
 .data.mk_delay
                0x000000000080010b        0x1 .build/obj_kinesis_nguyenvietyen_kinesismod/quantum/mousekey.o
                0x000000000080010b                mk_delay
 .data.lufa_driver
                0x000000000080010c        0xa .build/obj_kinesis_nguyenvietyen_kinesismod/lufa.o
                0x000000000080010c                lufa_driver
 .data.keyboard_protocol
                0x0000000000800116        0x1 .build/obj_kinesis_nguyenvietyen_kinesismod/lufa.o
                0x0000000000800116                keyboard_protocol
 *(.gnu.linkonce.d*)
 *(.rodata)
 *(.rodata*)
 .rodata.CSWTCH.11
                0x0000000000800117       0x36 .build/obj_kinesis_nguyenvietyen_kinesismod/quantum/action.o
 .rodata.CSWTCH.9
                0x000000000080014d        0x3 .build/obj_kinesis_nguyenvietyen_kinesismod/quantum/action.o
 .rodata.CSWTCH.4
                0x0000000000800150       0x36 .build/obj_kinesis_nguyenvietyen_kinesismod/quantum/keymap_common.o
 .rodata.CSWTCH.2
                0x0000000000800186        0x3 .build/obj_kinesis_nguyenvietyen_kinesismod/quantum/keymap_common.o
 *(.gnu.linkonce.r*)
                0x000000000080018a                . = ALIGN (0x2)
 *fill*         0x0000000000800189        0x1 
                0x000000000080018a                _edata = .
                0x000000000080018a                PROVIDE (__data_end, .)

.bss            0x000000000080018a      0x15b
                0x000000000080018a                PROVIDE (__bss_start, .)
 *(.bss)
 .bss           0x000000000080018a        0x2 .build/obj_kinesis_nguyenvietyen_kinesismod/platforms/avr/xprintf.o
                0x000000000080018a                xfunc_out
 *(.bss*)
 .bss.last_led_status.3712
                0x000000000080018c        0x1 .build/obj_kinesis_nguyenvietyen_kinesismod/quantum/led.o
 .bss.last_led_modification_time
                0x000000000080018d        0x4 .build/obj_kinesis_nguyenvietyen_kinesismod/quantum/led.o
 .bss.disable_action_cache
                0x0000000000800191        0x1 .build/obj_kinesis_nguyenvietyen_kinesismod/quantum/action.o
                0x0000000000800191                disable_action_cache
 .bss.source_layers_cache
                0x0000000000800192       0x40 .build/obj_kinesis_nguyenvietyen_kinesismod/quantum/action_layer.o
                0x0000000000800192                source_layers_cache
 .bss.layer_state
                0x00000000008001d2        0x2 .build/obj_kinesis_nguyenvietyen_kinesismod/quantum/action_layer.o
                0x00000000008001d2                layer_state
 .bss.default_layer_state
                0x00000000008001d4        0x2 .build/obj_kinesis_nguyenvietyen_kinesismod/quantum/action_layer.o
                0x00000000008001d4                default_layer_state
 .bss.waiting_buffer_tail
                0x00000000008001d6        0x1 .build/obj_kinesis_nguyenvietyen_kinesismod/quantum/action_tapping.o
 .bss.waiting_buffer_head
                0x00000000008001d7        0x1 .build/obj_kinesis_nguyenvietyen_kinesismod/quantum/action_tapping.o
 .bss.waiting_buffer
                0x00000000008001d8       0x38 .build/obj_kinesis_nguyenvietyen_kinesismod/quantum/action_tapping.o
 .bss.tapping_key
                0x0000000000800210        0x7 .build/obj_kinesis_nguyenvietyen_kinesismod/quantum/action_tapping.o
 .bss.last_report.4436
                0x0000000000800217       0x20 .build/obj_kinesis_nguyenvietyen_kinesismod/quantum/action_util.o
 .bss.last_report.4432
                0x0000000000800237        0x8 .build/obj_kinesis_nguyenvietyen_kinesismod/quantum/action_util.o
 .bss.oneshot_layer_data
                0x000000000080023f        0x1 .build/obj_kinesis_nguyenvietyen_kinesismod/quantum/action_util.o
 .bss.oneshot_locked_mods
                0x0000000000800240        0x1 .build/obj_kinesis_nguyenvietyen_kinesismod/quantum/action_util.o
 .bss.oneshot_mods
                0x0000000000800241        0x1 .build/obj_kinesis_nguyenvietyen_kinesismod/quantum/action_util.o
 .bss.__compound_literal.1
                0x0000000000800242       0x20 .build/obj_kinesis_nguyenvietyen_kinesismod/quantum/action_util.o
 .bss.__compound_literal.0
                0x0000000000800262        0x8 .build/obj_kinesis_nguyenvietyen_kinesismod/quantum/action_util.o
 .bss.weak_mods
                0x000000000080026a        0x1 .build/obj_kinesis_nguyenvietyen_kinesismod/quantum/action_util.o
 .bss.real_mods
                0x000000000080026b        0x1 .build/obj_kinesis_nguyenvietyen_kinesismod/quantum/action_util.o
 .bss.last_tick.4326
                0x000000000080026c        0x2 .build/obj_kinesis_nguyenvietyen_kinesismod/quantum/keyboard.o
 .bss.matrix_previous.4333
                0x000000000080026e       0x10 .build/obj_kinesis_nguyenvietyen_kinesismod/quantum/keyboard.o
 .bss.last_matrix_modification_time
                0x000000000080027e        0x4 .build/obj_kinesis_nguyenvietyen_kinesismod/quantum/keyboard.o
 .bss.last_input_modification_time
                0x0000000000800282        0x4 .build/obj_kinesis_nguyenvietyen_kinesismod/quantum/keyboard.o
 .bss.debug_config
                0x0000000000800286        0x1 .build/obj_kinesis_nguyenvietyen_kinesismod/quantum/logging/debug.o
                0x0000000000800286                debug_config
 .bss.debouncing_time
                0x0000000000800287        0x2 .build/obj_kinesis_nguyenvietyen_kinesismod/quantum/debounce/sym_defer_g.o
 .bss.debouncing
                0x0000000000800289        0x1 .build/obj_kinesis_nguyenvietyen_kinesismod/quantum/debounce/sym_defer_g.o
 .bss.led_state.1827
                0x000000000080028a        0x1 .build/obj_kinesis_nguyenvietyen_kinesismod/platforms/avr/sleep_led.o
 .bss.timer.1826
                0x000000000080028b        0x2 .build/obj_kinesis_nguyenvietyen_kinesismod/platforms/avr/sleep_led.o
 .bss.idle_timer
                0x000000000080028d        0x2 .build/obj_kinesis_nguyenvietyen_kinesismod/quantum/caps_word.o
 .bss.caps_word_active
                0x000000000080028f        0x1 .build/obj_kinesis_nguyenvietyen_kinesismod/quantum/caps_word.o
 .bss.grave_esc_was_shifted
                0x0000000000800290        0x1 .build/obj_kinesis_nguyenvietyen_kinesismod/quantum/process_keycode/process_grave_esc.o
 .bss.last_timer_w
                0x0000000000800291        0x2 .build/obj_kinesis_nguyenvietyen_kinesismod/quantum/mousekey.o
 .bss.last_timer_c
                0x0000000000800293        0x2 .build/obj_kinesis_nguyenvietyen_kinesismod/quantum/mousekey.o
 .bss.mousekey_wheel_repeat
                0x0000000000800295        0x1 .build/obj_kinesis_nguyenvietyen_kinesismod/quantum/mousekey.o
 .bss.mousekey_repeat
                0x0000000000800296        0x1 .build/obj_kinesis_nguyenvietyen_kinesismod/quantum/mousekey.o
 .bss.mousekey_accel
                0x0000000000800297        0x1 .build/obj_kinesis_nguyenvietyen_kinesismod/quantum/mousekey.o
 .bss.mouse_report
                0x0000000000800298        0x6 .build/obj_kinesis_nguyenvietyen_kinesismod/quantum/mousekey.o
 .bss.sc_timer  0x000000000080029e        0x2 .build/obj_kinesis_nguyenvietyen_kinesismod/quantum/process_keycode/process_space_cadet.o
 .bss.sc_last   0x00000000008002a0        0x1 .build/obj_kinesis_nguyenvietyen_kinesismod/quantum/process_keycode/process_space_cadet.o
 .bss.last_consumer_usage
                0x00000000008002a1        0x2 .build/obj_kinesis_nguyenvietyen_kinesismod/protocol/host.o
 .bss.last_system_usage
                0x00000000008002a3        0x2 .build/obj_kinesis_nguyenvietyen_kinesismod/protocol/host.o
 .bss.driver    0x00000000008002a5        0x2 .build/obj_kinesis_nguyenvietyen_kinesismod/protocol/host.o
 .bss.usb_device_state
                0x00000000008002a7        0x1 .build/obj_kinesis_nguyenvietyen_kinesismod/protocol/usb_device_state.o
                0x00000000008002a7                usb_device_state
 .bss.keyboard_report_sent
                0x00000000008002a8        0x8 .build/obj_kinesis_nguyenvietyen_kinesismod/lufa.o
 .bss.keyboard_led_state
                0x00000000008002b0        0x1 .build/obj_kinesis_nguyenvietyen_kinesismod/lufa.o
 .bss.keyboard_idle
                0x00000000008002b1        0x1 .build/obj_kinesis_nguyenvietyen_kinesismod/lufa.o
                0x00000000008002b1                keyboard_idle
 *(COMMON)
 COMMON         0x00000000008002b2        0x2 .build/obj_kinesis_nguyenvietyen_kinesismod/quantum/keycode_config.o
                0x00000000008002b2                keymap_config
 COMMON         0x00000000008002b4       0x20 .build/obj_kinesis_nguyenvietyen_kinesismod/quantum/matrix_common.o
                0x00000000008002b4                raw_matrix
                0x00000000008002c4                matrix
 COMMON         0x00000000008002d4        0x4 .build/obj_kinesis_nguyenvietyen_kinesismod/platforms/avr/timer.o
                0x00000000008002d4                timer_count
 COMMON         0x00000000008002d8        0x3 .build/obj_kinesis_nguyenvietyen_kinesismod/lib/lufa/LUFA/Drivers/USB/Core/DeviceStandardReq.o
                0x00000000008002d8                USB_Device_ConfigurationNumber
                0x00000000008002d9                USB_Device_CurrentlySelfPowered
                0x00000000008002da                USB_Device_RemoteWakeupEnabled
 COMMON         0x00000000008002db        0xa .build/obj_kinesis_nguyenvietyen_kinesismod/lib/lufa/LUFA/Drivers/USB/Core/USBTask.o
                0x00000000008002db                USB_IsInitialized
                0x00000000008002dc                USB_DeviceState
                0x00000000008002dd                USB_ControlRequest
                0x00000000008002e5                PROVIDE (__bss_end, .)
                0x0000000000004450                __data_load_start = LOADADDR (.data)
                0x00000000000044da                __data_load_end = (__data_load_start + SIZEOF (.data))

.noinit         0x00000000008002e5        0x0
                [!provide]                        PROVIDE (__noinit_start, .)
 *(.noinit*)
                [!provide]                        PROVIDE (__noinit_end, .)
                0x00000000008002e5                _end = .
                [!provide]                        PROVIDE (__heap_start, .)

.eeprom         0x0000000000810000        0x0
 *(.eeprom*)
                0x0000000000810000                __eeprom_end = .

.fuse
 *(.fuse)
 *(.lfuse)
 *(.hfuse)
 *(.efuse)

.lock
 *(.lock*)

.signature
 *(.signature*)

.user_signatures
 *(.user_signatures*)

.stab
 *(.stab)

.stabstr
 *(.stabstr)

.stab.excl
 *(.stab.excl)

.stab.exclstr
 *(.stab.exclstr)

.stab.index
 *(.stab.index)

.stab.indexstr
 *(.stab.indexstr)

.comment        0x0000000000000000       0x11
 *(.comment)
 .comment       0x0000000000000000       0x11 .build/obj_kinesis_nguyenvietyen_kinesismod/matrix.o
                                         0x12 (size before relaxing)
 .comment       0x0000000000000011       0x12 .build/obj_kinesis_nguyenvietyen_kinesismod/quantum/keymap_introspection.o
 .comment       0x0000000000000011       0x12 .build/obj_kinesis_nguyenvietyen_kinesismod/quantum/quantum.o
 .comment       0x0000000000000011       0x12 .build/obj_kinesis_nguyenvietyen_kinesismod/quantum/led.o
 .comment       0x0000000000000011       0x12 .build/obj_kinesis_nguyenvietyen_kinesismod/quantum/action.o
 .comment       0x0000000000000011       0x12 .build/obj_kinesis_nguyenvietyen_kinesismod/quantum/action_layer.o
 .comment       0x0000000000000011       0x12 .build/obj_kinesis_nguyenvietyen_kinesismod/quantum/action_tapping.o
 .comment       0x0000000000000011       0x12 .build/obj_kinesis_nguyenvietyen_kinesismod/quantum/action_util.o
 .comment       0x0000000000000011       0x12 .build/obj_kinesis_nguyenvietyen_kinesismod/quantum/eeconfig.o
 .comment       0x0000000000000011       0x12 .build/obj_kinesis_nguyenvietyen_kinesismod/quantum/keyboard.o
 .comment       0x0000000000000011       0x12 .build/obj_kinesis_nguyenvietyen_kinesismod/quantum/keymap_common.o
 .comment       0x0000000000000011       0x12 .build/obj_kinesis_nguyenvietyen_kinesismod/quantum/keycode_config.o
 .comment       0x0000000000000011       0x12 .build/obj_kinesis_nguyenvietyen_kinesismod/quantum/logging/debug.o
 .comment       0x0000000000000011       0x12 .build/obj_kinesis_nguyenvietyen_kinesismod/quantum/logging/sendchar.o
 .comment       0x0000000000000011       0x12 .build/obj_kinesis_nguyenvietyen_kinesismod/quantum/matrix_common.o
 .comment       0x0000000000000011       0x12 .build/obj_kinesis_nguyenvietyen_kinesismod/quantum/debounce/sym_defer_g.o
 .comment       0x0000000000000011       0x12 .build/obj_kinesis_nguyenvietyen_kinesismod/quantum/main.o
 .comment       0x0000000000000011       0x12 .build/obj_kinesis_nguyenvietyen_kinesismod/platforms/avr/printf.o
 .comment       0x0000000000000011       0x12 .build/obj_kinesis_nguyenvietyen_kinesismod/platforms/avr/sleep_led.o
 .comment       0x0000000000000011       0x12 .build/obj_kinesis_nguyenvietyen_kinesismod/quantum/process_keycode/process_caps_word.o
 .comment       0x0000000000000011       0x12 .build/obj_kinesis_nguyenvietyen_kinesismod/quantum/caps_word.o
 .comment       0x0000000000000011       0x12 .build/obj_kinesis_nguyenvietyen_kinesismod/quantum/process_keycode/process_grave_esc.o
 .comment       0x0000000000000011       0x12 .build/obj_kinesis_nguyenvietyen_kinesismod/quantum/process_keycode/process_magic.o
 .comment       0x0000000000000011       0x12 .build/obj_kinesis_nguyenvietyen_kinesismod/quantum/mousekey.o
 .comment       0x0000000000000011       0x12 .build/obj_kinesis_nguyenvietyen_kinesismod/quantum/process_keycode/process_space_cadet.o
 .comment       0x0000000000000011       0x12 .build/obj_kinesis_nguyenvietyen_kinesismod/protocol/host.o
 .comment       0x0000000000000011       0x12 .build/obj_kinesis_nguyenvietyen_kinesismod/protocol/report.o
 .comment       0x0000000000000011       0x12 .build/obj_kinesis_nguyenvietyen_kinesismod/protocol/usb_device_state.o
 .comment       0x0000000000000011       0x12 .build/obj_kinesis_nguyenvietyen_kinesismod/platforms/suspend.o
 .comment       0x0000000000000011       0x12 .build/obj_kinesis_nguyenvietyen_kinesismod/platforms/avr/platform.o
 .comment       0x0000000000000011       0x12 .build/obj_kinesis_nguyenvietyen_kinesismod/platforms/avr/suspend.o
 .comment       0x0000000000000011       0x12 .build/obj_kinesis_nguyenvietyen_kinesismod/platforms/avr/timer.o
 .comment       0x0000000000000011       0x12 .build/obj_kinesis_nguyenvietyen_kinesismod/platforms/avr/bootloaders/caterina.o
 .comment       0x0000000000000011       0x12 .build/obj_kinesis_nguyenvietyen_kinesismod/lufa.o
 .comment       0x0000000000000011       0x12 .build/obj_kinesis_nguyenvietyen_kinesismod/usb_descriptor.o
 .comment       0x0000000000000011       0x12 .build/obj_kinesis_nguyenvietyen_kinesismod/lib/lufa/LUFA/Drivers/USB/Core/AVR8/Device_AVR8.o
 .comment       0x0000000000000011       0x12 .build/obj_kinesis_nguyenvietyen_kinesismod/lib/lufa/LUFA/Drivers/USB/Core/AVR8/EndpointStream_AVR8.o
 .comment       0x0000000000000011       0x12 .build/obj_kinesis_nguyenvietyen_kinesismod/lib/lufa/LUFA/Drivers/USB/Core/AVR8/Endpoint_AVR8.o
 .comment       0x0000000000000011       0x12 .build/obj_kinesis_nguyenvietyen_kinesismod/lib/lufa/LUFA/Drivers/USB/Core/AVR8/USBController_AVR8.o
 .comment       0x0000000000000011       0x12 .build/obj_kinesis_nguyenvietyen_kinesismod/lib/lufa/LUFA/Drivers/USB/Core/AVR8/USBInterrupt_AVR8.o
 .comment       0x0000000000000011       0x12 .build/obj_kinesis_nguyenvietyen_kinesismod/lib/lufa/LUFA/Drivers/USB/Core/DeviceStandardReq.o
 .comment       0x0000000000000011       0x12 .build/obj_kinesis_nguyenvietyen_kinesismod/lib/lufa/LUFA/Drivers/USB/Core/Events.o
 .comment       0x0000000000000011       0x12 .build/obj_kinesis_nguyenvietyen_kinesismod/lib/lufa/LUFA/Drivers/USB/Core/USBTask.o

.note.gnu.avr.deviceinfo
                0x0000000000000000       0x40
 .note.gnu.avr.deviceinfo
                0x0000000000000000       0x40 /usr/lib/gcc/avr/5.4.0/../../../avr/lib/avr5/crtatmega32u4.o

.note.gnu.build-id
 *(.note.gnu.build-id)

.debug
 *(.debug)

.line
 *(.line)

.debug_srcinfo
 *(.debug_srcinfo)

.debug_sfnames
 *(.debug_sfnames)

.debug_aranges  0x0000000000000000      0xf40
 *(.debug_aranges)
 .debug_aranges
                0x0000000000000000       0x28 .build/obj_kinesis_nguyenvietyen_kinesismod/matrix.o
 .debug_aranges
                0x0000000000000028       0x40 .build/obj_kinesis_nguyenvietyen_kinesismod/quantum/keymap_introspection.o
 .debug_aranges
                0x0000000000000068       0xf8 .build/obj_kinesis_nguyenvietyen_kinesismod/quantum/quantum.o
 .debug_aranges
                0x0000000000000160       0x68 .build/obj_kinesis_nguyenvietyen_kinesismod/quantum/led.o
 .debug_aranges
                0x00000000000001c8       0xe0 .build/obj_kinesis_nguyenvietyen_kinesismod/quantum/action.o
 .debug_aranges
                0x00000000000002a8      0x100 .build/obj_kinesis_nguyenvietyen_kinesismod/quantum/action_layer.o
 .debug_aranges
                0x00000000000003a8       0x48 .build/obj_kinesis_nguyenvietyen_kinesismod/quantum/action_tapping.o
 .debug_aranges
                0x00000000000003f0      0x178 .build/obj_kinesis_nguyenvietyen_kinesismod/quantum/action_util.o
 .debug_aranges
                0x0000000000000568       0xd8 .build/obj_kinesis_nguyenvietyen_kinesismod/quantum/eeconfig.o
 .debug_aranges
                0x0000000000000640       0xe0 .build/obj_kinesis_nguyenvietyen_kinesismod/quantum/keyboard.o
 .debug_aranges
                0x0000000000000720       0x30 .build/obj_kinesis_nguyenvietyen_kinesismod/quantum/keymap_common.o
 .debug_aranges
                0x0000000000000750       0x28 .build/obj_kinesis_nguyenvietyen_kinesismod/quantum/keycode_config.o
 .debug_aranges
                0x0000000000000778       0x18 .build/obj_kinesis_nguyenvietyen_kinesismod/quantum/logging/debug.o
 .debug_aranges
                0x0000000000000790       0x20 .build/obj_kinesis_nguyenvietyen_kinesismod/quantum/logging/sendchar.o
 .debug_aranges
                0x00000000000007b0       0x90 .build/obj_kinesis_nguyenvietyen_kinesismod/quantum/matrix_common.o
 .debug_aranges
                0x0000000000000840       0x30 .build/obj_kinesis_nguyenvietyen_kinesismod/quantum/debounce/sym_defer_g.o
 .debug_aranges
                0x0000000000000870       0x28 .build/obj_kinesis_nguyenvietyen_kinesismod/quantum/main.o
 .debug_aranges
                0x0000000000000898       0x20 .build/obj_kinesis_nguyenvietyen_kinesismod/platforms/avr/printf.o
 .debug_aranges
                0x00000000000008b8       0x40 .build/obj_kinesis_nguyenvietyen_kinesismod/platforms/avr/sleep_led.o
 .debug_aranges
                0x00000000000008f8       0x28 .build/obj_kinesis_nguyenvietyen_kinesismod/quantum/process_keycode/process_caps_word.o
 .debug_aranges
                0x0000000000000920       0x50 .build/obj_kinesis_nguyenvietyen_kinesismod/quantum/caps_word.o
 .debug_aranges
                0x0000000000000970       0x20 .build/obj_kinesis_nguyenvietyen_kinesismod/quantum/process_keycode/process_grave_esc.o
 .debug_aranges