Archive member included to satisfy reference by file (symbol)

/usr/lib/gcc/avr/5.4.0/avr5/libgcc.a(_divmodhi4.o)
                              .build/obj_kinesis_nguyenvietyen_kinesismod/quantum/mousekey.o (__divmodhi4)
/usr/lib/gcc/avr/5.4.0/avr5/libgcc.a(_udivmodsi4.o)
                              .build/obj_kinesis_nguyenvietyen_kinesismod/quantum/quantum.o (__udivmodsi4)
/usr/lib/gcc/avr/5.4.0/avr5/libgcc.a(_exit.o)
                              /usr/lib/gcc/avr/5.4.0/../../../avr/lib/avr5/crtatmega32u4.o (exit)
/usr/lib/gcc/avr/5.4.0/avr5/libgcc.a(_tablejump2.o)
                              .build/obj_kinesis_nguyenvietyen_kinesismod/quantum/action.o (__tablejump2__)
/usr/lib/gcc/avr/5.4.0/avr5/libgcc.a(_copy_data.o)
                              .build/obj_kinesis_nguyenvietyen_kinesismod/quantum/quantum.o (__do_copy_data)
/usr/lib/gcc/avr/5.4.0/avr5/libgcc.a(_clear_bss.o)
                              .build/obj_kinesis_nguyenvietyen_kinesismod/quantum/quantum.o (__do_clear_bss)
/usr/lib/gcc/avr/5.4.0/avr5/libgcc.a(_prologue.o)
                              .build/obj_kinesis_nguyenvietyen_kinesismod/quantum/quantum.o (__prologue_saves__)
/usr/lib/gcc/avr/5.4.0/avr5/libgcc.a(_epilogue.o)
                              .build/obj_kinesis_nguyenvietyen_kinesismod/quantum/quantum.o (__epilogue_restores__)
/usr/lib/gcc/avr/5.4.0/avr5/libgcc.a(_udivmodhi4.o)
                              /usr/lib/gcc/avr/5.4.0/avr5/libgcc.a(_divmodhi4.o) (__udivmodhi4)
/usr/lib/gcc/avr/5.4.0/../../../avr/lib/avr5/libc.a(memcmp.o)
                              .build/obj_kinesis_nguyenvietyen_kinesismod/quantum/action_util.o (memcmp)
/usr/lib/gcc/avr/5.4.0/../../../avr/lib/avr5/libc.a(memcpy.o)
                              .build/obj_kinesis_nguyenvietyen_kinesismod/quantum/debounce/sym_defer_g.o (memcpy)
/usr/lib/gcc/avr/5.4.0/../../../avr/lib/avr5/libatmega32u4.a(eerd_byte.o)
                              .build/obj_kinesis_nguyenvietyen_kinesismod/quantum/eeconfig.o (eeprom_read_byte)
/usr/lib/gcc/avr/5.4.0/../../../avr/lib/avr5/libatmega32u4.a(eerd_dword.o)
                              .build/obj_kinesis_nguyenvietyen_kinesismod/quantum/eeconfig.o (eeprom_read_dword)
/usr/lib/gcc/avr/5.4.0/../../../avr/lib/avr5/libatmega32u4.a(eerd_word.o)
                              .build/obj_kinesis_nguyenvietyen_kinesismod/quantum/eeconfig.o (eeprom_read_word)
/usr/lib/gcc/avr/5.4.0/../../../avr/lib/avr5/libatmega32u4.a(eeupd_block.o)
                              .build/obj_kinesis_nguyenvietyen_kinesismod/quantum/eeconfig.o (eeprom_update_block)
/usr/lib/gcc/avr/5.4.0/../../../avr/lib/avr5/libatmega32u4.a(eeupd_byte.o)
                              .build/obj_kinesis_nguyenvietyen_kinesismod/quantum/eeconfig.o (eeprom_update_byte)
/usr/lib/gcc/avr/5.4.0/../../../avr/lib/avr5/libatmega32u4.a(eeupd_dword.o)
                              .build/obj_kinesis_nguyenvietyen_kinesismod/quantum/eeconfig.o (eeprom_update_dword)
/usr/lib/gcc/avr/5.4.0/../../../avr/lib/avr5/libatmega32u4.a(eeupd_word.o)
                              .build/obj_kinesis_nguyenvietyen_kinesismod/quantum/eeconfig.o (eeprom_update_word)
/usr/lib/gcc/avr/5.4.0/../../../avr/lib/avr5/libatmega32u4.a(eerd_block.o)
                              /usr/lib/gcc/avr/5.4.0/../../../avr/lib/avr5/libatmega32u4.a(eerd_dword.o) (eeprom_read_blraw)

Allocating common symbols
Common symbol       size              file

USB_IsInitialized   0x1               .build/obj_kinesis_nguyenvietyen_kinesismod/lib/lufa/LUFA/Drivers/USB/Core/USBTask.o
keymap_config       0x2               .build/obj_kinesis_nguyenvietyen_kinesismod/quantum/bootmagic/magic.o
USB_DeviceState     0x1               .build/obj_kinesis_nguyenvietyen_kinesismod/lib/lufa/LUFA/Drivers/USB/Core/USBTask.o
USB_Device_ConfigurationNumber
                    0x1               .build/obj_kinesis_nguyenvietyen_kinesismod/lib/lufa/LUFA/Drivers/USB/Core/DeviceStandardReq.o
raw_matrix          0x10              .build/obj_kinesis_nguyenvietyen_kinesismod/quantum/matrix_common.o
USB_Device_CurrentlySelfPowered
                    0x1               .build/obj_kinesis_nguyenvietyen_kinesismod/lib/lufa/LUFA/Drivers/USB/Core/DeviceStandardReq.o
matrix              0x10              .build/obj_kinesis_nguyenvietyen_kinesismod/quantum/matrix_common.o
USB_ControlRequest  0x8               .build/obj_kinesis_nguyenvietyen_kinesismod/lib/lufa/LUFA/Drivers/USB/Core/USBTask.o
tp_buttons          0x2               .build/obj_kinesis_nguyenvietyen_kinesismod/quantum/action.o
USB_Device_RemoteWakeupEnabled
                    0x1               .build/obj_kinesis_nguyenvietyen_kinesismod/lib/lufa/LUFA/Drivers/USB/Core/DeviceStandardReq.o
timer_count         0x4               .build/obj_kinesis_nguyenvietyen_kinesismod/platforms/avr/timer.o

Discarded input sections

 .data          0x0000000000000000        0x0 /usr/lib/gcc/avr/5.4.0/../../../avr/lib/avr5/crtatmega32u4.o
[...]
Memory Configuration

Name             Origin             Length             Attributes
text             0x0000000000000000 0x0000000000020000 xr
data             0x0000000000800060 0x000000000000ffa0 rw !x
eeprom           0x0000000000810000 0x0000000000010000 rw !x
fuse             0x0000000000820000 0x0000000000000003 rw !x
lock             0x0000000000830000 0x0000000000000400 rw !x
signature        0x0000000000840000 0x0000000000000400 rw !x
user_signatures  0x0000000000850000 0x0000000000000400 rw !x
*default*        0x0000000000000000 0xffffffffffffffff

Linker script and memory map

Address of section .data set to 0x800100
LOAD /usr/lib/gcc/avr/5.4.0/../../../avr/lib/avr5/crtatmega32u4.o
LOAD .build/obj_kinesis_nguyenvietyen_kinesismod/matrix.o
LOAD .build/obj_kinesis_nguyenvietyen_kinesismod/.build/obj_kinesis_nguyenvietyen_kinesismod/src/default_keyboard.o
LOAD .build/obj_kinesis_nguyenvietyen_kinesismod/quantum/keymap_introspection.o
LOAD .build/obj_kinesis_nguyenvietyen_kinesismod/quantum/quantum.o
LOAD .build/obj_kinesis_nguyenvietyen_kinesismod/quantum/bitwise.o
LOAD .build/obj_kinesis_nguyenvietyen_kinesismod/quantum/led.o
LOAD .build/obj_kinesis_nguyenvietyen_kinesismod/quantum/action.o
LOAD .build/obj_kinesis_nguyenvietyen_kinesismod/quantum/action_layer.o
LOAD .build/obj_kinesis_nguyenvietyen_kinesismod/quantum/action_tapping.o
LOAD .build/obj_kinesis_nguyenvietyen_kinesismod/quantum/action_util.o
LOAD .build/obj_kinesis_nguyenvietyen_kinesismod/quantum/eeconfig.o
LOAD .build/obj_kinesis_nguyenvietyen_kinesismod/quantum/keyboard.o
LOAD .build/obj_kinesis_nguyenvietyen_kinesismod/quantum/keymap_common.o
LOAD .build/obj_kinesis_nguyenvietyen_kinesismod/quantum/keycode_config.o
LOAD .build/obj_kinesis_nguyenvietyen_kinesismod/quantum/sync_timer.o
LOAD .build/obj_kinesis_nguyenvietyen_kinesismod/quantum/logging/debug.o
LOAD .build/obj_kinesis_nguyenvietyen_kinesismod/quantum/logging/sendchar.o
LOAD .build/obj_kinesis_nguyenvietyen_kinesismod/quantum/bootmagic/magic.o
LOAD .build/obj_kinesis_nguyenvietyen_kinesismod/quantum/matrix_common.o
LOAD .build/obj_kinesis_nguyenvietyen_kinesismod/quantum/debounce/sym_defer_g.o
LOAD .build/obj_kinesis_nguyenvietyen_kinesismod/quantum/main.o
LOAD .build/obj_kinesis_nguyenvietyen_kinesismod/platforms/avr/xprintf.o
LOAD .build/obj_kinesis_nguyenvietyen_kinesismod/platforms/avr/printf.o
LOAD .build/obj_kinesis_nguyenvietyen_kinesismod/quantum/mousekey.o
LOAD .build/obj_kinesis_nguyenvietyen_kinesismod/platforms/avr/sleep_led.o
LOAD .build/obj_kinesis_nguyenvietyen_kinesismod/quantum/process_keycode/process_magic.o
LOAD .build/obj_kinesis_nguyenvietyen_kinesismod/quantum/send_string/send_string.o
LOAD .build/obj_kinesis_nguyenvietyen_kinesismod/quantum/command.o
LOAD .build/obj_kinesis_nguyenvietyen_kinesismod/quantum/process_keycode/process_grave_esc.o
LOAD .build/obj_kinesis_nguyenvietyen_kinesismod/quantum/process_keycode/process_space_cadet.o
LOAD .build/obj_kinesis_nguyenvietyen_kinesismod/protocol/host.o
LOAD .build/obj_kinesis_nguyenvietyen_kinesismod/protocol/report.o
LOAD .build/obj_kinesis_nguyenvietyen_kinesismod/protocol/usb_device_state.o
LOAD .build/obj_kinesis_nguyenvietyen_kinesismod/protocol/usb_util.o
LOAD .build/obj_kinesis_nguyenvietyen_kinesismod/platforms/suspend.o
LOAD .build/obj_kinesis_nguyenvietyen_kinesismod/platforms/synchronization_util.o
LOAD .build/obj_kinesis_nguyenvietyen_kinesismod/platforms/timer.o
LOAD .build/obj_kinesis_nguyenvietyen_kinesismod/platforms/avr/hardware_id.o
LOAD .build/obj_kinesis_nguyenvietyen_kinesismod/platforms/avr/platform.o
LOAD .build/obj_kinesis_nguyenvietyen_kinesismod/platforms/avr/suspend.o
LOAD .build/obj_kinesis_nguyenvietyen_kinesismod/platforms/avr/timer.o
LOAD .build/obj_kinesis_nguyenvietyen_kinesismod/platforms/avr/bootloaders/caterina.o
LOAD .build/obj_kinesis_nguyenvietyen_kinesismod/lufa.o
LOAD .build/obj_kinesis_nguyenvietyen_kinesismod/usb_descriptor.o
LOAD .build/obj_kinesis_nguyenvietyen_kinesismod/lib/lufa/LUFA/Drivers/USB/Class/Common/HIDParser.o
LOAD .build/obj_kinesis_nguyenvietyen_kinesismod/lib/lufa/LUFA/Drivers/USB/Core/AVR8/Device_AVR8.o
LOAD .build/obj_kinesis_nguyenvietyen_kinesismod/lib/lufa/LUFA/Drivers/USB/Core/AVR8/EndpointStream_AVR8.o
LOAD .build/obj_kinesis_nguyenvietyen_kinesismod/lib/lufa/LUFA/Drivers/USB/Core/AVR8/Endpoint_AVR8.o
LOAD .build/obj_kinesis_nguyenvietyen_kinesismod/lib/lufa/LUFA/Drivers/USB/Core/AVR8/Host_AVR8.o
LOAD .build/obj_kinesis_nguyenvietyen_kinesismod/lib/lufa/LUFA/Drivers/USB/Core/AVR8/PipeStream_AVR8.o
LOAD .build/obj_kinesis_nguyenvietyen_kinesismod/lib/lufa/LUFA/Drivers/USB/Core/AVR8/Pipe_AVR8.o
LOAD .build/obj_kinesis_nguyenvietyen_kinesismod/lib/lufa/LUFA/Drivers/USB/Core/AVR8/USBController_AVR8.o
LOAD .build/obj_kinesis_nguyenvietyen_kinesismod/lib/lufa/LUFA/Drivers/USB/Core/AVR8/USBInterrupt_AVR8.o
LOAD .build/obj_kinesis_nguyenvietyen_kinesismod/lib/lufa/LUFA/Drivers/USB/Core/ConfigDescriptors.o
LOAD .build/obj_kinesis_nguyenvietyen_kinesismod/lib/lufa/LUFA/Drivers/USB/Core/DeviceStandardReq.o
LOAD .build/obj_kinesis_nguyenvietyen_kinesismod/lib/lufa/LUFA/Drivers/USB/Core/Events.o
LOAD .build/obj_kinesis_nguyenvietyen_kinesismod/lib/lufa/LUFA/Drivers/USB/Core/HostStandardReq.o
LOAD .build/obj_kinesis_nguyenvietyen_kinesismod/lib/lufa/LUFA/Drivers/USB/Core/USBTask.o
LOAD .build/obj_kinesis_nguyenvietyen_kinesismod/protocol/lufa/usb_util.o
LOAD /usr/lib/gcc/avr/5.4.0/../../../avr/lib/avr5/libm.a
START GROUP
LOAD /usr/lib/gcc/avr/5.4.0/avr5/libgcc.a
LOAD /usr/lib/gcc/avr/5.4.0/../../../avr/lib/avr5/libm.a
LOAD /usr/lib/gcc/avr/5.4.0/../../../avr/lib/avr5/libc.a
LOAD /usr/lib/gcc/avr/5.4.0/../../../avr/lib/avr5/libatmega32u4.a
END GROUP
                0x0000000000000000                __TEXT_REGION_ORIGIN__ = DEFINED (__TEXT_REGION_ORIGIN__)?__TEXT_REGION_ORIGIN__:0x0
                0x0000000000800060                __DATA_REGION_ORIGIN__ = DEFINED (__DATA_REGION_ORIGIN__)?__DATA_REGION_ORIGIN__:0x800060
                0x0000000000020000                __TEXT_REGION_LENGTH__ = DEFINED (__TEXT_REGION_LENGTH__)?__TEXT_REGION_LENGTH__:0x20000
                0x000000000000ffa0                __DATA_REGION_LENGTH__ = DEFINED (__DATA_REGION_LENGTH__)?__DATA_REGION_LENGTH__:0xffa0
                0x0000000000010000                __EEPROM_REGION_LENGTH__ = DEFINED (__EEPROM_REGION_LENGTH__)?__EEPROM_REGION_LENGTH__:0x10000
                [0x0000000000000003]                __FUSE_REGION_LENGTH__ = DEFINED (__FUSE_REGION_LENGTH__)?__FUSE_REGION_LENGTH__:0x400
                0x0000000000000400                __LOCK_REGION_LENGTH__ = DEFINED (__LOCK_REGION_LENGTH__)?__LOCK_REGION_LENGTH__:0x400
                0x0000000000000400                __SIGNATURE_REGION_LENGTH__ = DEFINED (__SIGNATURE_REGION_LENGTH__)?__SIGNATURE_REGION_LENGTH__:0x400
                0x0000000000000400                __USER_SIGNATURE_REGION_LENGTH__ = DEFINED (__USER_SIGNATURE_REGION_LENGTH__)?__USER_SIGNATURE_REGION_LENGTH__:0x400

.hash
 *(.hash)

.dynsym
 *(.dynsym)

.dynstr
 *(.dynstr)

.gnu.version
 *(.gnu.version)

.gnu.version_d
 *(.gnu.version_d)

.gnu.version_r
 *(.gnu.version_r)

.rel.init
 *(.rel.init)

.rela.init
 *(.rela.init)

.rel.text
 *(.rel.text)
 *(.rel.text.*)
 *(.rel.gnu.linkonce.t*)

.rela.text
 *(.rela.text)
 *(.rela.text.*)
 *(.rela.gnu.linkonce.t*)

.rel.fini
 *(.rel.fini)

.rela.fini
 *(.rela.fini)

.rel.rodata
 *(.rel.rodata)
 *(.rel.rodata.*)
 *(.rel.gnu.linkonce.r*)

.rela.rodata
 *(.rela.rodata)
 *(.rela.rodata.*)
 *(.rela.gnu.linkonce.r*)

.rel.data
 *(.rel.data)
 *(.rel.data.*)
 *(.rel.gnu.linkonce.d*)

.rela.data
 *(.rela.data)
 *(.rela.data.*)
 *(.rela.gnu.linkonce.d*)

.rel.ctors
 *(.rel.ctors)

.rela.ctors
 *(.rela.ctors)

.rel.dtors
 *(.rel.dtors)

.rela.dtors
 *(.rela.dtors)

.rel.got
 *(.rel.got)

.rela.got
 *(.rela.got)

.rel.bss
 *(.rel.bss)

.rela.bss
 *(.rela.bss)

.rel.plt
 *(.rel.plt)

.rela.plt
 *(.rela.plt)

.text           0x0000000000000000     0x454e
 *(.vectors)
 .vectors       0x0000000000000000       0xac /usr/lib/gcc/avr/5.4.0/../../../avr/lib/avr5/crtatmega32u4.o
                0x0000000000000000                __vectors
                0x0000000000000000                __vector_default
 *(.vectors)
 *(.progmem.gcc*)
 .progmem.gcc_sw_table.process_action
                0x00000000000000ac       0x18 .build/obj_kinesis_nguyenvietyen_kinesismod/quantum/action.o
 .progmem.gcc_sw_table.process_magic
                0x00000000000000c4       0x44 .build/obj_kinesis_nguyenvietyen_kinesismod/quantum/process_keycode/process_magic.o
 .progmem.gcc_sw_table.command_common
                0x0000000000000108       0x7e .build/obj_kinesis_nguyenvietyen_kinesismod/quantum/command.o
 .progmem.gcc_sw_table.process_space_cadet
                0x0000000000000186        0xe .build/obj_kinesis_nguyenvietyen_kinesismod/quantum/process_keycode/process_space_cadet.o
 .progmem.gcc_sw_table.USB_Device_ProcessControlRequest
                0x0000000000000194       0x14 .build/obj_kinesis_nguyenvietyen_kinesismod/lib/lufa/LUFA/Drivers/USB/Core/DeviceStandardReq.o
                0x00000000000001a8                . = ALIGN (0x2)
                0x00000000000001a8                __trampolines_start = .
 *(.trampolines)
 .trampolines   0x00000000000001a8        0x0 linker stubs
 *(.trampolines*)
                0x00000000000001a8                __trampolines_end = .
 *libprintf_flt.a:*(.progmem.data)
 *libc.a:*(.progmem.data)
 *(.progmem*)
 .progmem.data.keymaps
                0x00000000000001a8      0x300 .build/obj_kinesis_nguyenvietyen_kinesismod/quantum/keymap_introspection.o
                0x00000000000001a8                keymaps
 .progmem.data.breathing_table
                0x00000000000004a8       0x40 .build/obj_kinesis_nguyenvietyen_kinesismod/platforms/avr/sleep_led.o
 .progmem.data.ProductString
                0x00000000000004e8       0x4a .build/obj_kinesis_nguyenvietyen_kinesismod/usb_descriptor.o
                0x00000000000004e8                ProductString
 .progmem.data.ManufacturerString
                0x0000000000000532        0xa .build/obj_kinesis_nguyenvietyen_kinesismod/usb_descriptor.o
                0x0000000000000532                ManufacturerString
 .progmem.data.LanguageString
                0x000000000000053c        0x4 .build/obj_kinesis_nguyenvietyen_kinesismod/usb_descriptor.o
                0x000000000000053c                LanguageString
 .progmem.data.ConfigurationDescriptor
                0x0000000000000540       0x3b .build/obj_kinesis_nguyenvietyen_kinesismod/usb_descriptor.o
                0x0000000000000540                ConfigurationDescriptor
 .progmem.data.DeviceDescriptor
                0x000000000000057b       0x12 .build/obj_kinesis_nguyenvietyen_kinesismod/usb_descriptor.o
                0x000000000000057b                DeviceDescriptor
 .progmem.data.SharedReport
                0x000000000000058d       0xb6 .build/obj_kinesis_nguyenvietyen_kinesismod/usb_descriptor.o
                0x000000000000058d                SharedReport
 .progmem.data.KeyboardReport
                0x0000000000000643       0x44 .build/obj_kinesis_nguyenvietyen_kinesismod/usb_descriptor.o
                0x0000000000000643                KeyboardReport
                0x0000000000000688                . = ALIGN (0x2)
 *fill*         0x0000000000000687        0x1 
 *(.jumptables)
 *(.jumptables*)
 *(.lowtext)
 *(.lowtext*)
                0x0000000000000688                __ctors_start = .
 *(.ctors)
                0x0000000000000688                __ctors_end = .
                0x0000000000000688                __dtors_start = .
 *(.dtors)
                0x0000000000000688                __dtors_end = .
 SORT(*)(.ctors)
 SORT(*)(.dtors)
 *(.init0)
 .init0         0x0000000000000688        0x0 /usr/lib/gcc/avr/5.4.0/../../../avr/lib/avr5/crtatmega32u4.o
                0x0000000000000688                __init
 *(.init0)
 *(.init1)
 *(.init1)
 *(.init2)
 .init2         0x0000000000000688        0xc /usr/lib/gcc/avr/5.4.0/../../../avr/lib/avr5/crtatmega32u4.o
 *(.init2)
 *(.init3)
 *(.init3)
 *(.init4)
 .init4         0x0000000000000694       0x16 /usr/lib/gcc/avr/5.4.0/avr5/libgcc.a(_copy_data.o)
                0x0000000000000694                __do_copy_data
 .init4         0x00000000000006aa       0x10 /usr/lib/gcc/avr/5.4.0/avr5/libgcc.a(_clear_bss.o)
                0x00000000000006aa                __do_clear_bss
 *(.init4)
 *(.init5)
 *(.init5)
 *(.init6)
 *(.init6)
 *(.init7)
 *(.init7)
 *(.init8)
 *(.init8)
 *(.init9)
 .init9         0x00000000000006ba        0x8 /usr/lib/gcc/avr/5.4.0/../../../avr/lib/avr5/crtatmega32u4.o
 *(.init9)
 *(.text)
 .text          0x00000000000006c2        0x4 /usr/lib/gcc/avr/5.4.0/../../../avr/lib/avr5/crtatmega32u4.o
                0x00000000000006c2                __vector_38
                0x00000000000006c2                __vector_22
                0x00000000000006c2                __vector_28
                0x00000000000006c2                __vector_1
                0x00000000000006c2                __vector_32
                0x00000000000006c2                __vector_34
                0x00000000000006c2                __vector_24
                0x00000000000006c2                __vector_12
                0x00000000000006c2                __bad_interrupt
                0x00000000000006c2                __vector_6
                0x00000000000006c2                __vector_31
                0x00000000000006c2                __vector_35
                0x00000000000006c2                __vector_39
                0x00000000000006c2                __vector_3
                0x00000000000006c2                __vector_23
                0x00000000000006c2                __vector_30
                0x00000000000006c2                __vector_25
                0x00000000000006c2                __vector_13
                0x00000000000006c2                __vector_19
                0x00000000000006c2                __vector_7
                0x00000000000006c2                __vector_41
                0x00000000000006c2                __vector_27
                0x00000000000006c2                __vector_5
                0x00000000000006c2                __vector_33
                0x00000000000006c2                __vector_37
                0x00000000000006c2                __vector_4
                0x00000000000006c2                __vector_9
                0x00000000000006c2                __vector_2
                0x00000000000006c2                __vector_15
                0x00000000000006c2                __vector_36
                0x00000000000006c2                __vector_29
                0x00000000000006c2                __vector_40
                0x00000000000006c2                __vector_8
                0x00000000000006c2                __vector_26
                0x00000000000006c2                __vector_14
                0x00000000000006c2                __vector_16
                0x00000000000006c2                __vector_18
                0x00000000000006c2                __vector_20
                0x00000000000006c2                __vector_42
                0x00000000000006c6                . = ALIGN (0x2)
 *(.text.*)
 .text.matrix_init_custom
                0x00000000000006c6       0x38 .build/obj_kinesis_nguyenvietyen_kinesismod/matrix.o
                0x00000000000006c6                matrix_init_custom
 .text.matrix_scan_custom
                0x00000000000006fe       0xb8 .build/obj_kinesis_nguyenvietyen_kinesismod/matrix.o
                0x00000000000006fe                matrix_scan_custom
 .text.keycode_at_keymap_location_raw
                0x00000000000007b6       0x3c .build/obj_kinesis_nguyenvietyen_kinesismod/quantum/keymap_introspection.o
                0x00000000000007b6                keycode_at_keymap_location_raw
 .text.keycode_at_keymap_location
                0x00000000000007f2        0x6 .build/obj_kinesis_nguyenvietyen_kinesismod/quantum/keymap_introspection.o
                0x00000000000007f2                keycode_at_keymap_location
 .text.process_action_kb
                0x00000000000007f8        0x4 .build/obj_kinesis_nguyenvietyen_kinesismod/quantum/quantum.o
                0x00000000000007f8                process_action_kb
 .text.process_record_user
                0x00000000000007fc        0x4 .build/obj_kinesis_nguyenvietyen_kinesismod/quantum/quantum.o
                0x00000000000007fc                process_record_user
 .text.pre_process_record_user
                0x0000000000000800        0x6 .build/obj_kinesis_nguyenvietyen_kinesismod/quantum/quantum.o
                0x0000000000000800                pre_process_record_user
 .text.pre_process_record_kb
                0x0000000000000806        0x6 .build/obj_kinesis_nguyenvietyen_kinesismod/quantum/quantum.o
                0x0000000000000806                pre_process_record_kb
 .text.process_record_kb
                0x000000000000080c        0x6 .build/obj_kinesis_nguyenvietyen_kinesismod/quantum/quantum.o
                0x000000000000080c                process_record_kb
 .text.post_process_record_user
                0x0000000000000812        0x2 .build/obj_kinesis_nguyenvietyen_kinesismod/quantum/quantum.o
                0x0000000000000812                post_process_record_user
 .text.post_process_record_kb
                0x0000000000000814        0x6 .build/obj_kinesis_nguyenvietyen_kinesismod/quantum/quantum.o
                0x0000000000000814                post_process_record_kb
 .text.get_event_keycode
                0x000000000000081a       0x5c .build/obj_kinesis_nguyenvietyen_kinesismod/quantum/quantum.o
                0x000000000000081a                get_event_keycode
 .text.get_record_keycode
                0x0000000000000876       0x16 .build/obj_kinesis_nguyenvietyen_kinesismod/quantum/quantum.o
                0x0000000000000876                get_record_keycode
 .text.pre_process_record_quantum
                0x000000000000088c       0x18 .build/obj_kinesis_nguyenvietyen_kinesismod/quantum/quantum.o
                0x000000000000088c                pre_process_record_quantum
 .text.post_process_record_quantum
                0x00000000000008a4       0x18 .build/obj_kinesis_nguyenvietyen_kinesismod/quantum/quantum.o
                0x00000000000008a4                post_process_record_quantum
 .text.shutdown_user
                0x00000000000008bc        0x2 .build/obj_kinesis_nguyenvietyen_kinesismod/quantum/quantum.o
                0x00000000000008bc                shutdown_user
 .text.shutdown_quantum
                0x00000000000008be       0x1c .build/obj_kinesis_nguyenvietyen_kinesismod/quantum/quantum.o
                0x00000000000008be                shutdown_quantum
 .text.reset_keyboard
                0x00000000000008da        0xa .build/obj_kinesis_nguyenvietyen_kinesismod/quantum/quantum.o
                0x00000000000008da                reset_keyboard
 .text.soft_reset_keyboard
                0x00000000000008e4        0xa .build/obj_kinesis_nguyenvietyen_kinesismod/quantum/quantum.o
                0x00000000000008e4                soft_reset_keyboard
 .text.process_record_quantum
                0x00000000000008ee       0xae .build/obj_kinesis_nguyenvietyen_kinesismod/quantum/quantum.o
                0x00000000000008ee                process_record_quantum
 .text.suspend_power_down_quantum
                0x000000000000099c        0x6 .build/obj_kinesis_nguyenvietyen_kinesismod/quantum/quantum.o
                0x000000000000099c                suspend_power_down_quantum
 .text.suspend_wakeup_init_quantum
                0x00000000000009a2        0xa .build/obj_kinesis_nguyenvietyen_kinesismod/quantum/quantum.o
                0x00000000000009a2                suspend_wakeup_init_quantum
 .text.led_set_user
                0x00000000000009ac        0x2 .build/obj_kinesis_nguyenvietyen_kinesismod/quantum/led.o
                0x00000000000009ac                led_set_user
 .text.led_update_user
                0x00000000000009ae        0x4 .build/obj_kinesis_nguyenvietyen_kinesismod/quantum/led.o
                0x00000000000009ae                led_update_user
 .text.led_update_ports
                0x00000000000009b2       0x2c .build/obj_kinesis_nguyenvietyen_kinesismod/quantum/led.o
                0x00000000000009b2                led_update_ports
 .text.led_update_kb
                0x00000000000009de       0x1e .build/obj_kinesis_nguyenvietyen_kinesismod/quantum/led.o
                0x00000000000009de                led_update_kb
 .text.led_init_ports
                0x00000000000009fc       0x12 .build/obj_kinesis_nguyenvietyen_kinesismod/quantum/led.o
                0x00000000000009fc                led_init_ports
 .text.led_set  0x0000000000000a0e       0x12 .build/obj_kinesis_nguyenvietyen_kinesismod/quantum/led.o
                0x0000000000000a0e                led_set
 .text.led_wakeup
                0x0000000000000a20        0xa .build/obj_kinesis_nguyenvietyen_kinesismod/quantum/led.o
                0x0000000000000a20                led_wakeup
 .text.led_task
                0x0000000000000a2a       0x32 .build/obj_kinesis_nguyenvietyen_kinesismod/quantum/led.o
                0x0000000000000a2a                led_task
 .text.action_exec
                0x0000000000000a5c       0x66 .build/obj_kinesis_nguyenvietyen_kinesismod/quantum/action.o
                0x0000000000000a5c                action_exec
 .text.process_record_tap_hint
                0x0000000000000ac2       0x12 .build/obj_kinesis_nguyenvietyen_kinesismod/quantum/action.o
                0x0000000000000ac2                process_record_tap_hint
 .text.register_mouse
                0x0000000000000ad4       0x14 .build/obj_kinesis_nguyenvietyen_kinesismod/quantum/action.o
                0x0000000000000ad4                register_mouse
 .text.register_code
                0x0000000000000ae8      0x15e .build/obj_kinesis_nguyenvietyen_kinesismod/quantum/action.o
                0x0000000000000ae8                register_code
 .text.unregister_code
                0x0000000000000c46       0xd8 .build/obj_kinesis_nguyenvietyen_kinesismod/quantum/action.o
                0x0000000000000c46                unregister_code
 .text.tap_code_delay
                0x0000000000000d1e       0x30 .build/obj_kinesis_nguyenvietyen_kinesismod/quantum/action.o
                0x0000000000000d1e                tap_code_delay
 .text.tap_code
                0x0000000000000d4e       0x14 .build/obj_kinesis_nguyenvietyen_kinesismod/quantum/action.o
                0x0000000000000d4e                tap_code
 .text.register_mods
                0x0000000000000d62        0xe .build/obj_kinesis_nguyenvietyen_kinesismod/quantum/action.o
                0x0000000000000d62                register_mods
 .text.unregister_mods
                0x0000000000000d70        0xe .build/obj_kinesis_nguyenvietyen_kinesismod/quantum/action.o
                0x0000000000000d70                unregister_mods
 .text.process_action
                0x0000000000000d7e      0x3f2 .build/obj_kinesis_nguyenvietyen_kinesismod/quantum/action.o
                0x0000000000000d7e                process_action
 .text.process_record_handler
                0x0000000000001170       0x30 .build/obj_kinesis_nguyenvietyen_kinesismod/quantum/action.o
                0x0000000000001170                process_record_handler
 .text.process_record
                0x00000000000011a0       0x46 .build/obj_kinesis_nguyenvietyen_kinesismod/quantum/action.o
                0x00000000000011a0                process_record
 .text.clear_keyboard_but_mods_and_keys
                0x00000000000011e6       0x22 .build/obj_kinesis_nguyenvietyen_kinesismod/quantum/action.o
                0x00000000000011e6                clear_keyboard_but_mods_and_keys
 .text.clear_keyboard_but_mods
                0x0000000000001208       0x12 .build/obj_kinesis_nguyenvietyen_kinesismod/quantum/action.o
                0x0000000000001208                clear_keyboard_but_mods
 .text.clear_keyboard
                0x000000000000121a        0xa .build/obj_kinesis_nguyenvietyen_kinesismod/quantum/action.o
                0x000000000000121a                clear_keyboard
 .text.is_tap_action
                0x0000000000001224       0x36 .build/obj_kinesis_nguyenvietyen_kinesismod/quantum/action.o
                0x0000000000001224                is_tap_action
 .text.is_tap_record
                0x000000000000125a       0x1a .build/obj_kinesis_nguyenvietyen_kinesismod/quantum/action.o
                0x000000000000125a                is_tap_record
 .text.debug_event
                0x0000000000001274       0x14 .build/obj_kinesis_nguyenvietyen_kinesismod/quantum/action.o
                0x0000000000001274                debug_event
 .text.debug_record
                0x0000000000001288       0x14 .build/obj_kinesis_nguyenvietyen_kinesismod/quantum/action.o
                0x0000000000001288                debug_record
 .text.default_layer_debug
                0x000000000000129c        0x2 .build/obj_kinesis_nguyenvietyen_kinesismod/quantum/action_layer.o
                0x000000000000129c                default_layer_debug
 .text.layer_state_set_user
                0x000000000000129e        0x2 .build/obj_kinesis_nguyenvietyen_kinesismod/quantum/action_layer.o
                0x000000000000129e                layer_state_set_user
 .text.default_layer_state_set_user
                0x00000000000012a0        0x6 .build/obj_kinesis_nguyenvietyen_kinesismod/quantum/action_layer.o
                0x00000000000012a0                default_layer_state_set_user
 .text.default_layer_state_set_kb
                0x00000000000012a6        0x6 .build/obj_kinesis_nguyenvietyen_kinesismod/quantum/action_layer.o
                0x00000000000012a6                default_layer_state_set_kb
 .text.default_layer_state_set
                0x00000000000012ac        0xe .build/obj_kinesis_nguyenvietyen_kinesismod/quantum/action_layer.o
 .text.default_layer_set
                0x00000000000012ba        0x6 .build/obj_kinesis_nguyenvietyen_kinesismod/quantum/action_layer.o
                0x00000000000012ba                default_layer_set
 .text.default_layer_or
                0x00000000000012c0       0x12 .build/obj_kinesis_nguyenvietyen_kinesismod/quantum/action_layer.o
                0x00000000000012c0                default_layer_or
 .text.default_layer_and
                0x00000000000012d2       0x12 .build/obj_kinesis_nguyenvietyen_kinesismod/quantum/action_layer.o
                0x00000000000012d2                default_layer_and
 .text.default_layer_xor
                0x00000000000012e4       0x12 .build/obj_kinesis_nguyenvietyen_kinesismod/quantum/action_layer.o
                0x00000000000012e4                default_layer_xor
 .text.layer_state_set_kb
                0x00000000000012f6        0x6 .build/obj_kinesis_nguyenvietyen_kinesismod/quantum/action_layer.o
                0x00000000000012f6                layer_state_set_kb
 .text.layer_state_set
                0x00000000000012fc        0xe .build/obj_kinesis_nguyenvietyen_kinesismod/quantum/action_layer.o
                0x00000000000012fc                layer_state_set
 .text.layer_clear
                0x000000000000130a        0xa .build/obj_kinesis_nguyenvietyen_kinesismod/quantum/action_layer.o
                0x000000000000130a                layer_clear
 .text.layer_move
                0x0000000000001314       0x18 .build/obj_kinesis_nguyenvietyen_kinesismod/quantum/action_layer.o
                0x0000000000001314                layer_move
 .text.layer_on
                0x000000000000132c       0x20 .build/obj_kinesis_nguyenvietyen_kinesismod/quantum/action_layer.o
                0x000000000000132c                layer_on
 .text.layer_off
                0x000000000000134c       0x24 .build/obj_kinesis_nguyenvietyen_kinesismod/quantum/action_layer.o
                0x000000000000134c                layer_off
 .text.layer_invert
                0x0000000000001370       0x20 .build/obj_kinesis_nguyenvietyen_kinesismod/quantum/action_layer.o
                0x0000000000001370                layer_invert
 .text.layer_or
                0x0000000000001390       0x12 .build/obj_kinesis_nguyenvietyen_kinesismod/quantum/action_layer.o
                0x0000000000001390                layer_or
 .text.layer_and
                0x00000000000013a2       0x12 .build/obj_kinesis_nguyenvietyen_kinesismod/quantum/action_layer.o
                0x00000000000013a2                layer_and
 .text.layer_xor
                0x00000000000013b4       0x12 .build/obj_kinesis_nguyenvietyen_kinesismod/quantum/action_layer.o
                0x00000000000013b4                layer_xor
 .text.layer_debug
                0x00000000000013c6        0x2 .build/obj_kinesis_nguyenvietyen_kinesismod/quantum/action_layer.o
                0x00000000000013c6                layer_debug
 .text.update_source_layers_cache_impl
                0x00000000000013c8       0x56 .build/obj_kinesis_nguyenvietyen_kinesismod/quantum/action_layer.o
                0x00000000000013c8                update_source_layers_cache_impl
 .text.read_source_layers_cache_impl
                0x000000000000141e       0x4e .build/obj_kinesis_nguyenvietyen_kinesismod/quantum/action_layer.o
                0x000000000000141e                read_source_layers_cache_impl
 .text.update_source_layers_cache
                0x000000000000146c       0x24 .build/obj_kinesis_nguyenvietyen_kinesismod/quantum/action_layer.o
                0x000000000000146c                update_source_layers_cache
 .text.read_source_layers_cache
                0x0000000000001490       0x24 .build/obj_kinesis_nguyenvietyen_kinesismod/quantum/action_layer.o
                0x0000000000001490                read_source_layers_cache
 .text.layer_switch_get_layer
                0x00000000000014b4       0x64 .build/obj_kinesis_nguyenvietyen_kinesismod/quantum/action_layer.o
                0x00000000000014b4                layer_switch_get_layer
 .text.layer_switch_get_action
                0x0000000000001518       0x16 .build/obj_kinesis_nguyenvietyen_kinesismod/quantum/action_layer.o
                0x0000000000001518                layer_switch_get_action
 .text.store_or_get_action
                0x000000000000152e       0x46 .build/obj_kinesis_nguyenvietyen_kinesismod/quantum/action_layer.o
                0x000000000000152e                store_or_get_action
 .text.debug_waiting_buffer
                0x0000000000001574       0x44 .build/obj_kinesis_nguyenvietyen_kinesismod/quantum/action_tapping.o
 .text.debug_tapping_key
                0x00000000000015b8       0x22 .build/obj_kinesis_nguyenvietyen_kinesismod/quantum/action_tapping.o
 .text.waiting_buffer_scan_tap
                0x00000000000015da       0xb2 .build/obj_kinesis_nguyenvietyen_kinesismod/quantum/action_tapping.o
 .text.waiting_buffer_typed.isra.2
                0x000000000000168c       0x40 .build/obj_kinesis_nguyenvietyen_kinesismod/quantum/action_tapping.o
 .text.process_tapping
                0x00000000000016cc      0x32e .build/obj_kinesis_nguyenvietyen_kinesismod/quantum/action_tapping.o
 .text.action_tapping_process
                0x00000000000019fa      0x10a .build/obj_kinesis_nguyenvietyen_kinesismod/quantum/action_tapping.o
                0x00000000000019fa                action_tapping_process
 .text.get_oneshot_layer
                0x0000000000001b04        0xc .build/obj_kinesis_nguyenvietyen_kinesismod/quantum/action_util.o
                0x0000000000001b04                get_oneshot_layer
 .text.get_oneshot_layer_state
                0x0000000000001b10        0x8 .build/obj_kinesis_nguyenvietyen_kinesismod/quantum/action_util.o
                0x0000000000001b10                get_oneshot_layer_state
 .text.is_oneshot_layer_active
                0x0000000000001b18        0xe .build/obj_kinesis_nguyenvietyen_kinesismod/quantum/action_util.o
                0x0000000000001b18                is_oneshot_layer_active
 .text.get_mods
                0x0000000000001b26        0x6 .build/obj_kinesis_nguyenvietyen_kinesismod/quantum/action_util.o
                0x0000000000001b26                get_mods
 .text.add_mods
                0x0000000000001b2c        0xc .build/obj_kinesis_nguyenvietyen_kinesismod/quantum/action_util.o
                0x0000000000001b2c                add_mods
 .text.del_mods
                0x0000000000001b38        0xe .build/obj_kinesis_nguyenvietyen_kinesismod/quantum/action_util.o
                0x0000000000001b38                del_mods
 .text.clear_mods
                0x0000000000001b46        0x6 .build/obj_kinesis_nguyenvietyen_kinesismod/quantum/action_util.o
                0x0000000000001b46                clear_mods
 .text.add_weak_mods
                0x0000000000001b4c        0xc .build/obj_kinesis_nguyenvietyen_kinesismod/quantum/action_util.o
                0x0000000000001b4c                add_weak_mods
 .text.del_weak_mods
                0x0000000000001b58        0xe .build/obj_kinesis_nguyenvietyen_kinesismod/quantum/action_util.o
                0x0000000000001b58                del_weak_mods
 .text.clear_weak_mods
                0x0000000000001b66        0x6 .build/obj_kinesis_nguyenvietyen_kinesismod/quantum/action_util.o
                0x0000000000001b66                clear_weak_mods
 .text.oneshot_layer_changed_user
                0x0000000000001b6c        0x2 .build/obj_kinesis_nguyenvietyen_kinesismod/quantum/action_util.o
                0x0000000000001b6c                oneshot_layer_changed_user
 .text.oneshot_mods_changed_user
                0x0000000000001b6e        0x6 .build/obj_kinesis_nguyenvietyen_kinesismod/quantum/action_util.o
                0x0000000000001b6e                oneshot_mods_changed_user
 .text.oneshot_mods_changed_kb
                0x0000000000001b74        0x6 .build/obj_kinesis_nguyenvietyen_kinesismod/quantum/action_util.o
                0x0000000000001b74                oneshot_mods_changed_kb
 .text.add_oneshot_mods
                0x0000000000001b7a       0x18 .build/obj_kinesis_nguyenvietyen_kinesismod/quantum/action_util.o
                0x0000000000001b7a                add_oneshot_mods
 .text.del_oneshot_mods
                0x0000000000001b92       0x18 .build/obj_kinesis_nguyenvietyen_kinesismod/quantum/action_util.o
                0x0000000000001b92                del_oneshot_mods
 .text.clear_oneshot_mods
                0x0000000000001baa       0x14 .build/obj_kinesis_nguyenvietyen_kinesismod/quantum/action_util.o
                0x0000000000001baa                clear_oneshot_mods
 .text.send_keyboard_report
                0x0000000000001bbe       0x82 .build/obj_kinesis_nguyenvietyen_kinesismod/quantum/action_util.o
                0x0000000000001bbe                send_keyboard_report
 .text.oneshot_locked_mods_changed_user
                0x0000000000001c40        0x6 .build/obj_kinesis_nguyenvietyen_kinesismod/quantum/action_util.o
                0x0000000000001c40                oneshot_locked_mods_changed_user
 .text.oneshot_locked_mods_changed_kb
                0x0000000000001c46        0x6 .build/obj_kinesis_nguyenvietyen_kinesismod/quantum/action_util.o
                0x0000000000001c46                oneshot_locked_mods_changed_kb
 .text.del_oneshot_locked_mods
                0x0000000000001c4c       0x18 .build/obj_kinesis_nguyenvietyen_kinesismod/quantum/action_util.o
                0x0000000000001c4c                del_oneshot_locked_mods
 .text.oneshot_layer_changed_kb
                0x0000000000001c64        0x6 .build/obj_kinesis_nguyenvietyen_kinesismod/quantum/action_util.o
                0x0000000000001c64                oneshot_layer_changed_kb
 .text.set_oneshot_layer
                0x0000000000001c6a       0x30 .build/obj_kinesis_nguyenvietyen_kinesismod/quantum/action_util.o
                0x0000000000001c6a                set_oneshot_layer
 .text.reset_oneshot_layer
                0x0000000000001c9a        0xc .build/obj_kinesis_nguyenvietyen_kinesismod/quantum/action_util.o
                0x0000000000001c9a                reset_oneshot_layer
 .text.clear_oneshot_layer_state
                0x0000000000001ca6       0x2e .build/obj_kinesis_nguyenvietyen_kinesismod/quantum/action_util.o
                0x0000000000001ca6                clear_oneshot_layer_state
 .text.oneshot_set
                0x0000000000001cd4       0x2a .build/obj_kinesis_nguyenvietyen_kinesismod/quantum/action_util.o
                0x0000000000001cd4                oneshot_set
 .text.oneshot_toggle
                0x0000000000001cfe       0x14 .build/obj_kinesis_nguyenvietyen_kinesismod/quantum/action_util.o
                0x0000000000001cfe                oneshot_toggle
 .text.oneshot_enable
                0x0000000000001d12        0x8 .build/obj_kinesis_nguyenvietyen_kinesismod/quantum/action_util.o
                0x0000000000001d12                oneshot_enable
 .text.oneshot_disable
                0x0000000000001d1a        0x8 .build/obj_kinesis_nguyenvietyen_kinesismod/quantum/action_util.o
                0x0000000000001d1a                oneshot_disable
 .text.eeconfig_disable
                0x0000000000001d22        0xe .build/obj_kinesis_nguyenvietyen_kinesismod/quantum/eeconfig.o
                0x0000000000001d22                eeconfig_disable
 .text.eeconfig_is_enabled
                0x0000000000001d30       0x16 .build/obj_kinesis_nguyenvietyen_kinesismod/quantum/eeconfig.o
                0x0000000000001d30                eeconfig_is_enabled
 .text.eeconfig_read_debug
                0x0000000000001d46        0xa .build/obj_kinesis_nguyenvietyen_kinesismod/quantum/eeconfig.o
                0x0000000000001d46                eeconfig_read_debug
 .text.eeconfig_read_default_layer
                0x0000000000001d50        0xa .build/obj_kinesis_nguyenvietyen_kinesismod/quantum/eeconfig.o
                0x0000000000001d50                eeconfig_read_default_layer
 .text.eeconfig_read_keymap
                0x0000000000001d5a        0xa .build/obj_kinesis_nguyenvietyen_kinesismod/quantum/eeconfig.o
                0x0000000000001d5a                eeconfig_read_keymap
 .text.eeconfig_update_keymap
                0x0000000000001d64        0xc .build/obj_kinesis_nguyenvietyen_kinesismod/quantum/eeconfig.o
                0x0000000000001d64                eeconfig_update_keymap
 .text.eeconfig_update_kb
                0x0000000000001d70        0xe .build/obj_kinesis_nguyenvietyen_kinesismod/quantum/eeconfig.o
                0x0000000000001d70                eeconfig_update_kb
 .text.eeconfig_update_user
                0x0000000000001d7e        0xe .build/obj_kinesis_nguyenvietyen_kinesismod/quantum/eeconfig.o
                0x0000000000001d7e                eeconfig_update_user
 .text.eeconfig_init_user
                0x0000000000001d8c        0xc .build/obj_kinesis_nguyenvietyen_kinesismod/quantum/eeconfig.o
                0x0000000000001d8c                eeconfig_init_user
 .text.eeconfig_init_kb
                0x0000000000001d98       0x10 .build/obj_kinesis_nguyenvietyen_kinesismod/quantum/eeconfig.o
                0x0000000000001d98                eeconfig_init_kb
 .text.eeconfig_init_quantum
                0x0000000000001da8       0xc4 .build/obj_kinesis_nguyenvietyen_kinesismod/quantum/eeconfig.o
                0x0000000000001da8                eeconfig_init_quantum
 .text.eeconfig_init
                0x0000000000001e6c        0x6 .build/obj_kinesis_nguyenvietyen_kinesismod/quantum/eeconfig.o
                0x0000000000001e6c                eeconfig_init
 .text.eeconfig_update_handedness
                0x0000000000001e72        0xc .build/obj_kinesis_nguyenvietyen_kinesismod/quantum/eeconfig.o
                0x0000000000001e72                eeconfig_update_handedness
 .text.generate_tick_event
                0x0000000000001e7e       0x48 .build/obj_kinesis_nguyenvietyen_kinesismod/quantum/keyboard.o
 .text.last_matrix_activity_trigger
                0x0000000000001ec6       0x26 .build/obj_kinesis_nguyenvietyen_kinesismod/quantum/keyboard.o
                0x0000000000001ec6                last_matrix_activity_trigger
 .text.matrix_can_read
                0x0000000000001eec        0x4 .build/obj_kinesis_nguyenvietyen_kinesismod/quantum/keyboard.o
                0x0000000000001eec                matrix_can_read
 .text.is_keyboard_master
                0x0000000000001ef0        0x4 .build/obj_kinesis_nguyenvietyen_kinesismod/quantum/keyboard.o
                0x0000000000001ef0                is_keyboard_master
 .text.should_process_keypress
                0x0000000000001ef4        0x6 .build/obj_kinesis_nguyenvietyen_kinesismod/quantum/keyboard.o
                0x0000000000001ef4                should_process_keypress
 .text.housekeeping_task_user
                0x0000000000001efa        0x2 .build/obj_kinesis_nguyenvietyen_kinesismod/quantum/keyboard.o
                0x0000000000001efa                housekeeping_task_user
 .text.housekeeping_task_kb
                0x0000000000001efc        0x6 .build/obj_kinesis_nguyenvietyen_kinesismod/quantum/keyboard.o
                0x0000000000001efc                housekeeping_task_kb
 .text.keyboard_post_init_user
                0x0000000000001f02        0x6 .build/obj_kinesis_nguyenvietyen_kinesismod/quantum/keyboard.o
                0x0000000000001f02                keyboard_post_init_user
 .text.keyboard_post_init_kb
                0x0000000000001f08        0x6 .build/obj_kinesis_nguyenvietyen_kinesismod/quantum/keyboard.o
                0x0000000000001f08                keyboard_post_init_kb
 .text.keyboard_pre_init_user
                0x0000000000001f0e        0x6 .build/obj_kinesis_nguyenvietyen_kinesismod/quantum/keyboard.o
                0x0000000000001f0e                keyboard_pre_init_user
 .text.keyboard_pre_init_kb
                0x0000000000001f14        0x6 .build/obj_kinesis_nguyenvietyen_kinesismod/quantum/keyboard.o
                0x0000000000001f14                keyboard_pre_init_kb
 .text.matrix_setup
                0x0000000000001f1a        0x6 .build/obj_kinesis_nguyenvietyen_kinesismod/quantum/keyboard.o
                0x0000000000001f1a                matrix_setup
 .text.keyboard_setup
                0x0000000000001f20       0x12 .build/obj_kinesis_nguyenvietyen_kinesismod/quantum/keyboard.o
                0x0000000000001f20                keyboard_setup
 .text.housekeeping_task
                0x0000000000001f32        0xa .build/obj_kinesis_nguyenvietyen_kinesismod/quantum/keyboard.o
                0x0000000000001f32                housekeeping_task
 .text.quantum_init
                0x0000000000001f3c        0xa .build/obj_kinesis_nguyenvietyen_kinesismod/quantum/keyboard.o
                0x0000000000001f3c                quantum_init
 .text.keyboard_init
                0x0000000000001f46       0x16 .build/obj_kinesis_nguyenvietyen_kinesismod/quantum/keyboard.o
                0x0000000000001f46                keyboard_init
 .text.keyboard_task
                0x0000000000001f5c       0xd0 .build/obj_kinesis_nguyenvietyen_kinesismod/quantum/keyboard.o
                0x0000000000001f5c                keyboard_task
 .text.action_for_keycode
                0x000000000000202c      0x23a .build/obj_kinesis_nguyenvietyen_kinesismod/quantum/keymap_common.o
                0x000000000000202c                action_for_keycode
 .text.keymap_key_to_keycode
                0x0000000000002266       0x18 .build/obj_kinesis_nguyenvietyen_kinesismod/quantum/keymap_common.o
                0x0000000000002266                keymap_key_to_keycode
 .text.action_for_key
                0x000000000000227e        0xa .build/obj_kinesis_nguyenvietyen_kinesismod/quantum/keymap_common.o
                0x000000000000227e                action_for_key
 .text.keycode_config
                0x0000000000002288      0x138 .build/obj_kinesis_nguyenvietyen_kinesismod/quantum/keycode_config.o
                0x0000000000002288                keycode_config
 .text.mod_config
                0x00000000000023c0       0x9e .build/obj_kinesis_nguyenvietyen_kinesismod/quantum/keycode_config.o
                0x00000000000023c0                mod_config
 .text.sendchar
                0x000000000000245e        0x4 .build/obj_kinesis_nguyenvietyen_kinesismod/quantum/logging/sendchar.o
                0x000000000000245e                sendchar
 .text.bootmagic
                0x0000000000002462        0x2 .build/obj_kinesis_nguyenvietyen_kinesismod/quantum/bootmagic/magic.o
                0x0000000000002462                bootmagic
 .text.magic    0x0000000000002464       0x3c .build/obj_kinesis_nguyenvietyen_kinesismod/quantum/bootmagic/magic.o
                0x0000000000002464                magic
 .text.matrix_get_row
                0x00000000000024a0        0xc .build/obj_kinesis_nguyenvietyen_kinesismod/quantum/matrix_common.o
                0x00000000000024a0                matrix_get_row
 .text.matrix_print
                0x00000000000024ac        0x2 .build/obj_kinesis_nguyenvietyen_kinesismod/quantum/matrix_common.o
                0x00000000000024ac                matrix_print
 .text.matrix_io_delay
                0x00000000000024ae        0x8 .build/obj_kinesis_nguyenvietyen_kinesismod/quantum/matrix_common.o
                0x00000000000024ae                matrix_io_delay
 .text.matrix_init_custom
                0x00000000000024b6        0x2 .build/obj_kinesis_nguyenvietyen_kinesismod/quantum/matrix_common.o
 .text.matrix_scan_user
                0x00000000000024b8        0x6 .build/obj_kinesis_nguyenvietyen_kinesismod/quantum/matrix_common.o
                0x00000000000024b8                matrix_scan_user
 .text.matrix_scan_kb
                0x00000000000024be        0x6 .build/obj_kinesis_nguyenvietyen_kinesismod/quantum/matrix_common.o
                0x00000000000024be                matrix_scan_kb
 .text.matrix_init_user
                0x00000000000024c4        0x6 .build/obj_kinesis_nguyenvietyen_kinesismod/quantum/matrix_common.o
                0x00000000000024c4                matrix_init_user
 .text.matrix_init_kb
                0x00000000000024ca        0x6 .build/obj_kinesis_nguyenvietyen_kinesismod/quantum/matrix_common.o
                0x00000000000024ca                matrix_init_kb
 .text.matrix_init
                0x00000000000024d0       0x24 .build/obj_kinesis_nguyenvietyen_kinesismod/quantum/matrix_common.o
                0x00000000000024d0                matrix_init
 .text.matrix_scan
                0x00000000000024f4       0x26 .build/obj_kinesis_nguyenvietyen_kinesismod/quantum/matrix_common.o
                0x00000000000024f4                matrix_scan
 .text.debounce_init
                0x000000000000251a        0x2 .build/obj_kinesis_nguyenvietyen_kinesismod/quantum/debounce/sym_defer_g.o
                0x000000000000251a                debounce_init
 .text.debounce
                0x000000000000251c       0x72 .build/obj_kinesis_nguyenvietyen_kinesismod/quantum/debounce/sym_defer_g.o
                0x000000000000251c                debounce
 .text.protocol_init
                0x000000000000258e        0xe .build/obj_kinesis_nguyenvietyen_kinesismod/quantum/main.o
                0x000000000000258e                protocol_init
 .text.protocol_task
                0x000000000000259c        0xe .build/obj_kinesis_nguyenvietyen_kinesismod/quantum/main.o
                0x000000000000259c                protocol_task
 .text.startup.main
                0x00000000000025aa       0x1a .build/obj_kinesis_nguyenvietyen_kinesismod/quantum/main.o
                0x00000000000025aa                main
 .text.print_set_sendchar
                0x00000000000025c4        0xa .build/obj_kinesis_nguyenvietyen_kinesismod/platforms/avr/printf.o
                0x00000000000025c4                print_set_sendchar
 .text.times_inv_sqrt2
                0x00000000000025ce       0x1c .build/obj_kinesis_nguyenvietyen_kinesismod/quantum/mousekey.o
 .text.move_unit
                0x00000000000025ea       0x7e .build/obj_kinesis_nguyenvietyen_kinesismod/quantum/mousekey.o
 .text.wheel_unit
                0x0000000000002668       0x72 .build/obj_kinesis_nguyenvietyen_kinesismod/quantum/mousekey.o
 .text.mousekey_on
                0x00000000000026da       0xb6 .build/obj_kinesis_nguyenvietyen_kinesismod/quantum/mousekey.o
                0x00000000000026da                mousekey_on
 .text.mousekey_off
                0x0000000000002790       0xee .build/obj_kinesis_nguyenvietyen_kinesismod/quantum/mousekey.o
                0x0000000000002790                mousekey_off
 .text.mousekey_send
                0x000000000000287e       0x3e .build/obj_kinesis_nguyenvietyen_kinesismod/quantum/mousekey.o
                0x000000000000287e                mousekey_send
 .text.mousekey_clear
                0x00000000000028bc       0x1c .build/obj_kinesis_nguyenvietyen_kinesismod/quantum/mousekey.o
                0x00000000000028bc                mousekey_clear
 .text.should_mousekey_report_send
                0x00000000000028d8       0x28 .build/obj_kinesis_nguyenvietyen_kinesismod/quantum/mousekey.o
                0x00000000000028d8                should_mousekey_report_send
 .text.mousekey_task
                0x0000000000002900      0x1dc .build/obj_kinesis_nguyenvietyen_kinesismod/quantum/mousekey.o
                0x0000000000002900                mousekey_task
 .text.sleep_led_init
                0x0000000000002adc       0x24 .build/obj_kinesis_nguyenvietyen_kinesismod/platforms/avr/sleep_led.o
                0x0000000000002adc                sleep_led_init
 .text.sleep_led_enable
                0x0000000000002b00        0xc .build/obj_kinesis_nguyenvietyen_kinesismod/platforms/avr/sleep_led.o
                0x0000000000002b00                sleep_led_enable
 .text.sleep_led_disable
                0x0000000000002b0c        0xc .build/obj_kinesis_nguyenvietyen_kinesismod/platforms/avr/sleep_led.o
                0x0000000000002b0c                sleep_led_disable
 .text.sleep_led_toggle
                0x0000000000002b18        0xe .build/obj_kinesis_nguyenvietyen_kinesismod/platforms/avr/sleep_led.o
                0x0000000000002b18                sleep_led_toggle
 .text.__vector_17
                0x0000000000002b26       0x8e .build/obj_kinesis_nguyenvietyen_kinesismod/platforms/avr/sleep_led.o
                0x0000000000002b26                __vector_17
 .text.process_magic
                0x0000000000002bb4      0x1d4 .build/obj_kinesis_nguyenvietyen_kinesismod/quantum/process_keycode/process_magic.o
                0x0000000000002bb4                process_magic
 .text.mousekey_console
                0x0000000000002d88      0x102 .build/obj_kinesis_nguyenvietyen_kinesismod/quantum/command.o
 .text.command_common
                0x0000000000002e8a       0xfa .build/obj_kinesis_nguyenvietyen_kinesismod/quantum/command.o
 .text.command_console_extra
                0x0000000000002f84        0x4 .build/obj_kinesis_nguyenvietyen_kinesismod/quantum/command.o
                0x0000000000002f84                command_console_extra
 .text.command_extra
                0x0000000000002f88        0x6 .build/obj_kinesis_nguyenvietyen_kinesismod/quantum/command.o
                0x0000000000002f88                command_extra
 .text.command_proc
                0x0000000000002f8e       0x92 .build/obj_kinesis_nguyenvietyen_kinesismod/quantum/command.o
                0x0000000000002f8e                command_proc
 .text.process_grave_esc
                0x0000000000003020       0x62 .build/obj_kinesis_nguyenvietyen_kinesismod/quantum/process_keycode/process_grave_esc.o
                0x0000000000003020                process_grave_esc
 .text.perform_space_cadet
                0x0000000000003082       0xd2 .build/obj_kinesis_nguyenvietyen_kinesismod/quantum/process_keycode/process_space_cadet.o
                0x0000000000003082                perform_space_cadet
 .text.process_space_cadet
                0x0000000000003154       0x86 .build/obj_kinesis_nguyenvietyen_kinesismod/quantum/process_keycode/process_space_cadet.o
                0x0000000000003154                process_space_cadet
 .text.host_set_driver
                0x00000000000031da        0xa .build/obj_kinesis_nguyenvietyen_kinesismod/protocol/host.o
                0x00000000000031da                host_set_driver
 .text.host_keyboard_leds
                0x00000000000031e4       0x1a .build/obj_kinesis_nguyenvietyen_kinesismod/protocol/host.o
                0x00000000000031e4                host_keyboard_leds
 .text.host_keyboard_led_state
                0x00000000000031fe        0x6 .build/obj_kinesis_nguyenvietyen_kinesismod/protocol/host.o
                0x00000000000031fe                host_keyboard_led_state
 .text.host_keyboard_send
                0x0000000000003204       0x34 .build/obj_kinesis_nguyenvietyen_kinesismod/protocol/host.o
                0x0000000000003204                host_keyboard_send
 .text.host_mouse_send
                0x0000000000003238       0x1c .build/obj_kinesis_nguyenvietyen_kinesismod/protocol/host.o
                0x0000000000003238                host_mouse_send
 .text.host_system_send
                0x0000000000003254       0x4a .build/obj_kinesis_nguyenvietyen_kinesismod/protocol/host.o
                0x0000000000003254                host_system_send
 .text.host_consumer_send
                0x000000000000329e       0x4a .build/obj_kinesis_nguyenvietyen_kinesismod/protocol/host.o
                0x000000000000329e                host_consumer_send
 .text.has_anykey
                0x00000000000032e8       0x2c .build/obj_kinesis_nguyenvietyen_kinesismod/protocol/report.o
                0x00000000000032e8                has_anykey
 .text.is_key_pressed
                0x0000000000003314       0x60 .build/obj_kinesis_nguyenvietyen_kinesismod/protocol/report.o
                0x0000000000003314                is_key_pressed
 .text.add_key_byte
                0x0000000000003374       0x34 .build/obj_kinesis_nguyenvietyen_kinesismod/protocol/report.o
                0x0000000000003374                add_key_byte
 .text.del_key_byte
                0x00000000000033a8       0x1a .build/obj_kinesis_nguyenvietyen_kinesismod/protocol/report.o
                0x00000000000033a8                del_key_byte
 .text.add_key_bit
                0x00000000000033c2       0x28 .build/obj_kinesis_nguyenvietyen_kinesismod/protocol/report.o
                0x00000000000033c2                add_key_bit
 .text.del_key_bit
                0x00000000000033ea       0x2a .build/obj_kinesis_nguyenvietyen_kinesismod/protocol/report.o
                0x00000000000033ea                del_key_bit
 .text.add_key_to_report
                0x0000000000003414       0x1c .build/obj_kinesis_nguyenvietyen_kinesismod/protocol/report.o
                0x0000000000003414                add_key_to_report
 .text.del_key_from_report
                0x0000000000003430       0x1c .build/obj_kinesis_nguyenvietyen_kinesismod/protocol/report.o
                0x0000000000003430                del_key_from_report
 .text.clear_keys_from_report
                0x000000000000344c       0x24 .build/obj_kinesis_nguyenvietyen_kinesismod/protocol/report.o
                0x000000000000344c                clear_keys_from_report
 .text.has_mouse_report_changed
                0x0000000000003470       0x5c .build/obj_kinesis_nguyenvietyen_kinesismod/protocol/report.o
                0x0000000000003470                has_mouse_report_changed
 .text.notify_usb_device_state_change_user
                0x00000000000034cc        0x2 .build/obj_kinesis_nguyenvietyen_kinesismod/protocol/usb_device_state.o
                0x00000000000034cc                notify_usb_device_state_change_user
 .text.notify_usb_device_state_change_kb
                0x00000000000034ce        0x6 .build/obj_kinesis_nguyenvietyen_kinesismod/protocol/usb_device_state.o
                0x00000000000034ce                notify_usb_device_state_change_kb
 .text.usb_device_state_set_suspend
                0x00000000000034d4        0xc .build/obj_kinesis_nguyenvietyen_kinesismod/protocol/usb_device_state.o
                0x00000000000034d4                usb_device_state_set_suspend
 .text.usb_device_state_set_resume
                0x00000000000034e0       0x14 .build/obj_kinesis_nguyenvietyen_kinesismod/protocol/usb_device_state.o
                0x00000000000034e0                usb_device_state_set_resume
 .text.usb_device_state_set_configuration
                0x00000000000034f4        0x6 .build/obj_kinesis_nguyenvietyen_kinesismod/protocol/usb_device_state.o
                0x00000000000034f4                usb_device_state_set_configuration
 .text.usb_device_state_init
                0x00000000000034fa        0xc .build/obj_kinesis_nguyenvietyen_kinesismod/protocol/usb_device_state.o
                0x00000000000034fa                usb_device_state_init
 .text.usb_device_state_set_reset
                0x0000000000003506        0x6 .build/obj_kinesis_nguyenvietyen_kinesismod/protocol/usb_device_state.o
                0x0000000000003506                usb_device_state_set_reset
 .text.suspend_wakeup_init_user
                0x000000000000350c        0x2 .build/obj_kinesis_nguyenvietyen_kinesismod/platforms/suspend.o
                0x000000000000350c                suspend_wakeup_init_user
 .text.suspend_power_down_user
                0x000000000000350e        0x6 .build/obj_kinesis_nguyenvietyen_kinesismod/platforms/suspend.o
                0x000000000000350e                suspend_power_down_user
 .text.suspend_power_down_kb
                0x0000000000003514        0x6 .build/obj_kinesis_nguyenvietyen_kinesismod/platforms/suspend.o
                0x0000000000003514                suspend_power_down_kb
 .text.matrix_power_down
                0x000000000000351a        0x6 .build/obj_kinesis_nguyenvietyen_kinesismod/platforms/suspend.o
                0x000000000000351a                matrix_power_down
 .text.matrix_power_up
                0x0000000000003520        0x6 .build/obj_kinesis_nguyenvietyen_kinesismod/platforms/suspend.o
                0x0000000000003520                matrix_power_up
 .text.suspend_wakeup_init_kb
                0x0000000000003526        0x6 .build/obj_kinesis_nguyenvietyen_kinesismod/platforms/suspend.o
                0x0000000000003526                suspend_wakeup_init_kb
 .text.suspend_wakeup_condition
                0x000000000000352c       0x28 .build/obj_kinesis_nguyenvietyen_kinesismod/platforms/suspend.o
                0x000000000000352c                suspend_wakeup_condition
 .text.platform_setup
                0x0000000000003554        0xe .build/obj_kinesis_nguyenvietyen_kinesismod/platforms/avr/platform.o
                0x0000000000003554                platform_setup
 .text.suspend_power_down
                0x0000000000003562        0xe .build/obj_kinesis_nguyenvietyen_kinesismod/platforms/avr/suspend.o
                0x0000000000003562                suspend_power_down
 .text.suspend_wakeup_init
                0x0000000000003570        0xa .build/obj_kinesis_nguyenvietyen_kinesismod/platforms/avr/suspend.o
                0x0000000000003570                suspend_wakeup_init
 .text.timer_init
                0x000000000000357a       0x12 .build/obj_kinesis_nguyenvietyen_kinesismod/platforms/avr/timer.o
                0x000000000000357a                timer_init
 .text.timer_read
                0x000000000000358c       0x18 .build/obj_kinesis_nguyenvietyen_kinesismod/platforms/avr/timer.o
                0x000000000000358c                timer_read
 .text.timer_read32
                0x00000000000035a4       0x18 .build/obj_kinesis_nguyenvietyen_kinesismod/platforms/avr/timer.o
                0x00000000000035a4                timer_read32
 .text.timer_elapsed
                0x00000000000035bc       0x1e .build/obj_kinesis_nguyenvietyen_kinesismod/platforms/avr/timer.o
                0x00000000000035bc                timer_elapsed
 .text.__vector_21
                0x00000000000035da       0x4c .build/obj_kinesis_nguyenvietyen_kinesismod/platforms/avr/timer.o
                0x00000000000035da                __vector_21
 .text.bootloader_jump
                0x0000000000003626       0x22 .build/obj_kinesis_nguyenvietyen_kinesismod/platforms/avr/bootloaders/caterina.o
                0x0000000000003626                bootloader_jump
 .text.mcu_reset
                0x0000000000003648       0x16 .build/obj_kinesis_nguyenvietyen_kinesismod/platforms/avr/bootloaders/caterina.o
                0x0000000000003648                mcu_reset
 .text.keyboard_leds
                0x000000000000365e        0x6 .build/obj_kinesis_nguyenvietyen_kinesismod/lufa.o
 .text.send_report
                0x0000000000003664       0x48 .build/obj_kinesis_nguyenvietyen_kinesismod/lufa.o
                0x0000000000003664                send_report
 .text.send_extra
                0x00000000000036ac        0xe .build/obj_kinesis_nguyenvietyen_kinesismod/lufa.o
 .text.send_mouse
                0x00000000000036ba        0xe .build/obj_kinesis_nguyenvietyen_kinesismod/lufa.o
 .text.send_keyboard
                0x00000000000036c8       0x48 .build/obj_kinesis_nguyenvietyen_kinesismod/lufa.o
 .text.EVENT_USB_Device_Connect
                0x0000000000003710       0x1c .build/obj_kinesis_nguyenvietyen_kinesismod/lufa.o
                0x0000000000003710                EVENT_USB_Device_Connect
 .text.EVENT_USB_Device_Disconnect
                0x000000000000372c        0x6 .build/obj_kinesis_nguyenvietyen_kinesismod/lufa.o
                0x000000000000372c                EVENT_USB_Device_Disconnect
 .text.EVENT_USB_Device_Reset
                0x0000000000003732        0x6 .build/obj_kinesis_nguyenvietyen_kinesismod/lufa.o
                0x0000000000003732                EVENT_USB_Device_Reset
 .text.EVENT_USB_Device_Suspend
                0x0000000000003738       0x16 .build/obj_kinesis_nguyenvietyen_kinesismod/lufa.o
                0x0000000000003738                EVENT_USB_Device_Suspend
 .text.EVENT_USB_Device_WakeUp
                0x000000000000374e       0x22 .build/obj_kinesis_nguyenvietyen_kinesismod/lufa.o
                0x000000000000374e                EVENT_USB_Device_WakeUp
 .text.EVENT_USB_Device_ConfigurationChanged
                0x0000000000003770       0x2a .build/obj_kinesis_nguyenvietyen_kinesismod/lufa.o
                0x0000000000003770                EVENT_USB_Device_ConfigurationChanged
 .text.EVENT_USB_Device_ControlRequest
                0x000000000000379a      0x17e .build/obj_kinesis_nguyenvietyen_kinesismod/lufa.o
                0x000000000000379a                EVENT_USB_Device_ControlRequest
 .text.protocol_setup
                0x0000000000003918       0x34 .build/obj_kinesis_nguyenvietyen_kinesismod/lufa.o
                0x0000000000003918                protocol_setup
 .text.protocol_pre_init
                0x000000000000394c       0x1a .build/obj_kinesis_nguyenvietyen_kinesismod/lufa.o
                0x000000000000394c                protocol_pre_init
 .text.protocol_post_init
                0x0000000000003966        0xa .build/obj_kinesis_nguyenvietyen_kinesismod/lufa.o
                0x0000000000003966                protocol_post_init
 .text.protocol_pre_task
                0x0000000000003970       0x34 .build/obj_kinesis_nguyenvietyen_kinesismod/lufa.o
                0x0000000000003970                protocol_pre_task
 .text.protocol_post_task
                0x00000000000039a4        0x2 .build/obj_kinesis_nguyenvietyen_kinesismod/lufa.o
                0x00000000000039a4                protocol_post_task
 .text.CALLBACK_USB_GetDescriptor
                0x00000000000039a6       0x10 .build/obj_kinesis_nguyenvietyen_kinesismod/lufa.o
                0x00000000000039a6                CALLBACK_USB_GetDescriptor
 .text.get_usb_descriptor
                0x00000000000039b6       0xb2 .build/obj_kinesis_nguyenvietyen_kinesismod/usb_descriptor.o
                0x00000000000039b6                get_usb_descriptor
 .text.USB_Device_SendRemoteWakeup
                0x0000000000003a68       0x2c .build/obj_kinesis_nguyenvietyen_kinesismod/lib/lufa/LUFA/Drivers/USB/Core/AVR8/Device_AVR8.o
                0x0000000000003a68                USB_Device_SendRemoteWakeup
 .text.Endpoint_Write_Stream_LE
                0x0000000000003a94       0x8a .build/obj_kinesis_nguyenvietyen_kinesismod/lib/lufa/LUFA/Drivers/USB/Core/AVR8/EndpointStream_AVR8.o
                0x0000000000003a94                Endpoint_Write_Stream_LE
 .text.Endpoint_Write_Control_Stream_LE
                0x0000000000003b1e       0xbc .build/obj_kinesis_nguyenvietyen_kinesismod/lib/lufa/LUFA/Drivers/USB/Core/AVR8/EndpointStream_AVR8.o
                0x0000000000003b1e                Endpoint_Write_Control_Stream_LE
 .text.Endpoint_Write_Control_PStream_LE
                0x0000000000003bda       0xc2 .build/obj_kinesis_nguyenvietyen_kinesismod/lib/lufa/LUFA/Drivers/USB/Core/AVR8/EndpointStream_AVR8.o
                0x0000000000003bda                Endpoint_Write_Control_PStream_LE
 .text.Endpoint_ConfigureEndpoint_Prv
                0x0000000000003c9c       0x6a .build/obj_kinesis_nguyenvietyen_kinesismod/lib/lufa/LUFA/Drivers/USB/Core/AVR8/Endpoint_AVR8.o
                0x0000000000003c9c                Endpoint_ConfigureEndpoint_Prv
 .text.Endpoint_ClearStatusStage
                0x0000000000003d06       0x3e .build/obj_kinesis_nguyenvietyen_kinesismod/lib/lufa/LUFA/Drivers/USB/Core/AVR8/Endpoint_AVR8.o
                0x0000000000003d06                Endpoint_ClearStatusStage
 .text.Endpoint_WaitUntilReady
                0x0000000000003d44       0x66 .build/obj_kinesis_nguyenvietyen_kinesismod/lib/lufa/LUFA/Drivers/USB/Core/AVR8/Endpoint_AVR8.o
                0x0000000000003d44                Endpoint_WaitUntilReady
 .text.USB_Disable
                0x0000000000003daa       0x34 .build/obj_kinesis_nguyenvietyen_kinesismod/lib/lufa/LUFA/Drivers/USB/Core/AVR8/USBController_AVR8.o
                0x0000000000003daa                USB_Disable
 .text.USB_ResetInterface
                0x0000000000003dde       0x86 .build/obj_kinesis_nguyenvietyen_kinesismod/lib/lufa/LUFA/Drivers/USB/Core/AVR8/USBController_AVR8.o
                0x0000000000003dde                USB_ResetInterface
 .text.USB_Init
                0x0000000000003e64       0x24 .build/obj_kinesis_nguyenvietyen_kinesismod/lib/lufa/LUFA/Drivers/USB/Core/AVR8/USBController_AVR8.o
                0x0000000000003e64                USB_Init
 .text.USB_INT_DisableAllInterrupts
                0x0000000000003e88       0x10 .build/obj_kinesis_nguyenvietyen_kinesismod/lib/lufa/LUFA/Drivers/USB/Core/AVR8/USBInterrupt_AVR8.o
                0x0000000000003e88                USB_INT_DisableAllInterrupts
 .text.USB_INT_ClearAllInterrupts
                0x0000000000003e98        0xa .build/obj_kinesis_nguyenvietyen_kinesismod/lib/lufa/LUFA/Drivers/USB/Core/AVR8/USBInterrupt_AVR8.o
                0x0000000000003e98                USB_INT_ClearAllInterrupts
 .text.__vector_10
                0x0000000000003ea2      0x1a4 .build/obj_kinesis_nguyenvietyen_kinesismod/lib/lufa/LUFA/Drivers/USB/Core/AVR8/USBInterrupt_AVR8.o
                0x0000000000003ea2                __vector_10
 .text.__vector_11
                0x0000000000004046       0x88 .build/obj_kinesis_nguyenvietyen_kinesismod/lib/lufa/LUFA/Drivers/USB/Core/AVR8/USBInterrupt_AVR8.o
                0x0000000000004046                __vector_11
 .text.USB_Device_ProcessControlRequest
                0x00000000000040ce      0x2aa .build/obj_kinesis_nguyenvietyen_kinesismod/lib/lufa/LUFA/Drivers/USB/Core/DeviceStandardReq.o
                0x00000000000040ce                USB_Device_ProcessControlRequest
 .text.USB_Event_Stub
                0x0000000000004378        0x2 .build/obj_kinesis_nguyenvietyen_kinesismod/lib/lufa/LUFA/Drivers/USB/Core/Events.o
                0x0000000000004378                USB_Event_Stub
                0x0000000000004378                EVENT_USB_Device_StartOfFrame
 .text.USB_USBTask
                0x000000000000437a       0x36 .build/obj_kinesis_nguyenvietyen_kinesismod/lib/lufa/LUFA/Drivers/USB/Core/USBTask.o
                0x000000000000437a                USB_USBTask
 .text.libgcc.div
                0x00000000000043b0       0x28 /usr/lib/gcc/avr/5.4.0/avr5/libgcc.a(_divmodhi4.o)
                0x00000000000043b0                __divmodhi4
                0x00000000000043b0                _div
 .text.libgcc   0x00000000000043d8        0xc /usr/lib/gcc/avr/5.4.0/avr5/libgcc.a(_tablejump2.o)
                0x00000000000043d8                __tablejump2__
 .text.libgcc.prologue
                0x00000000000043e4       0x38 /usr/lib/gcc/avr/5.4.0/avr5/libgcc.a(_prologue.o)
                0x00000000000043e4                __prologue_saves__
 .text.libgcc.prologue
                0x000000000000441c       0x36 /usr/lib/gcc/avr/5.4.0/avr5/libgcc.a(_epilogue.o)
                0x000000000000441c                __epilogue_restores__
 .text.libgcc.div
                0x0000000000004452       0x28 /usr/lib/gcc/avr/5.4.0/avr5/libgcc.a(_udivmodhi4.o)
                0x0000000000004452                __udivmodhi4
 .text.avr-libc
                0x000000000000447a       0x1a /usr/lib/gcc/avr/5.4.0/../../../avr/lib/avr5/libc.a(memcmp.o)
                0x000000000000447a                memcmp
 .text.avr-libc
                0x0000000000004494       0x12 /usr/lib/gcc/avr/5.4.0/../../../avr/lib/avr5/libc.a(memcpy.o)
                0x0000000000004494                memcpy
 .text.avr-libc
                0x00000000000044a6       0x10 /usr/lib/gcc/avr/5.4.0/../../../avr/lib/avr5/libatmega32u4.a(eerd_byte.o)
                0x00000000000044a6                eeprom_read_byte
 .text.avr-libc
                0x00000000000044b6        0xc /usr/lib/gcc/avr/5.4.0/../../../avr/lib/avr5/libatmega32u4.a(eerd_word.o)
                0x00000000000044b6                eeprom_read_word
 .text.avr-libc
                0x00000000000044c2       0x20 /usr/lib/gcc/avr/5.4.0/../../../avr/lib/avr5/libatmega32u4.a(eeupd_block.o)
                0x00000000000044c2                eeprom_update_block
 .text.avr-libc
                0x00000000000044e2       0x24 /usr/lib/gcc/avr/5.4.0/../../../avr/lib/avr5/libatmega32u4.a(eeupd_byte.o)
                0x00000000000044e2                eeprom_update_byte
                0x00000000000044e4                eeprom_update_r18
 .text.avr-libc
                0x0000000000004506       0x18 /usr/lib/gcc/avr/5.4.0/../../../avr/lib/avr5/libatmega32u4.a(eeupd_dword.o)
                0x0000000000004506                eeprom_update_dword
                0x0000000000004506                eeprom_update_float
 .text.avr-libc
                0x000000000000451e        0xc /usr/lib/gcc/avr/5.4.0/../../../avr/lib/avr5/libatmega32u4.a(eeupd_word.o)
                0x000000000000451e                eeprom_update_word
 .text.avr-libc
                0x000000000000452a       0x20 /usr/lib/gcc/avr/5.4.0/../../../avr/lib/avr5/libatmega32u4.a(eerd_block.o)
                0x000000000000452a                eeprom_read_block
                0x000000000000452e                eeprom_read_blraw
                0x000000000000454a                . = ALIGN (0x2)
 *(.fini9)
 .fini9         0x000000000000454a        0x0 /usr/lib/gcc/avr/5.4.0/avr5/libgcc.a(_exit.o)
                0x000000000000454a                exit
                0x000000000000454a                _exit
 *(.fini9)
 *(.fini8)
 *(.fini8)
 *(.fini7)
 *(.fini7)
 *(.fini6)
 *(.fini6)
 *(.fini5)
 *(.fini5)
 *(.fini4)
 *(.fini4)
 *(.fini3)
 *(.fini3)
 *(.fini2)
 *(.fini2)
 *(.fini1)
 *(.fini1)
 *(.fini0)
 .fini0         0x000000000000454a        0x4 /usr/lib/gcc/avr/5.4.0/avr5/libgcc.a(_exit.o)
 *(.fini0)
                0x000000000000454e                _etext = .

.data           0x0000000000800100       0x86 load address 0x000000000000454e
                0x0000000000800100                PROVIDE (__data_start, .)
 *(.data)
 *(.data*)
 .data.keyboard_report
                0x0000000000800100        0x2 .build/obj_kinesis_nguyenvietyen_kinesismod/quantum/action_util.o
                0x0000000000800100                keyboard_report
 .data.mk_wheel_time_to_max
                0x0000000000800102        0x1 .build/obj_kinesis_nguyenvietyen_kinesismod/quantum/mousekey.o
                0x0000000000800102                mk_wheel_time_to_max
 .data.mk_wheel_max_speed
                0x0000000000800103        0x1 .build/obj_kinesis_nguyenvietyen_kinesismod/quantum/mousekey.o
                0x0000000000800103                mk_wheel_max_speed
 .data.mk_wheel_interval
                0x0000000000800104        0x1 .build/obj_kinesis_nguyenvietyen_kinesismod/quantum/mousekey.o
                0x0000000000800104                mk_wheel_interval
 .data.mk_wheel_delay
                0x0000000000800105        0x1 .build/obj_kinesis_nguyenvietyen_kinesismod/quantum/mousekey.o
                0x0000000000800105                mk_wheel_delay
 .data.mk_time_to_max
                0x0000000000800106        0x1 .build/obj_kinesis_nguyenvietyen_kinesismod/quantum/mousekey.o
                0x0000000000800106                mk_time_to_max
 .data.mk_max_speed
                0x0000000000800107        0x1 .build/obj_kinesis_nguyenvietyen_kinesismod/quantum/mousekey.o
                0x0000000000800107                mk_max_speed
 .data.mk_interval
                0x0000000000800108        0x1 .build/obj_kinesis_nguyenvietyen_kinesismod/quantum/mousekey.o
                0x0000000000800108                mk_interval
 .data.mk_delay
                0x0000000000800109        0x1 .build/obj_kinesis_nguyenvietyen_kinesismod/quantum/mousekey.o
                0x0000000000800109                mk_delay
 .data.lufa_driver
                0x000000000080010a        0x8 .build/obj_kinesis_nguyenvietyen_kinesismod/lufa.o
                0x000000000080010a                lufa_driver
 .data.keyboard_protocol
                0x0000000000800112        0x1 .build/obj_kinesis_nguyenvietyen_kinesismod/lufa.o
                0x0000000000800112                keyboard_protocol
 *(.gnu.linkonce.d*)
 *(.rodata)
 *(.rodata*)
 .rodata.CSWTCH.16
                0x0000000000800113       0x36 .build/obj_kinesis_nguyenvietyen_kinesismod/quantum/action.o
 .rodata.CSWTCH.14
                0x0000000000800149        0x3 .build/obj_kinesis_nguyenvietyen_kinesismod/quantum/action.o
 .rodata.CSWTCH.4
                0x000000000080014c       0x36 .build/obj_kinesis_nguyenvietyen_kinesismod/quantum/keymap_common.o
 .rodata.CSWTCH.2
                0x0000000000800182        0x3 .build/obj_kinesis_nguyenvietyen_kinesismod/quantum/keymap_common.o
 *(.gnu.linkonce.r*)
                0x0000000000800186                . = ALIGN (0x2)
 *fill*         0x0000000000800185        0x1 
                0x0000000000800186                _edata = .
                0x0000000000800186                PROVIDE (__data_end, .)

.bss            0x0000000000800186      0x164
                0x0000000000800186                PROVIDE (__bss_start, .)
 *(.bss)
 .bss           0x0000000000800186        0x2 .build/obj_kinesis_nguyenvietyen_kinesismod/platforms/avr/xprintf.o
                0x0000000000800186                xfunc_out
 *(.bss*)
 .bss.last_led_status.6110
                0x0000000000800188        0x1 .build/obj_kinesis_nguyenvietyen_kinesismod/quantum/led.o
 .bss.last_led_modification_time
                0x0000000000800189        0x4 .build/obj_kinesis_nguyenvietyen_kinesismod/quantum/led.o
 .bss.disable_action_cache
                0x000000000080018d        0x1 .build/obj_kinesis_nguyenvietyen_kinesismod/quantum/action.o
                0x000000000080018d                disable_action_cache
 .bss.source_layers_cache
                0x000000000080018e       0x40 .build/obj_kinesis_nguyenvietyen_kinesismod/quantum/action_layer.o
                0x000000000080018e                source_layers_cache
 .bss.layer_state
                0x00000000008001ce        0x2 .build/obj_kinesis_nguyenvietyen_kinesismod/quantum/action_layer.o
                0x00000000008001ce                layer_state
 .bss.default_layer_state
                0x00000000008001d0        0x2 .build/obj_kinesis_nguyenvietyen_kinesismod/quantum/action_layer.o
                0x00000000008001d0                default_layer_state
 .bss.waiting_buffer_tail
                0x00000000008001d2        0x1 .build/obj_kinesis_nguyenvietyen_kinesismod/quantum/action_tapping.o
 .bss.waiting_buffer_head
                0x00000000008001d3        0x1 .build/obj_kinesis_nguyenvietyen_kinesismod/quantum/action_tapping.o
 .bss.waiting_buffer
                0x00000000008001d4       0x38 .build/obj_kinesis_nguyenvietyen_kinesismod/quantum/action_tapping.o
 .bss.tapping_key
                0x000000000080020c        0x7 .build/obj_kinesis_nguyenvietyen_kinesismod/quantum/action_tapping.o
 .bss.last_report.6613
                0x0000000000800213       0x20 .build/obj_kinesis_nguyenvietyen_kinesismod/quantum/action_util.o
 .bss.oneshot_layer_data
                0x0000000000800233        0x1 .build/obj_kinesis_nguyenvietyen_kinesismod/quantum/action_util.o
 .bss.oneshot_locked_mods
                0x0000000000800234        0x1 .build/obj_kinesis_nguyenvietyen_kinesismod/quantum/action_util.o
 .bss.oneshot_mods
                0x0000000000800235        0x1 .build/obj_kinesis_nguyenvietyen_kinesismod/quantum/action_util.o
 .bss.__compound_literal.0
                0x0000000000800236       0x20 .build/obj_kinesis_nguyenvietyen_kinesismod/quantum/action_util.o
 .bss.weak_mods
                0x0000000000800256        0x1 .build/obj_kinesis_nguyenvietyen_kinesismod/quantum/action_util.o
 .bss.real_mods
                0x0000000000800257        0x1 .build/obj_kinesis_nguyenvietyen_kinesismod/quantum/action_util.o
 .bss.last_tick.6635
                0x0000000000800258        0x2 .build/obj_kinesis_nguyenvietyen_kinesismod/quantum/keyboard.o
 .bss.matrix_previous.6642
                0x000000000080025a       0x10 .build/obj_kinesis_nguyenvietyen_kinesismod/quantum/keyboard.o
 .bss.last_matrix_modification_time
                0x000000000080026a        0x4 .build/obj_kinesis_nguyenvietyen_kinesismod/quantum/keyboard.o
 .bss.last_input_modification_time
                0x000000000080026e        0x4 .build/obj_kinesis_nguyenvietyen_kinesismod/quantum/keyboard.o
 .bss.debug_config
                0x0000000000800272        0x1 .build/obj_kinesis_nguyenvietyen_kinesismod/quantum/logging/debug.o
                0x0000000000800272                debug_config
 .bss.debouncing_time
                0x0000000000800273        0x2 .build/obj_kinesis_nguyenvietyen_kinesismod/quantum/debounce/sym_defer_g.o
 .bss.debouncing
                0x0000000000800275        0x1 .build/obj_kinesis_nguyenvietyen_kinesismod/quantum/debounce/sym_defer_g.o
 .bss.last_timer_w
                0x0000000000800276        0x2 .build/obj_kinesis_nguyenvietyen_kinesismod/quantum/mousekey.o
 .bss.last_timer_c
                0x0000000000800278        0x2 .build/obj_kinesis_nguyenvietyen_kinesismod/quantum/mousekey.o
 .bss.mousekey_wheel_repeat
                0x000000000080027a        0x1 .build/obj_kinesis_nguyenvietyen_kinesismod/quantum/mousekey.o
 .bss.mousekey_repeat
                0x000000000080027b        0x1 .build/obj_kinesis_nguyenvietyen_kinesismod/quantum/mousekey.o
 .bss.mousekey_accel
                0x000000000080027c        0x1 .build/obj_kinesis_nguyenvietyen_kinesismod/quantum/mousekey.o
 .bss.mouse_report
                0x000000000080027d        0x6 .build/obj_kinesis_nguyenvietyen_kinesismod/quantum/mousekey.o
 .bss.led_state.1829
                0x0000000000800283        0x1 .build/obj_kinesis_nguyenvietyen_kinesismod/platforms/avr/sleep_led.o
 .bss.timer.1828
                0x0000000000800284        0x2 .build/obj_kinesis_nguyenvietyen_kinesismod/platforms/avr/sleep_led.o
 .bss.pp.7116   0x0000000000800286        0x2 .build/obj_kinesis_nguyenvietyen_kinesismod/quantum/command.o
 .bss.param.7115
                0x0000000000800288        0x1 .build/obj_kinesis_nguyenvietyen_kinesismod/quantum/command.o
 .bss.command_state
                0x0000000000800289        0x1 .build/obj_kinesis_nguyenvietyen_kinesismod/quantum/command.o
                0x0000000000800289                command_state
 .bss.grave_esc_was_shifted
                0x000000000080028a        0x1 .build/obj_kinesis_nguyenvietyen_kinesismod/quantum/process_keycode/process_grave_esc.o
 .bss.sc_timer  0x000000000080028b        0x2 .build/obj_kinesis_nguyenvietyen_kinesismod/quantum/process_keycode/process_space_cadet.o
 .bss.sc_last   0x000000000080028d        0x1 .build/obj_kinesis_nguyenvietyen_kinesismod/quantum/process_keycode/process_space_cadet.o
 .bss.last_consumer_usage
                0x000000000080028e        0x2 .build/obj_kinesis_nguyenvietyen_kinesismod/protocol/host.o
 .bss.last_system_usage
                0x0000000000800290        0x2 .build/obj_kinesis_nguyenvietyen_kinesismod/protocol/host.o
 .bss.driver    0x0000000000800292        0x2 .build/obj_kinesis_nguyenvietyen_kinesismod/protocol/host.o
 .bss.usb_device_state
                0x0000000000800294        0x1 .build/obj_kinesis_nguyenvietyen_kinesismod/protocol/usb_device_state.o
                0x0000000000800294                usb_device_state
 .bss.keyboard_report_sent
                0x0000000000800295       0x20 .build/obj_kinesis_nguyenvietyen_kinesismod/lufa.o
 .bss.keyboard_led_state
                0x00000000008002b5        0x1 .build/obj_kinesis_nguyenvietyen_kinesismod/lufa.o
 .bss.keyboard_idle
                0x00000000008002b6        0x1 .build/obj_kinesis_nguyenvietyen_kinesismod/lufa.o
                0x00000000008002b6                keyboard_idle
 *(COMMON)
 COMMON         0x00000000008002b7        0x2 .build/obj_kinesis_nguyenvietyen_kinesismod/quantum/bootmagic/magic.o
                0x00000000008002b7                keymap_config
 COMMON         0x00000000008002b9       0x20 .build/obj_kinesis_nguyenvietyen_kinesismod/quantum/matrix_common.o
                0x00000000008002b9                raw_matrix
                0x00000000008002c9                matrix
 COMMON         0x00000000008002d9        0x4 .build/obj_kinesis_nguyenvietyen_kinesismod/platforms/avr/timer.o
                0x00000000008002d9                timer_count
 COMMON         0x00000000008002dd        0x3 .build/obj_kinesis_nguyenvietyen_kinesismod/lib/lufa/LUFA/Drivers/USB/Core/DeviceStandardReq.o
                0x00000000008002dd                USB_Device_ConfigurationNumber
                0x00000000008002de                USB_Device_CurrentlySelfPowered
                0x00000000008002df                USB_Device_RemoteWakeupEnabled
 COMMON         0x00000000008002e0        0xa .build/obj_kinesis_nguyenvietyen_kinesismod/lib/lufa/LUFA/Drivers/USB/Core/USBTask.o
                0x00000000008002e0                USB_IsInitialized
                0x00000000008002e1                USB_DeviceState
                0x00000000008002e2                USB_ControlRequest
                0x00000000008002ea                PROVIDE (__bss_end, .)
                0x000000000000454e                __data_load_start = LOADADDR (.data)
                0x00000000000045d4                __data_load_end = (__data_load_start + SIZEOF (.data))

.noinit         0x00000000008002ea        0x0
                [!provide]                        PROVIDE (__noinit_start, .)
 *(.noinit*)
                [!provide]                        PROVIDE (__noinit_end, .)
                0x00000000008002ea                _end = .
                [!provide]                        PROVIDE (__heap_start, .)

.eeprom         0x0000000000810000        0x0
 *(.eeprom*)
                0x0000000000810000                __eeprom_end = .

.fuse
 *(.fuse)
 *(.lfuse)
 *(.hfuse)
 *(.efuse)

.lock
 *(.lock*)

.signature
 *(.signature*)

.user_signatures
 *(.user_signatures*)

.stab
 *(.stab)

.stabstr
 *(.stabstr)

.stab.excl
 *(.stab.excl)

.stab.exclstr
 *(.stab.exclstr)

.stab.index
 *(.stab.index)

.stab.indexstr
 *(.stab.indexstr)

.comment        0x0000000000000000       0x11
 *(.comment)
 .comment       0x0000000000000000       0x11 .build/obj_kinesis_nguyenvietyen_kinesismod/matrix.o
                                         0x12 (size before relaxing)
 .comment       0x0000000000000011       0x12 .build/obj_kinesis_nguyenvietyen_kinesismod/quantum/keymap_introspection.o
 .comment       0x0000000000000011       0x12 .build/obj_kinesis_nguyenvietyen_kinesismod/quantum/quantum.o
 .comment       0x0000000000000011       0x12 .build/obj_kinesis_nguyenvietyen_kinesismod/quantum/led.o
 .comment       0x0000000000000011       0x12 .build/obj_kinesis_nguyenvietyen_kinesismod/quantum/action.o
 .comment       0x0000000000000011       0x12 .build/obj_kinesis_nguyenvietyen_kinesismod/quantum/action_layer.o
 .comment       0x0000000000000011       0x12 .build/obj_kinesis_nguyenvietyen_kinesismod/quantum/action_tapping.o
 .comment       0x0000000000000011       0x12 .build/obj_kinesis_nguyenvietyen_kinesismod/quantum/action_util.o
 .comment       0x0000000000000011       0x12 .build/obj_kinesis_nguyenvietyen_kinesismod/quantum/eeconfig.o
 .comment       0x0000000000000011       0x12 .build/obj_kinesis_nguyenvietyen_kinesismod/quantum/keyboard.o
 .comment       0x0000000000000011       0x12 .build/obj_kinesis_nguyenvietyen_kinesismod/quantum/keymap_common.o
 .comment       0x0000000000000011       0x12 .build/obj_kinesis_nguyenvietyen_kinesismod/quantum/keycode_config.o
 .comment       0x0000000000000011       0x12 .build/obj_kinesis_nguyenvietyen_kinesismod/quantum/logging/debug.o
 .comment       0x0000000000000011       0x12 .build/obj_kinesis_nguyenvietyen_kinesismod/quantum/logging/sendchar.o
 .comment       0x0000000000000011       0x12 .build/obj_kinesis_nguyenvietyen_kinesismod/quantum/bootmagic/magic.o
 .comment       0x0000000000000011       0x12 .build/obj_kinesis_nguyenvietyen_kinesismod/quantum/matrix_common.o
 .comment       0x0000000000000011       0x12 .build/obj_kinesis_nguyenvietyen_kinesismod/quantum/debounce/sym_defer_g.o
 .comment       0x0000000000000011       0x12 .build/obj_kinesis_nguyenvietyen_kinesismod/quantum/main.o
 .comment       0x0000000000000011       0x12 .build/obj_kinesis_nguyenvietyen_kinesismod/platforms/avr/printf.o
 .comment       0x0000000000000011       0x12 .build/obj_kinesis_nguyenvietyen_kinesismod/quantum/mousekey.o
 .comment       0x0000000000000011       0x12 .build/obj_kinesis_nguyenvietyen_kinesismod/platforms/avr/sleep_led.o
 .comment       0x0000000000000011       0x12 .build/obj_kinesis_nguyenvietyen_kinesismod/quantum/process_keycode/process_magic.o
 .comment       0x0000000000000011       0x12 .build/obj_kinesis_nguyenvietyen_kinesismod/quantum/command.o
 .comment       0x0000000000000011       0x12 .build/obj_kinesis_nguyenvietyen_kinesismod/quantum/process_keycode/process_grave_esc.o
 .comment       0x0000000000000011       0x12 .build/obj_kinesis_nguyenvietyen_kinesismod/quantum/process_keycode/process_space_cadet.o
 .comment       0x0000000000000011       0x12 .build/obj_kinesis_nguyenvietyen_kinesismod/protocol/host.o
 .comment       0x0000000000000011       0x12 .build/obj_kinesis_nguyenvietyen_kinesismod/protocol/report.o
 .comment       0x0000000000000011       0x12 .build/obj_kinesis_nguyenvietyen_kinesismod/protocol/usb_device_state.o
 .comment       0x0000000000000011       0x12 .build/obj_kinesis_nguyenvietyen_kinesismod/platforms/suspend.o
 .comment       0x0000000000000011       0x12 .build/obj_kinesis_nguyenvietyen_kinesismod/platforms/avr/platform.o
 .comment       0x0000000000000011       0x12 .build/obj_kinesis_nguyenvietyen_kinesismod/platforms/avr/suspend.o
 .comment       0x0000000000000011       0x12 .build/obj_kinesis_nguyenvietyen_kinesismod/platforms/avr/timer.o
 .comment       0x0000000000000011       0x12 .build/obj_kinesis_nguyenvietyen_kinesismod/platforms/avr/bootloaders/caterina.o
 .comment       0x0000000000000011       0x12 .build/obj_kinesis_nguyenvietyen_kinesismod/lufa.o
 .comment       0x0000000000000011       0x12 .build/obj_kinesis_nguyenvietyen_kinesismod/usb_descriptor.o
 .comment       0x0000000000000011       0x12 .build/obj_kinesis_nguyenvietyen_kinesismod/lib/lufa/LUFA/Drivers/USB/Core/AVR8/Device_AVR8.o
 .comment       0x0000000000000011       0x12 .build/obj_kinesis_nguyenvietyen_kinesismod/lib/lufa/LUFA/Drivers/USB/Core/AVR8/EndpointStream_AVR8.o
 .comment       0x0000000000000011       0x12 .build/obj_kinesis_nguyenvietyen_kinesismod/lib/lufa/LUFA/Drivers/USB/Core/AVR8/Endpoint_AVR8.o
 .comment       0x0000000000000011       0x12 .build/obj_kinesis_nguyenvietyen_kinesismod/lib/lufa/LUFA/Drivers/USB/Core/AVR8/USBController_AVR8.o
 .comment       0x0000000000000011       0x12 .build/obj_kinesis_nguyenvietyen_kinesismod/lib/lufa/LUFA/Drivers/USB/Core/AVR8/USBInterrupt_AVR8.o
 .comment       0x0000000000000011       0x12 .build/obj_kinesis_nguyenvietyen_kinesismod/lib/lufa/LUFA/Drivers/USB/Core/DeviceStandardReq.o
 .comment       0x0000000000000011       0x12 .build/obj_kinesis_nguyenvietyen_kinesismod/lib/lufa/LUFA/Drivers/USB/Core/Events.o
 .comment       0x0000000000000011       0x12 .build/obj_kinesis_nguyenvietyen_kinesismod/lib/lufa/LUFA/Drivers/USB/Core/USBTask.o

.note.gnu.avr.deviceinfo
                0x0000000000000000       0x40
 .note.gnu.avr.deviceinfo
                0x0000000000000000       0x40 /usr/lib/gcc/avr/5.4.0/../../../avr/lib/avr5/crtatmega32u4.o

.note.gnu.build-id
 *(.note.gnu.build-id)

.debug
 *(.debug)

.line
 *(.line)

.debug_srcinfo
 *(.debug_srcinfo)

.debug_sfnames
 *(.debug_sfnames)

.debug_aranges  0x0000000000000000      0xef8
 *(.debug_aranges)
 .debug_aranges
                0x0000000000000000       0x28 .build/obj_kinesis_nguyenvietyen_kinesismod/matrix.o
 .debug_aranges
                0x0000000000000028       0x38 .build/obj_kinesis_nguyenvietyen_kinesismod/quantum/keymap_introspection.o
 .debug_aranges
                0x0000000000000060       0xf0 .build/obj_kinesis_nguyenvietyen_kinesismod/quantum/quantum.o
 .debug_aranges
                0x0000000000000150       0x70 .build/obj_kinesis_nguyenvietyen_kinesismod/quantum/led.o
 .debug_aranges
                0x00000000000001c0       0xe0 .build/obj_kinesis_nguyenvietyen_kinesismod/quantum/action.o
 .debug_aranges
                0x00000000000002a0      0x100 .build/obj_kinesis_nguyenvietyen_kinesismod/quantum/action_layer.o
 .debug_aranges
                0x00000000000003a0       0x48 .build/obj_kinesis_nguyenvietyen_kinesismod/quantum/action_tapping.o
 .debug_aranges
                0x00000000000003e8      0x160 .build/obj_kinesis_nguyenvietyen_kinesismod/quantum/action_util.o
 .debug_aranges
                0x0000000000000548       0xd8 .build/obj_kinesis_nguyenvietyen_kinesismod/quantum/eeconfig.o
 .debug_aranges
                0x0000000000000620       0xe0 .build/obj_kinesis_nguyenvietyen_kinesismod/quantum/keyboard.o
 .debug_aranges
                0x0000000000000700       0x30 .build/obj_kinesis_nguyenvietyen_kinesismod/quantum/keymap_common.o
 .debug_aranges
                0x0000000000000730       0x28 .build/obj_kinesis_nguyenvietyen_kinesismod/quantum/keycode_config.o
 .debug_aranges
                0x0000000000000758       0x18 .build/obj_kinesis_nguyenvietyen_kinesismod/quantum/logging/debug.o
 .debug_aranges
                0x0000000000000770       0x20 .build/obj_kinesis_nguyenvietyen_kinesismod/quantum/logging/sendchar.o
 .debug_aranges
                0x0000000000000790       0x28 .build/obj_kinesis_nguyenvietyen_kinesismod/quantum/bootmagic/magic.o
 .debug_aranges
                0x00000000000007b8       0x90 .build/obj_kinesis_nguyenvietyen_kinesismod/quantum/matrix_common.o
 .debug_aranges
                0x0000000000000848       0x30 .build/obj_kinesis_nguyenvietyen_kinesismod/quantum/debounce/sym_defer_g.o
 .debug_aranges
                0x0000000000000878       0x30 .build/obj_kinesis_nguyenvietyen_kinesismod/quantum/main.o
 .debug_aranges
                0x00000000000008a8       0x20 .build/obj_kinesis_nguyenvietyen_kinesismod/platforms/avr/printf.o
 .debug_aranges
                0x00000000000008c8       0x68 .build/obj_kinesis_nguyenvietyen_kinesismod/quantum/mousekey.o
 .debug_aranges
                0x0000000000000930       0x40 .build/obj_kinesis_nguyenvietyen_kinesismod/platforms/avr/sleep_led.o
 .debug_aranges
                0x0000000000000970       0x20 .build/obj_kinesis_nguyenvietyen_kinesismod/quantum/process_keycode/process_magic.o
 .debug_aranges
                0x0000000000000990       0x38 .build/obj_kinesis_nguyenvietyen_kinesismod/quantum/command.o
 .debug_aranges
                0x00000000000009c8       0x20 .build/obj_kinesis_nguyenvietyen_kinesismod/quantum/process_keycode/process_grave_esc.o
 .debug_aranges
                0x00000000000009e8       0x28 .build/obj_kinesis_nguyenvietyen_kinesismod/quantum/process_keycode/process_space_cadet.o
 .debug_aranges
                0x0000000000000a10       0x70 .build/obj_kinesis_nguyenvietyen_kinesismod/protocol/host.o
 .debug_aranges
                0x0000000000000a80       0x70 .build/obj_kinesis_nguyenvietyen_kinesismod/protocol/report.o
 .debug_aranges
                0x0000000000000af0       0x40 .build/obj_kinesis_nguyenvietyen_kinesismod/protocol/usb_device_state.o
 .debug_aranges
                0x0000000000000b30       0x38 .build/obj_kinesis_nguyenvietyen_kinesismod/platforms/suspend.o
 .debug_aranges
                0x0000000000000b68       0x20 .build/obj_kinesis_nguyenvietyen_kinesismod/platforms/avr/platform.o
 .debug_aranges
                0x0000000000000b88       0x28 .build/obj_kinesis_nguyenvietyen_kinesismod/platforms/avr/suspend.o
 .debug_aranges
                0x0000000000000bb0       0x50 .build/obj_kinesis_nguyenvietyen_kinesismod/platforms/avr/timer.o
 .debug_aranges
                0x0000000000000c00       0x28 .build/obj_kinesis_nguyenvietyen_kinesismod/platforms/avr/bootloaders/caterina.o
 .debug_aranges
                0x0000000000000c28       0xb0 .build/obj_kinesis_nguyenvietyen_kinesismod/lufa.o
 .debug_aranges
                0x0000000000000cd8       0x20 .build/obj_kinesis_nguyenvietyen_kinesismod/usb_descriptor.o
 .debug_aranges